# threads: requested=4 pool=4 budget=4
host        : shinaoka-EVO-X1Pro
target      : x86_64 / linux
cpu features: avx2 fma avx512f avx512dq 
caches      : L1=48KiB/12-way/2sh L2=1024KiB/16-way/2sh L3=8192KiB/16-way/16sh (via sysfs)
baselines   : tblis=true
tblis       : abi 2.x, 4 thread(s)

running 21 cases at fixed extents (--size is accepted and ignored: this corpus has no size knob), 5 reps, 1500 ms priming, engines=plan,packed,tblis


=== GFLOP/s, best of 5 calls after 1500 ms priming, whole program per call ===
                 case | dtype | steps |     macs | plan GF/s | packed GF/s | tblis GF/s 
----------------------+-------+-------+----------+-----------+-------------+------------
   ikb_knb_inb_n2_b16 |   f64 |     1 |      128 |       0.5 |         0.1 |        0.0 
   ikb_knb_inb_n4_b16 |   f64 |     1 |     1024 |       3.1 |         0.8 |        0.0 
   ikb_knb_inb_n8_b16 |   f64 |     1 |     8192 |      18.0 |         4.3 |        0.2 
  ikb_knb_inb_n16_b16 |   f64 |     1 |    65536 |      34.9 |        13.4 |        1.0 
   ikb_knb_inb_n2_b64 |   f64 |     1 |      512 |       0.8 |         0.2 |        0.0 
   ikb_knb_inb_n4_b64 |   f64 |     1 |     4096 |       4.0 |         1.0 |        0.1 
   ikb_knb_inb_n8_b64 |   f64 |     1 |    32768 |      20.5 |         4.7 |        0.4 
  ikb_knb_inb_n16_b64 |   f64 |     1 |   262144 |      36.6 |        13.8 |        1.0 
  ikb_knb_inb_n2_b256 |   f64 |     1 |     2048 |       0.8 |         0.2 |        0.0 
  ikb_knb_inb_n4_b256 |   f64 |     1 |    16384 |       4.3 |         1.1 |        0.1 
  ikb_knb_inb_n8_b256 |   f64 |     1 |   131072 |      22.1 |         4.8 |        1.0 
 ikb_knb_inb_n16_b256 |   f64 |     1 |  1048576 |     115.9 |        49.8 |        2.3 
    ijk_jkl_il_8x16x8 |   f64 |     1 |     8192 |      29.2 |         5.7 |        1.3 
     ij_jk_ik_c64_n32 |   c64 |     1 |    32768 |      47.9 |        33.1 |       18.9 
     ij_jk_ik_f64_n64 |   f64 |     1 |   262144 |      50.4 |        35.3 |       27.0 
      ij_jk_kl_il_n64 |   f64 |     2 |   524288 |      50.5 |        35.4 |       19.9 
   mps_chain_L32_chi4 |   c64 |    64 |     8192 |       3.0 |         1.4 |        0.1 
   mps_chain_L32_chi8 |   c64 |    64 |    65536 |      13.3 |         7.3 |        0.8 
  mps_chain_L32_chi16 |   c64 |    64 |   524288 |      40.3 |        23.3 |        5.6 
  mps_chain_L32_chi32 |   c64 |    64 |  4194304 |      48.0 |        35.3 |       29.0 
  mps_chain_L32_chi64 |   c64 |    64 | 33554432 |     107.0 |       110.6 |       74.4 

=== notes ===
      ikb_knb_inb_n2_b16  f64 plan         0.0005 ms  faer rel_err=8.58e-17
      ikb_knb_inb_n2_b16  f64 packed       0.0019 ms  avx512.f64.real.24x8 24x8 AB 264x256x1536 grid=static:0x0 align=false rel_err=8.58e-17
      ikb_knb_inb_n2_b16  f64 tblis        0.0191 ms  rel_err=8.58e-17
      ikb_knb_inb_n4_b16  f64 plan         0.0007 ms  faer rel_err=2.51e-16
      ikb_knb_inb_n4_b16  f64 packed       0.0025 ms  avx512.f64.real.24x8 24x8 AB 264x256x1536 grid=static:0x0 align=false rel_err=2.51e-16
      ikb_knb_inb_n4_b16  f64 tblis        0.0424 ms  rel_err=2.51e-16
      ikb_knb_inb_n8_b16  f64 plan         0.0009 ms  faer rel_err=1.91e-16
      ikb_knb_inb_n8_b16  f64 packed       0.0038 ms  avx512.f64.real.24x8 24x8 AB 264x256x1536 grid=static:0x0 align=false rel_err=1.91e-16
      ikb_knb_inb_n8_b16  f64 tblis        0.0974 ms  rel_err=1.91e-16
     ikb_knb_inb_n16_b16  f64 plan         0.0038 ms  faer rel_err=1.89e-16
     ikb_knb_inb_n16_b16  f64 packed       0.0098 ms  avx512.f64.real.24x8 24x8 AB 264x256x1536 grid=static:0x0 align=false rel_err=1.89e-16
     ikb_knb_inb_n16_b16  f64 tblis        0.1330 ms  rel_err=1.89e-16
      ikb_knb_inb_n2_b64  f64 plan         0.0013 ms  faer rel_err=1.82e-16
      ikb_knb_inb_n2_b64  f64 packed       0.0060 ms  avx512.f64.real.24x8 24x8 AB 264x256x1536 grid=static:0x0 align=false rel_err=1.82e-16
      ikb_knb_inb_n2_b64  f64 tblis        0.0612 ms  rel_err=1.82e-16
      ikb_knb_inb_n4_b64  f64 plan         0.0020 ms  faer rel_err=2.26e-16
      ikb_knb_inb_n4_b64  f64 packed       0.0085 ms  avx512.f64.real.24x8 24x8 AB 264x256x1536 grid=static:0x0 align=false rel_err=2.26e-16
      ikb_knb_inb_n4_b64  f64 tblis        0.0641 ms  rel_err=2.26e-16
      ikb_knb_inb_n8_b64  f64 plan         0.0032 ms  faer rel_err=2.69e-16
      ikb_knb_inb_n8_b64  f64 packed       0.0139 ms  avx512.f64.real.24x8 24x8 AB 264x256x1536 grid=static:0x0 align=false rel_err=2.69e-16
      ikb_knb_inb_n8_b64  f64 tblis        0.1667 ms  rel_err=2.69e-16
     ikb_knb_inb_n16_b64  f64 plan         0.0143 ms  faer rel_err=3.43e-16
     ikb_knb_inb_n16_b64  f64 packed       0.0379 ms  avx512.f64.real.24x8 24x8 AB 264x256x1536 grid=static:0x0 align=false rel_err=3.43e-16
     ikb_knb_inb_n16_b64  f64 tblis        0.5092 ms  rel_err=3.43e-16
     ikb_knb_inb_n2_b256  f64 plan         0.0048 ms  faer rel_err=1.51e-16
     ikb_knb_inb_n2_b256  f64 packed       0.0231 ms  avx512.f64.real.24x8 24x8 AB 264x256x1536 grid=static:0x0 align=false rel_err=1.51e-16
     ikb_knb_inb_n2_b256  f64 tblis        0.2335 ms  rel_err=1.51e-16
     ikb_knb_inb_n4_b256  f64 plan         0.0076 ms  faer rel_err=1.73e-16
     ikb_knb_inb_n4_b256  f64 packed       0.0312 ms  avx512.f64.real.24x8 24x8 AB 264x256x1536 grid=static:0x0 align=false rel_err=1.73e-16
     ikb_knb_inb_n4_b256  f64 tblis        0.2378 ms  rel_err=1.73e-16
     ikb_knb_inb_n8_b256  f64 plan         0.0119 ms  faer rel_err=2.14e-16
     ikb_knb_inb_n8_b256  f64 packed       0.0548 ms  avx512.f64.real.24x8 24x8 AB 264x256x1536 grid=static:0x0 align=false rel_err=2.14e-16
     ikb_knb_inb_n8_b256  f64 tblis        0.2551 ms  rel_err=2.14e-16
    ikb_knb_inb_n16_b256  f64 plan         0.0181 ms  faer rel_err=2.38e-16
    ikb_knb_inb_n16_b256  f64 packed       0.0421 ms  avx512.f64.real.24x8 24x8 AB 264x256x1536 grid=static:0x0 align=false rel_err=2.38e-16
    ikb_knb_inb_n16_b256  f64 tblis        0.9243 ms  rel_err=2.38e-16
       ijk_jkl_il_8x16x8  f64 plan         0.0006 ms  faer rel_err=4.06e-16
       ijk_jkl_il_8x16x8  f64 packed       0.0029 ms  avx512.f64.real.24x8 24x8 AB 264x256x1536 grid=static:0x0 align=false rel_err=4.06e-16
       ijk_jkl_il_8x16x8  f64 tblis        0.0125 ms  rel_err=4.06e-16
        ij_jk_ik_c64_n32  c64 plan         0.0055 ms  faer rel_err=5.44e-16
        ij_jk_ik_c64_n32  c64 packed       0.0079 ms  avx512.c64.planar.16x6 16x6 AB 128x256x768 grid=static:0x0 align=false rel_err=5.44e-16
        ij_jk_ik_c64_n32  c64 tblis        0.0138 ms  rel_err=5.45e-16
        ij_jk_ik_f64_n64  f64 plan         0.0104 ms  faer rel_err=2.36e-16
        ij_jk_ik_f64_n64  f64 packed       0.0148 ms  avx512.f64.real.24x8 24x8 AB 264x256x1536 grid=static:0x0 align=false rel_err=2.36e-16
        ij_jk_ik_f64_n64  f64 tblis        0.0194 ms  rel_err=2.36e-16
         ij_jk_kl_il_n64  f64 plan         0.0208 ms  faer rel_err=5.71e-16 steps=2 m/n/k=final-step per-step MxNxK=64x64x64x2
         ij_jk_kl_il_n64  f64 packed       0.0296 ms  avx512.f64.real.24x8 24x8 AB 264x256x1536 grid=static:0x0 align=false rel_err=5.71e-16 steps=2 m/n/k=final-step per-step MxNxK=64x64x64x2
         ij_jk_kl_il_n64  f64 tblis        0.0526 ms  rel_err=5.71e-16 steps=2 m/n/k=final-step per-step MxNxK=64x64x64x2
      mps_chain_L32_chi4  c64 plan         0.0219 ms  faer rel_err=2.16e-15 steps=64 m/n/k=final-step per-step MxNxK=4x8x4x32;4x4x8x32
      mps_chain_L32_chi4  c64 packed       0.0458 ms  avx512.c64.planar.16x6 16x6 AB 128x256x768 grid=static:0x0 align=false rel_err=1.63e-15 steps=64 m/n/k=final-step per-step MxNxK=4x8x4x32;4x4x8x32
      mps_chain_L32_chi4  c64 tblis        0.5905 ms  rel_err=1.53e-15 steps=64 m/n/k=final-step per-step MxNxK=4x8x4x32;4x4x8x32
      mps_chain_L32_chi8  c64 plan         0.0393 ms  faer rel_err=1.19e-15 steps=64 m/n/k=final-step per-step MxNxK=8x16x8x32;8x8x16x32
      mps_chain_L32_chi8  c64 packed       0.0714 ms  avx512.c64.planar.16x6 16x6 BA 128x256x768 grid=static:0x0 align=false | avx512.c64.planar.16x6 16x6 AB 128x256x768 grid=static:0x0 align=false rel_err=1.37e-15 steps=64 m/n/k=final-step per-step MxNxK=8x16x8x32;8x8x16x32
      mps_chain_L32_chi8  c64 tblis        0.6922 ms  rel_err=1.40e-15 steps=64 m/n/k=final-step per-step MxNxK=8x16x8x32;8x8x16x32
     mps_chain_L32_chi16  c64 plan         0.1041 ms  faer rel_err=2.63e-15 steps=64 m/n/k=final-step per-step MxNxK=16x32x16x32;16x16x32x32
     mps_chain_L32_chi16  c64 packed       0.1797 ms  avx512.c64.planar.16x6 16x6 AB 128x256x768 grid=static:0x0 align=false rel_err=2.66e-15 steps=64 m/n/k=final-step per-step MxNxK=16x32x16x32;16x16x32x32
     mps_chain_L32_chi16  c64 tblis        0.7501 ms  rel_err=1.70e-15 steps=64 m/n/k=final-step per-step MxNxK=16x32x16x32;16x16x32x32
     mps_chain_L32_chi32  c64 plan         0.6986 ms  faer rel_err=3.21e-15 steps=64 m/n/k=final-step per-step MxNxK=32x64x32x32;32x32x64x32
     mps_chain_L32_chi32  c64 packed       0.9507 ms  avx512.c64.planar.16x6 16x6 AB 128x256x768 grid=static:0x0 align=false rel_err=3.28e-15 steps=64 m/n/k=final-step per-step MxNxK=32x64x32x32;32x32x64x32
     mps_chain_L32_chi32  c64 tblis        1.1562 ms  rel_err=3.55e-15 steps=64 m/n/k=final-step per-step MxNxK=32x64x32x32;32x32x64x32
     mps_chain_L32_chi64  c64 plan         2.5090 ms  avx512.c64.planar.16x6 16x6 AB 128x256x768 grid=static:0x0 align=false rel_err=4.41e-15 steps=64 m/n/k=final-step per-step MxNxK=64x128x64x32;64x64x128x32
     mps_chain_L32_chi64  c64 packed       2.4274 ms  avx512.c64.planar.16x6 16x6 AB 128x256x768 grid=static:0x0 align=false rel_err=4.41e-15 steps=64 m/n/k=final-step per-step MxNxK=64x128x64x32;64x64x128x32
     mps_chain_L32_chi64  c64 tblis        3.6062 ms  rel_err=4.10e-15 steps=64 m/n/k=final-step per-step MxNxK=64x128x64x32;64x64x128x32

wrote /home/shinaoka/projects/tensor4all/tprims-benchmark/data/results/zen5-cpu/per-shape/20261009T224134Z/run0-fixed-4t.csv
