# threads: requested=1 pool=1 budget=1
host        : shinaoka-EVO-X1Pro
target      : x86_64 / linux
cpu features: avx2 fma avx512f avx512dq 
caches      : L1=48KiB/12-way/2sh L2=1024KiB/16-way/2sh L3=8192KiB/16-way/16sh (via sysfs)
baselines   : tblis=true
tblis       : abi 2.x, 1 thread(s)

running 21 cases at fixed extents (--size is accepted and ignored: this corpus has no size knob), 5 reps, 1500 ms priming, engines=plan,packed,tblis


=== GFLOP/s, best of 5 calls after 1500 ms priming, whole program per call ===
                 case | dtype | steps |     macs | plan GF/s | packed GF/s | tblis GF/s 
----------------------+-------+-------+----------+-----------+-------------+------------
   ikb_knb_inb_n2_b16 |   f64 |     1 |      128 |       0.5 |         0.1 |        0.0 
   ikb_knb_inb_n4_b16 |   f64 |     1 |     1024 |       3.2 |         0.8 |        0.0 
   ikb_knb_inb_n8_b16 |   f64 |     1 |     8192 |      18.0 |         4.3 |        0.3 
  ikb_knb_inb_n16_b16 |   f64 |     1 |    65536 |      35.0 |        12.9 |        1.8 
   ikb_knb_inb_n2_b64 |   f64 |     1 |      512 |       0.8 |         0.2 |        0.0 
   ikb_knb_inb_n4_b64 |   f64 |     1 |     4096 |       4.2 |         1.0 |        0.0 
   ikb_knb_inb_n8_b64 |   f64 |     1 |    32768 |      22.0 |         4.8 |        0.3 
  ikb_knb_inb_n16_b64 |   f64 |     1 |   262144 |      37.0 |        13.6 |        1.8 
  ikb_knb_inb_n2_b256 |   f64 |     1 |     2048 |       0.9 |         0.2 |        0.0 
  ikb_knb_inb_n4_b256 |   f64 |     1 |    16384 |       4.5 |         1.0 |        0.0 
  ikb_knb_inb_n8_b256 |   f64 |     1 |   131072 |      23.3 |         4.8 |        0.3 
 ikb_knb_inb_n16_b256 |   f64 |     1 |  1048576 |      35.3 |        13.5 |        1.8 
    ijk_jkl_il_8x16x8 |   f64 |     1 |     8192 |      29.2 |         5.5 |        1.7 
     ij_jk_ik_c64_n32 |   c64 |     1 |    32768 |      47.8 |        32.9 |       17.8 
     ij_jk_ik_f64_n64 |   f64 |     1 |   262144 |      50.3 |        34.6 |       18.2 
      ij_jk_kl_il_n64 |   f64 |     2 |   524288 |      50.3 |        34.7 |       18.2 
   mps_chain_L32_chi4 |   c64 |    64 |     8192 |       2.9 |         1.5 |        0.2 
   mps_chain_L32_chi8 |   c64 |    64 |    65536 |      13.2 |         7.4 |        1.5 
  mps_chain_L32_chi16 |   c64 |    64 |   524288 |      40.4 |        23.1 |        7.8 
  mps_chain_L32_chi32 |   c64 |    64 |  4194304 |      48.0 |        35.2 |       21.8 
  mps_chain_L32_chi64 |   c64 |    64 | 33554432 |      38.9 |        39.2 |       30.2 

=== notes ===
      ikb_knb_inb_n2_b16  f64 plan         0.0005 ms  faer rel_err=8.58e-17
      ikb_knb_inb_n2_b16  f64 packed       0.0018 ms  avx512.f64.real.24x8 24x8 AB 264x256x1536 grid=static:0x0 align=false rel_err=8.58e-17
      ikb_knb_inb_n2_b16  f64 tblis        0.0532 ms  rel_err=8.58e-17
      ikb_knb_inb_n4_b16  f64 plan         0.0006 ms  faer rel_err=2.51e-16
      ikb_knb_inb_n4_b16  f64 packed       0.0024 ms  avx512.f64.real.24x8 24x8 AB 264x256x1536 grid=static:0x0 align=false rel_err=2.51e-16
      ikb_knb_inb_n4_b16  f64 tblis        0.0545 ms  rel_err=2.51e-16
      ikb_knb_inb_n8_b16  f64 plan         0.0009 ms  faer rel_err=1.91e-16
      ikb_knb_inb_n8_b16  f64 packed       0.0038 ms  avx512.f64.real.24x8 24x8 AB 264x256x1536 grid=static:0x0 align=false rel_err=1.91e-16
      ikb_knb_inb_n8_b16  f64 tblis        0.0584 ms  rel_err=1.91e-16
     ikb_knb_inb_n16_b16  f64 plan         0.0037 ms  faer rel_err=1.89e-16
     ikb_knb_inb_n16_b16  f64 packed       0.0101 ms  avx512.f64.real.24x8 24x8 AB 264x256x1536 grid=static:0x0 align=false rel_err=1.89e-16
     ikb_knb_inb_n16_b16  f64 tblis        0.0727 ms  rel_err=1.89e-16
      ikb_knb_inb_n2_b64  f64 plan         0.0013 ms  faer rel_err=1.82e-16
      ikb_knb_inb_n2_b64  f64 packed       0.0060 ms  avx512.f64.real.24x8 24x8 AB 264x256x1536 grid=static:0x0 align=false rel_err=1.82e-16
      ikb_knb_inb_n2_b64  f64 tblis        0.2076 ms  rel_err=1.82e-16
      ikb_knb_inb_n4_b64  f64 plan         0.0020 ms  faer rel_err=2.26e-16
      ikb_knb_inb_n4_b64  f64 packed       0.0084 ms  avx512.f64.real.24x8 24x8 AB 264x256x1536 grid=static:0x0 align=false rel_err=2.26e-16
      ikb_knb_inb_n4_b64  f64 tblis        0.2147 ms  rel_err=2.26e-16
      ikb_knb_inb_n8_b64  f64 plan         0.0030 ms  faer rel_err=2.69e-16
      ikb_knb_inb_n8_b64  f64 packed       0.0138 ms  avx512.f64.real.24x8 24x8 AB 264x256x1536 grid=static:0x0 align=false rel_err=2.69e-16
      ikb_knb_inb_n8_b64  f64 tblis        0.2283 ms  rel_err=2.69e-16
     ikb_knb_inb_n16_b64  f64 plan         0.0142 ms  faer rel_err=3.43e-16
     ikb_knb_inb_n16_b64  f64 packed       0.0385 ms  avx512.f64.real.24x8 24x8 AB 264x256x1536 grid=static:0x0 align=false rel_err=3.43e-16
     ikb_knb_inb_n16_b64  f64 tblis        0.2845 ms  rel_err=3.43e-16
     ikb_knb_inb_n2_b256  f64 plan         0.0048 ms  faer rel_err=1.51e-16
     ikb_knb_inb_n2_b256  f64 packed       0.0226 ms  avx512.f64.real.24x8 24x8 AB 264x256x1536 grid=static:0x0 align=false rel_err=1.51e-16
     ikb_knb_inb_n2_b256  f64 tblis        0.8245 ms  rel_err=1.51e-16
     ikb_knb_inb_n4_b256  f64 plan         0.0073 ms  faer rel_err=1.73e-16
     ikb_knb_inb_n4_b256  f64 packed       0.0313 ms  avx512.f64.real.24x8 24x8 AB 264x256x1536 grid=static:0x0 align=false rel_err=1.73e-16
     ikb_knb_inb_n4_b256  f64 tblis        0.8442 ms  rel_err=1.73e-16
     ikb_knb_inb_n8_b256  f64 plan         0.0112 ms  faer rel_err=2.14e-16
     ikb_knb_inb_n8_b256  f64 packed       0.0544 ms  avx512.f64.real.24x8 24x8 AB 264x256x1536 grid=static:0x0 align=false rel_err=2.14e-16
     ikb_knb_inb_n8_b256  f64 tblis        0.9147 ms  rel_err=2.14e-16
    ikb_knb_inb_n16_b256  f64 plan         0.0594 ms  faer rel_err=2.38e-16
    ikb_knb_inb_n16_b256  f64 packed       0.1557 ms  avx512.f64.real.24x8 24x8 AB 264x256x1536 grid=static:0x0 align=false rel_err=2.38e-16
    ikb_knb_inb_n16_b256  f64 tblis        1.1413 ms  rel_err=2.38e-16
       ijk_jkl_il_8x16x8  f64 plan         0.0006 ms  faer rel_err=4.06e-16
       ijk_jkl_il_8x16x8  f64 packed       0.0030 ms  avx512.f64.real.24x8 24x8 AB 264x256x1536 grid=static:0x0 align=false rel_err=4.06e-16
       ijk_jkl_il_8x16x8  f64 tblis        0.0096 ms  rel_err=4.06e-16
        ij_jk_ik_c64_n32  c64 plan         0.0055 ms  faer rel_err=5.44e-16
        ij_jk_ik_c64_n32  c64 packed       0.0080 ms  avx512.c64.planar.16x6 16x6 AB 128x256x768 grid=static:0x0 align=false rel_err=5.44e-16
        ij_jk_ik_c64_n32  c64 tblis        0.0147 ms  rel_err=5.45e-16
        ij_jk_ik_f64_n64  f64 plan         0.0104 ms  faer rel_err=2.36e-16
        ij_jk_ik_f64_n64  f64 packed       0.0151 ms  avx512.f64.real.24x8 24x8 AB 264x256x1536 grid=static:0x0 align=false rel_err=2.36e-16
        ij_jk_ik_f64_n64  f64 tblis        0.0289 ms  rel_err=2.36e-16
         ij_jk_kl_il_n64  f64 plan         0.0208 ms  faer rel_err=5.71e-16 steps=2 m/n/k=final-step per-step MxNxK=64x64x64x2
         ij_jk_kl_il_n64  f64 packed       0.0302 ms  avx512.f64.real.24x8 24x8 AB 264x256x1536 grid=static:0x0 align=false rel_err=5.71e-16 steps=2 m/n/k=final-step per-step MxNxK=64x64x64x2
         ij_jk_kl_il_n64  f64 tblis        0.0577 ms  rel_err=5.71e-16 steps=2 m/n/k=final-step per-step MxNxK=64x64x64x2
      mps_chain_L32_chi4  c64 plan         0.0224 ms  faer rel_err=2.16e-15 steps=64 m/n/k=final-step per-step MxNxK=4x8x4x32;4x4x8x32
      mps_chain_L32_chi4  c64 packed       0.0451 ms  avx512.c64.planar.16x6 16x6 AB 128x256x768 grid=static:0x0 align=false rel_err=1.63e-15 steps=64 m/n/k=final-step per-step MxNxK=4x8x4x32;4x4x8x32
      mps_chain_L32_chi4  c64 tblis        0.3108 ms  rel_err=1.53e-15 steps=64 m/n/k=final-step per-step MxNxK=4x8x4x32;4x4x8x32
      mps_chain_L32_chi8  c64 plan         0.0396 ms  faer rel_err=1.19e-15 steps=64 m/n/k=final-step per-step MxNxK=8x16x8x32;8x8x16x32
      mps_chain_L32_chi8  c64 packed       0.0712 ms  avx512.c64.planar.16x6 16x6 BA 128x256x768 grid=static:0x0 align=false | avx512.c64.planar.16x6 16x6 AB 128x256x768 grid=static:0x0 align=false rel_err=1.37e-15 steps=64 m/n/k=final-step per-step MxNxK=8x16x8x32;8x8x16x32
      mps_chain_L32_chi8  c64 tblis        0.3549 ms  rel_err=1.40e-15 steps=64 m/n/k=final-step per-step MxNxK=8x16x8x32;8x8x16x32
     mps_chain_L32_chi16  c64 plan         0.1039 ms  faer rel_err=2.63e-15 steps=64 m/n/k=final-step per-step MxNxK=16x32x16x32;16x16x32x32
     mps_chain_L32_chi16  c64 packed       0.1815 ms  avx512.c64.planar.16x6 16x6 AB 128x256x768 grid=static:0x0 align=false rel_err=2.66e-15 steps=64 m/n/k=final-step per-step MxNxK=16x32x16x32;16x16x32x32
     mps_chain_L32_chi16  c64 tblis        0.5394 ms  rel_err=1.70e-15 steps=64 m/n/k=final-step per-step MxNxK=16x32x16x32;16x16x32x32
     mps_chain_L32_chi32  c64 plan         0.6994 ms  faer rel_err=3.21e-15 steps=64 m/n/k=final-step per-step MxNxK=32x64x32x32;32x32x64x32
     mps_chain_L32_chi32  c64 packed       0.9539 ms  avx512.c64.planar.16x6 16x6 AB 128x256x768 grid=static:0x0 align=false rel_err=3.28e-15 steps=64 m/n/k=final-step per-step MxNxK=32x64x32x32;32x32x64x32
     mps_chain_L32_chi32  c64 tblis        1.5396 ms  rel_err=3.55e-15 steps=64 m/n/k=final-step per-step MxNxK=32x64x32x32;32x32x64x32
     mps_chain_L32_chi64  c64 plan         6.8985 ms  avx512.c64.planar.16x6 16x6 AB 128x256x768 grid=static:0x0 align=false rel_err=4.41e-15 steps=64 m/n/k=final-step per-step MxNxK=64x128x64x32;64x64x128x32
     mps_chain_L32_chi64  c64 packed       6.8498 ms  avx512.c64.planar.16x6 16x6 AB 128x256x768 grid=static:0x0 align=false rel_err=4.41e-15 steps=64 m/n/k=final-step per-step MxNxK=64x128x64x32;64x64x128x32
     mps_chain_L32_chi64  c64 tblis        8.8854 ms  rel_err=4.10e-15 steps=64 m/n/k=final-step per-step MxNxK=64x128x64x32;64x64x128x32

wrote /home/shinaoka/projects/tensor4all/tprims-benchmark/data/results/zen5-cpu/per-shape/20261009T224134Z/run0-fixed-1t.csv
