# threads: requested=1 pool=1 budget=1
host        : shinaoka-EVO-X1Pro
target      : x86_64 / linux
cpu features: avx2 fma avx512f avx512dq 
caches      : L1=48KiB/12-way/2sh L2=1024KiB/16-way/2sh L3=8192KiB/16-way/16sh (via sysfs), blocking=legacy
l3 domains  : t1=1
baselines   : tblis=true blas=false
tblis       : abi 2.x, 1 thread(s)

running 49 cases at 16 MiB nominal tensor size, 5 reps, 1500 ms priming, stress=none


=== f64 ===
             case |      m |     n |     k | regA | regB | plan GF/s | packed GF/s | tblis GF/s 
------------------+--------+-------+-------+------+------+-----------+-------------+------------
         ij-ik-kj |   1464 |  1448 |  1464 | 0.00 | 0.00 |      49.9 |        47.9 |       46.2 
       ij-ikl-ljk |    144 |   128 | 18432 | 1.00 | 1.00 |      38.4 |        38.5 |       26.4 
       ij-kil-lkj |    144 |   128 | 20736 | 1.00 | 1.00 |      35.3 |        35.4 |       24.7 
       ijk-ikl-lj |  18432 |   128 |   144 | 1.00 | 1.00 |      43.1 |        43.1 |       29.9 
       ijk-il-jlk |    144 | 18432 |   128 | 1.00 | 1.00 |      40.0 |        40.7 |       35.9 
       ijk-ilk-jl |  18432 |   144 |   128 | 1.00 | 1.00 |      45.0 |        44.9 |       35.0 
       ijk-ilk-lj |  18432 |   128 |   144 | 1.00 | 1.00 |      44.2 |        44.3 |       33.2 
     ijk-ilmk-mjl |   1920 |    40 |  1920 | 1.00 | 1.00 |      38.8 |        39.1 |       21.5 
   ijkl-imjn-lnkm |   1920 |  1920 |  1600 | 1.00 | 1.00 |      46.8 |        46.8 |       45.6 
   ijkl-imjn-nlmk |   1920 |  1600 |  1920 | 1.00 | 1.00 |      46.2 |        46.2 |       45.7 
   ijkl-imkn-jnlm |   1920 |  1920 |  1600 | 1.00 | 1.00 |      46.8 |        46.8 |       46.0 
   ijkl-imkn-njml |   1920 |  1600 |  1920 | 1.00 | 1.00 |      47.0 |        47.1 |       45.1 
   ijkl-imln-jnkm |   1920 |  1920 |  1600 | 1.00 | 1.00 |      46.5 |        46.6 |       45.9 
   ijkl-imln-njmk |   1920 |  1600 |  1920 | 1.00 | 1.00 |      47.6 |        47.8 |       45.0 
   ijkl-imnj-nlkm |   1920 |  1600 |  1920 | 1.00 | 1.00 |      46.6 |        46.6 |       46.0 
   ijkl-imnk-njml |   1920 |  1600 |  1920 | 1.00 | 1.00 |      47.4 |        47.4 |       46.1 
   ijkl-minj-nlmk |   1920 |  1600 |  2304 | 1.00 | 1.00 |      46.0 |        46.0 |       46.0 
   ijkl-mink-jnlm |   1920 |  1920 |  1920 | 1.00 | 1.00 |      46.6 |        46.6 |       45.7 
   ijkl-minl-njmk |   1920 |  1600 |  2304 | 1.00 | 1.00 |      46.8 |        46.8 |       45.8 
     aqrs-pa-pqrs |     48 | 64000 |    48 | 0.00 | 0.00 |      38.2 |        31.6 |       19.2 
     abrs-qb-aqrs |     40 | 76800 |    48 | 1.00 | 1.00 |      33.8 |        33.8 |       18.4 
     abcs-rc-abrs |     40 | 76800 |    48 | 1.00 | 1.00 |      31.8 |        31.7 |       19.3 
       abj-bka-kj |  20736 |   128 |   144 | 1.00 | 1.00 |      38.4 |        38.4 |       26.5 
       ajb-kba-jk |  18432 |   144 |   144 | 1.00 | 1.00 |      42.5 |        42.4 |       37.9 
     abjc-cbka-kj |  92160 |    40 |    48 | 1.00 | 1.00 |      13.6 |        13.6 |       13.2 
     ajbc-ckba-jk |  92160 |    48 |    40 | 1.00 | 1.00 |      16.7 |        16.6 |       19.6 
     abjc-kbac-jk |  76800 |    48 |    48 | 1.00 | 1.00 |      28.1 |        28.4 |       17.6 
   abjcd-dkbac-jk | 230400 |    24 |    20 | 1.00 | 1.00 |      12.4 |        12.6 |       10.1 
   adbjc-cbdka-kj | 230400 |    20 |    24 | 1.00 | 1.00 |       7.6 |         7.5 |        5.7 
   ajbdc-ckbad-jk | 230400 |    24 |    20 | 1.00 | 1.00 |      12.5 |        12.6 |       10.6 
 abcijk-ijma-mkbc |   6912 |  1728 |    24 | 1.00 | 1.00 |      41.8 |        41.8 |       32.5 
 abcijk-ijmb-mkac |   3456 |  3456 |    24 | 1.00 | 0.67 |      41.2 |        40.9 |       23.9 
 abcijk-ijmc-mkab |   3456 |  3456 |    24 | 1.00 | 0.67 |      39.4 |        39.4 |       30.9 
 abcijk-ikma-mjbc |   6912 |  1728 |    24 | 1.00 | 1.00 |      41.7 |        41.6 |       32.4 
 abcijk-ikmb-mjac |   3456 |  3456 |    24 | 1.00 | 0.67 |      41.3 |        41.3 |       29.2 
 abcijk-ikmc-mjab |   3456 |  3456 |    24 | 1.00 | 0.67 |      39.3 |        39.4 |       25.3 
 abcijk-jkma-mibc |   6912 |  1728 |    24 | 1.00 | 1.00 |      42.2 |        42.2 |       32.5 
 abcijk-jkmb-miac |   3456 |  3456 |    24 | 1.00 | 0.67 |      41.0 |        41.2 |       16.8 
 abcijk-jkmc-miab |   3456 |  3456 |    24 | 1.00 | 0.67 |      38.9 |        38.8 |       22.7 
 abcijk-eiab-jkec |   3456 |  3456 |    24 | 1.00 | 0.67 |      38.8 |        38.8 |       22.6 
 abcijk-eiac-jkeb |   3456 |  3456 |    24 | 1.00 | 0.67 |      41.0 |        41.3 |       16.9 
 abcijk-eibc-jkea |   1728 |  6912 |    24 | 1.00 | 1.00 |      42.3 |        42.3 |       32.3 
 abcijk-ejab-ikec |   3456 |  3456 |    24 | 1.00 | 0.67 |      39.4 |        39.4 |       25.1 
 abcijk-ejac-ikeb |   3456 |  3456 |    24 | 1.00 | 0.67 |      41.5 |        41.7 |       28.6 
 abcijk-ejbc-ikea |   1728 |  6912 |    24 | 1.00 | 1.00 |      41.7 |        41.8 |       32.3 
 abcijk-ekab-ijec |   3456 |  3456 |    24 | 1.00 | 0.67 |      39.4 |        39.4 |       30.9 
 abcijk-ekac-ijeb |   3456 |  3456 |    24 | 1.00 | 0.67 |      41.8 |        41.8 |       23.9 
 abcijk-ekbc-ijea |   1728 |  6912 |    24 | 1.00 | 1.00 |      41.9 |        41.9 |       32.7 
       abc-bk-akc |    144 | 18432 |   128 | 1.00 | 1.00 |      46.0 |        46.0 |       36.4 

=== c64 ===
             case |      m |     n |     k | regA | regB | plan GF/s | packed GF/s | tblis GF/s 
------------------+--------+-------+-------+------+------+-----------+-------------+------------
         ij-ik-kj |   1464 |  1448 |  1464 | 1.00 | 1.00 |      49.1 |        49.1 |       46.6 
       ij-ikl-ljk |    144 |   128 | 18432 | 1.00 | 1.00 |      41.9 |        42.0 |       33.1 
       ij-kil-lkj |    144 |   128 | 20736 | 1.00 | 1.00 |      40.2 |        40.1 |       30.6 
       ijk-ikl-lj |  18432 |   128 |   144 | 1.00 | 1.00 |      45.6 |        45.6 |       36.2 
       ijk-il-jlk |    144 | 18432 |   128 | 1.00 | 1.00 |      46.8 |        46.8 |       42.5 
       ijk-ilk-jl |  18432 |   144 |   128 | 1.00 | 1.00 |      47.3 |        47.3 |       39.1 
       ijk-ilk-lj |  18432 |   128 |   144 | 1.00 | 1.00 |      46.0 |        46.0 |       38.2 
     ijk-ilmk-mjl |   1920 |    40 |  1920 | 1.00 | 1.00 |      38.5 |        38.5 |       28.2 
   ijkl-imjn-lnkm |   1920 |  1920 |  1600 | 1.00 | 0.90 |      48.5 |        48.5 |       44.7 
   ijkl-imjn-nlmk |   1920 |  1600 |  1920 | 1.00 | 0.90 |      48.3 |        48.3 |       44.6 
   ijkl-imkn-jnlm |   1920 |  1920 |  1600 | 1.00 | 1.00 |      48.3 |        48.3 |       45.3 
   ijkl-imkn-njml |   1920 |  1600 |  1920 | 1.00 | 0.90 |      47.9 |        47.9 |       44.8 
   ijkl-imln-jnkm |   1920 |  1920 |  1600 | 1.00 | 1.00 |      48.4 |        48.4 |       44.8 
   ijkl-imln-njmk |   1920 |  1600 |  1920 | 1.00 | 0.90 |      48.1 |        48.1 |       44.9 
   ijkl-imnj-nlkm |   1920 |  1600 |  1920 | 1.00 | 0.90 |      48.4 |        48.5 |       45.1 
   ijkl-imnk-njml |   1920 |  1600 |  1920 | 1.00 | 0.90 |      48.0 |        48.0 |       45.0 
   ijkl-minj-nlmk |   1920 |  1600 |  2304 | 1.00 | 0.90 |      48.0 |        48.0 |       45.0 
   ijkl-mink-jnlm |   1920 |  1920 |  1920 | 1.00 | 1.00 |      48.1 |        48.1 |       45.1 
   ijkl-minl-njmk |   1920 |  1600 |  2304 | 1.00 | 0.90 |      47.8 |        47.8 |       45.7 
     aqrs-pa-pqrs |     48 | 64000 |    48 | 1.00 | 1.00 |      37.8 |        37.8 |       28.6 
     abrs-qb-aqrs |     40 | 76800 |    48 | 1.00 | 1.00 |      35.6 |        36.6 |       29.2 
     abcs-rc-abrs |     40 | 76800 |    48 | 1.00 | 1.00 |      36.9 |        36.9 |       29.3 
       abj-bka-kj |  20736 |   128 |   144 | 1.00 | 1.00 |      42.1 |        42.1 |       31.2 
       ajb-kba-jk |  18432 |   144 |   144 | 1.00 | 1.00 |      47.7 |        47.6 |       41.1 
     abjc-cbka-kj |  92160 |    40 |    48 | 1.00 | 1.00 |      24.9 |        25.0 |       22.8 
     ajbc-ckba-jk |  92160 |    48 |    40 | 1.00 | 1.00 |      29.2 |        29.2 |       33.3 
     abjc-kbac-jk |  76800 |    48 |    48 | 1.00 | 1.00 |      35.9 |        35.7 |       26.8 
   abjcd-dkbac-jk | 230400 |    24 |    20 | 0.67 | 1.00 |      20.6 |        20.6 |       19.7 
   adbjc-cbdka-kj | 230400 |    20 |    24 | 0.67 | 1.00 |      15.8 |        15.9 |       18.3 
   ajbdc-ckbad-jk | 230400 |    24 |    20 | 1.00 | 1.00 |      20.7 |        20.7 |       19.7 
 abcijk-ijma-mkbc |   6912 |  1728 |    24 | 1.00 | 1.00 |      42.3 |        42.3 |       37.1 
 abcijk-ijmb-mkac |   3456 |  3456 |    24 | 1.00 | 1.00 |      43.0 |        42.9 |       34.9 
 abcijk-ijmc-mkab |   3456 |  3456 |    24 | 1.00 | 1.00 |      42.5 |        42.5 |       39.9 
 abcijk-ikma-mjbc |   6912 |  1728 |    24 | 1.00 | 1.00 |      42.2 |        42.3 |       37.0 
 abcijk-ikmb-mjac |   3456 |  3456 |    24 | 1.00 | 1.00 |      43.0 |        43.0 |       33.1 
 abcijk-ikmc-mjab |   3456 |  3456 |    24 | 1.00 | 1.00 |      42.4 |        42.4 |       34.5 
 abcijk-jkma-mibc |   6912 |  1728 |    24 | 1.00 | 1.00 |      42.2 |        42.3 |       37.0 
 abcijk-jkmb-miac |   3456 |  3456 |    24 | 1.00 | 1.00 |      42.8 |        42.8 |       26.6 
 abcijk-jkmc-miab |   3456 |  3456 |    24 | 1.00 | 1.00 |      42.3 |        42.2 |       34.1 
 abcijk-eiab-jkec |   3456 |  3456 |    24 | 1.00 | 1.00 |      42.3 |        42.3 |       33.7 
 abcijk-eiac-jkeb |   3456 |  3456 |    24 | 1.00 | 1.00 |      42.9 |        43.0 |       26.7 
 abcijk-eibc-jkea |   1728 |  6912 |    24 | 1.00 | 1.00 |      42.2 |        42.2 |       37.0 
 abcijk-ejab-ikec |   3456 |  3456 |    24 | 1.00 | 1.00 |      42.6 |        42.6 |       34.4 
 abcijk-ejac-ikeb |   3456 |  3456 |    24 | 1.00 | 1.00 |      43.0 |        43.0 |       33.8 
 abcijk-ejbc-ikea |   1728 |  6912 |    24 | 1.00 | 1.00 |      42.3 |        42.3 |       37.0 
 abcijk-ekab-ijec |   3456 |  3456 |    24 | 1.00 | 1.00 |      42.6 |        42.6 |       39.8 
 abcijk-ekac-ijeb |   3456 |  3456 |    24 | 1.00 | 1.00 |      43.0 |        43.0 |       34.9 
 abcijk-ekbc-ijea |   1728 |  6912 |    24 | 1.00 | 1.00 |      42.4 |        42.3 |       37.1 
       abc-bk-akc |    144 | 18432 |   128 | 1.00 | 1.00 |      47.5 |        47.5 |       37.9 

=== complex efficiency ratio (c64 GF/s over f64 GF/s; 1.0 = no penalty) ===
             case | plan c64/f64 | packed c64/f64 | tblis c64/f64 
------------------+--------------+----------------+---------------
         ij-ik-kj |        0.983 |          1.025 |         1.010 
       ij-ikl-ljk |        1.089 |          1.089 |         1.254 
       ij-kil-lkj |        1.136 |          1.133 |         1.237 
       ijk-ikl-lj |        1.059 |          1.059 |         1.208 
       ijk-il-jlk |        1.171 |          1.152 |         1.184 
       ijk-ilk-jl |        1.053 |          1.055 |         1.119 
       ijk-ilk-lj |        1.040 |          1.039 |         1.149 
     ijk-ilmk-mjl |        0.992 |          0.986 |         1.313 
   ijkl-imjn-lnkm |        1.036 |          1.036 |         0.980 
   ijkl-imjn-nlmk |        1.046 |          1.045 |         0.975 
   ijkl-imkn-jnlm |        1.031 |          1.031 |         0.984 
   ijkl-imkn-njml |        1.019 |          1.018 |         0.992 
   ijkl-imln-jnkm |        1.040 |          1.040 |         0.976 
   ijkl-imln-njmk |        1.009 |          1.007 |         1.000 
   ijkl-imnj-nlkm |        1.040 |          1.040 |         0.980 
   ijkl-imnk-njml |        1.013 |          1.012 |         0.975 
   ijkl-minj-nlmk |        1.043 |          1.042 |         0.979 
   ijkl-mink-jnlm |        1.031 |          1.033 |         0.987 
   ijkl-minl-njmk |        1.022 |          1.023 |         0.997 
     aqrs-pa-pqrs |        0.988 |          1.197 |         1.489 
     abrs-qb-aqrs |        1.052 |          1.084 |         1.591 
     abcs-rc-abrs |        1.160 |          1.166 |         1.516 
       abj-bka-kj |        1.095 |          1.095 |         1.178 
       ajb-kba-jk |        1.123 |          1.124 |         1.085 
     abjc-cbka-kj |        1.836 |          1.842 |         1.731 
     ajbc-ckba-jk |        1.750 |          1.753 |         1.698 
     abjc-kbac-jk |        1.277 |          1.259 |         1.524 
   abjcd-dkbac-jk |        1.653 |          1.635 |         1.958 
   adbjc-cbdka-kj |        2.088 |          2.125 |         3.235 
   ajbdc-ckbad-jk |        1.654 |          1.643 |         1.858 
 abcijk-ijma-mkbc |        1.011 |          1.011 |         1.144 
 abcijk-ijmb-mkac |        1.044 |          1.049 |         1.461 
 abcijk-ijmc-mkab |        1.078 |          1.079 |         1.293 
 abcijk-ikma-mjbc |        1.011 |          1.015 |         1.143 
 abcijk-ikmb-mjac |        1.040 |          1.040 |         1.131 
 abcijk-ikmc-mjab |        1.080 |          1.078 |         1.367 
 abcijk-jkma-mibc |        1.000 |          1.002 |         1.140 
 abcijk-jkmb-miac |        1.045 |          1.040 |         1.579 
 abcijk-jkmc-miab |        1.088 |          1.090 |         1.502 
 abcijk-eiab-jkec |        1.091 |          1.090 |         1.489 
 abcijk-eiac-jkeb |        1.047 |          1.040 |         1.578 
 abcijk-eibc-jkea |        0.997 |          0.998 |         1.147 
 abcijk-ejab-ikec |        1.082 |          1.081 |         1.370 
 abcijk-ejac-ikeb |        1.035 |          1.031 |         1.184 
 abcijk-ejbc-ikea |        1.013 |          1.012 |         1.147 
 abcijk-ekab-ijec |        1.083 |          1.081 |         1.288 
 abcijk-ekac-ijeb |        1.030 |          1.029 |         1.462 
 abcijk-ekbc-ijea |        1.011 |          1.010 |         1.134 
       abc-bk-akc |        1.032 |          1.032 |         1.041 
             MEAN |        1.130 |          1.135 |         1.301 

wrote /home/shinaoka/projects/tensor4all/tprims-benchmark/data/results/zen5-cpu/tcbench/20261010T145751Z/run0-16m-1t.csv
