# threads: requested=4 pool=4 budget=4
host        : shinaoka-EVO-X1Pro
target      : x86_64 / linux
cpu features: avx2 fma avx512f avx512dq 
caches      : L1=48KiB/12-way/2sh L2=1024KiB/16-way/2sh L3=8192KiB/16-way/16sh (via sysfs), blocking=legacy
l3 domains  : t1=1 t4=1 t8=1
baselines   : tblis=true blas=false
tblis       : abi 2.x, 4 thread(s)

running 49 cases at 16 MiB nominal tensor size, 5 reps, 1500 ms priming, stress=none


=== f64 ===
             case |      m |     n |     k | regA | regB | plan GF/s | packed GF/s | tblis GF/s 
------------------+--------+-------+-------+------+------+-----------+-------------+------------
         ij-ik-kj |   1464 |  1448 |  1464 | 0.00 | 0.00 |     200.1 |       175.5 |      172.6 
       ij-ikl-ljk |    144 |   128 | 18432 | 1.00 | 1.00 |     101.2 |       101.7 |       88.5 
       ij-kil-lkj |    144 |   128 | 20736 | 1.00 | 1.00 |      96.6 |        97.2 |       79.9 
       ijk-ikl-lj |  18432 |   128 |   144 | 1.00 | 1.00 |     161.5 |       162.6 |      112.0 
       ijk-il-jlk |    144 | 18432 |   128 | 1.00 | 1.00 |     124.6 |       125.5 |      143.0 
       ijk-ilk-jl |  18432 |   144 |   128 | 1.00 | 1.00 |     168.4 |       172.2 |      120.7 
       ijk-ilk-lj |  18432 |   128 |   144 | 1.00 | 1.00 |     169.8 |       168.0 |      115.9 
     ijk-ilmk-mjl |   1920 |    40 |  1920 | 1.00 | 1.00 |     135.4 |       135.2 |       80.7 
   ijkl-imjn-lnkm |   1920 |  1920 |  1600 | 1.00 | 1.00 |     177.5 |       177.7 |      176.8 
   ijkl-imjn-nlmk |   1920 |  1600 |  1920 | 1.00 | 1.00 |     178.0 |       178.2 |      173.2 
   ijkl-imkn-jnlm |   1920 |  1920 |  1600 | 1.00 | 1.00 |     180.9 |       179.7 |      174.7 
   ijkl-imkn-njml |   1920 |  1600 |  1920 | 1.00 | 1.00 |     177.5 |       177.5 |      174.5 
   ijkl-imln-jnkm |   1920 |  1920 |  1600 | 1.00 | 1.00 |     179.9 |       179.6 |      176.9 
   ijkl-imln-njmk |   1920 |  1600 |  1920 | 1.00 | 1.00 |     178.0 |       177.8 |      175.3 
   ijkl-imnj-nlkm |   1920 |  1600 |  1920 | 1.00 | 1.00 |     175.4 |       175.1 |      178.6 
   ijkl-imnk-njml |   1920 |  1600 |  1920 | 1.00 | 1.00 |     176.9 |       176.9 |      177.5 
   ijkl-minj-nlmk |   1920 |  1600 |  2304 | 1.00 | 1.00 |     175.7 |       175.7 |      172.0 
   ijkl-mink-jnlm |   1920 |  1920 |  1920 | 1.00 | 1.00 |     177.3 |       178.0 |      177.1 
   ijkl-minl-njmk |   1920 |  1600 |  2304 | 1.00 | 1.00 |     176.8 |       176.7 |      170.4 
     aqrs-pa-pqrs |     48 | 64000 |    48 | 0.00 | 0.00 |     134.8 |       106.5 |       63.9 
     abrs-qb-aqrs |     40 | 76800 |    48 | 1.00 | 1.00 |     129.3 |       128.3 |       67.1 
     abcs-rc-abrs |     40 | 76800 |    48 | 1.00 | 1.00 |     112.6 |       111.7 |       62.8 
       abj-bka-kj |  20736 |   128 |   144 | 1.00 | 1.00 |     137.2 |       138.1 |       82.1 
       ajb-kba-jk |  18432 |   144 |   144 | 1.00 | 1.00 |     159.3 |       159.5 |      127.0 
     abjc-cbka-kj |  92160 |    40 |    48 | 1.00 | 1.00 |      28.2 |        27.7 |       41.8 
     ajbc-ckba-jk |  92160 |    48 |    40 | 1.00 | 1.00 |      44.3 |        44.4 |       61.7 
     abjc-kbac-jk |  76800 |    48 |    48 | 1.00 | 1.00 |      96.2 |        96.8 |       55.3 
   abjcd-dkbac-jk | 230400 |    24 |    20 | 1.00 | 1.00 |      30.9 |        31.0 |       30.9 
   adbjc-cbdka-kj | 230400 |    20 |    24 | 1.00 | 1.00 |      14.5 |        14.7 |       16.4 
   ajbdc-ckbad-jk | 230400 |    24 |    20 | 1.00 | 1.00 |      31.3 |        31.3 |       33.3 
 abcijk-ijma-mkbc |   6912 |  1728 |    24 | 1.00 | 1.00 |     135.5 |       132.6 |      109.9 
 abcijk-ijmb-mkac |   3456 |  3456 |    24 | 1.00 | 0.67 |     126.7 |       125.8 |       63.5 
 abcijk-ijmc-mkab |   3456 |  3456 |    24 | 1.00 | 0.67 |     117.3 |       116.7 |       84.9 
 abcijk-ikma-mjbc |   6912 |  1728 |    24 | 1.00 | 1.00 |     134.7 |       131.8 |      110.0 
 abcijk-ikmb-mjac |   3456 |  3456 |    24 | 1.00 | 0.67 |     126.7 |       125.6 |       90.2 
 abcijk-ikmc-mjab |   3456 |  3456 |    24 | 1.00 | 0.67 |     116.8 |       117.3 |       80.1 
 abcijk-jkma-mibc |   6912 |  1728 |    24 | 1.00 | 1.00 |     136.9 |       134.2 |      111.7 
 abcijk-jkmb-miac |   3456 |  3456 |    24 | 1.00 | 0.67 |     126.7 |       125.3 |       48.6 
 abcijk-jkmc-miab |   3456 |  3456 |    24 | 1.00 | 0.67 |     110.9 |       111.1 |       64.9 
 abcijk-eiab-jkec |   3456 |  3456 |    24 | 1.00 | 0.67 |     110.5 |       111.1 |       66.1 
 abcijk-eiac-jkeb |   3456 |  3456 |    24 | 1.00 | 0.67 |     124.0 |       126.4 |       49.1 
 abcijk-eibc-jkea |   1728 |  6912 |    24 | 1.00 | 1.00 |     132.5 |       134.3 |      112.0 
 abcijk-ejab-ikec |   3456 |  3456 |    24 | 1.00 | 0.67 |     115.7 |       116.5 |       78.6 
 abcijk-ejac-ikeb |   3456 |  3456 |    24 | 1.00 | 0.67 |     125.3 |       125.9 |       90.0 
 abcijk-ejbc-ikea |   1728 |  6912 |    24 | 1.00 | 1.00 |     131.8 |       133.2 |      109.7 
 abcijk-ekab-ijec |   3456 |  3456 |    24 | 1.00 | 0.67 |     116.5 |       116.7 |       84.9 
 abcijk-ekac-ijeb |   3456 |  3456 |    24 | 1.00 | 0.67 |     126.6 |       125.1 |       65.7 
 abcijk-ekbc-ijea |   1728 |  6912 |    24 | 1.00 | 1.00 |     130.9 |       135.5 |      109.8 
       abc-bk-akc |    144 | 18432 |   128 | 1.00 | 1.00 |     167.5 |       165.7 |      122.9 

=== c64 ===
             case |      m |     n |     k | regA | regB | plan GF/s | packed GF/s | tblis GF/s 
------------------+--------+-------+-------+------+------+-----------+-------------+------------
         ij-ik-kj |   1464 |  1448 |  1464 | 1.00 | 1.00 |     192.8 |       192.7 |      183.7 
       ij-ikl-ljk |    144 |   128 | 18432 | 1.00 | 1.00 |     118.9 |       118.8 |      117.2 
       ij-kil-lkj |    144 |   128 | 20736 | 1.00 | 1.00 |     115.2 |       115.0 |      107.9 
       ijk-ikl-lj |  18432 |   128 |   144 | 1.00 | 1.00 |     176.8 |       177.1 |      135.6 
       ijk-il-jlk |    144 | 18432 |   128 | 1.00 | 1.00 |     137.9 |       137.8 |      167.1 
       ijk-ilk-jl |  18432 |   144 |   128 | 1.00 | 1.00 |     185.6 |       185.8 |      148.1 
       ijk-ilk-lj |  18432 |   128 |   144 | 1.00 | 1.00 |     179.6 |       175.9 |      143.9 
     ijk-ilmk-mjl |   1920 |    40 |  1920 | 1.00 | 1.00 |     141.3 |       141.0 |      107.9 
   ijkl-imjn-lnkm |   1920 |  1920 |  1600 | 1.00 | 0.90 |     183.0 |       189.2 |      179.5 
   ijkl-imjn-nlmk |   1920 |  1600 |  1920 | 1.00 | 0.90 |     189.6 |       189.7 |      178.5 
   ijkl-imkn-jnlm |   1920 |  1920 |  1600 | 1.00 | 1.00 |     190.2 |       190.2 |      179.4 
   ijkl-imkn-njml |   1920 |  1600 |  1920 | 1.00 | 0.90 |     189.0 |       189.1 |      177.5 
   ijkl-imln-jnkm |   1920 |  1920 |  1600 | 1.00 | 1.00 |     190.5 |       190.5 |      177.7 
   ijkl-imln-njmk |   1920 |  1600 |  1920 | 1.00 | 0.90 |     189.4 |       189.3 |      178.0 
   ijkl-imnj-nlkm |   1920 |  1600 |  1920 | 1.00 | 0.90 |     189.5 |       189.5 |      179.0 
   ijkl-imnk-njml |   1920 |  1600 |  1920 | 1.00 | 0.90 |     188.9 |       188.9 |      180.4 
   ijkl-minj-nlmk |   1920 |  1600 |  2304 | 1.00 | 0.90 |     188.3 |       188.1 |      177.5 
   ijkl-mink-jnlm |   1920 |  1920 |  1920 | 1.00 | 1.00 |     189.2 |       189.4 |      179.0 
   ijkl-minl-njmk |   1920 |  1600 |  2304 | 1.00 | 0.90 |     188.6 |       188.7 |      180.0 
     aqrs-pa-pqrs |     48 | 64000 |    48 | 1.00 | 1.00 |     145.0 |       145.4 |      112.0 
     abrs-qb-aqrs |     40 | 76800 |    48 | 1.00 | 1.00 |     138.5 |       139.3 |      100.4 
     abcs-rc-abrs |     40 | 76800 |    48 | 1.00 | 1.00 |     140.1 |       138.2 |       96.0 
       abj-bka-kj |  20736 |   128 |   144 | 1.00 | 1.00 |     159.4 |       159.9 |      114.4 
       ajb-kba-jk |  18432 |   144 |   144 | 1.00 | 1.00 |     185.9 |       185.1 |      153.0 
     abjc-cbka-kj |  92160 |    40 |    48 | 1.00 | 1.00 |      70.3 |        70.3 |       72.4 
     ajbc-ckba-jk |  92160 |    48 |    40 | 1.00 | 1.00 |     106.0 |       105.6 |      101.5 
     abjc-kbac-jk |  76800 |    48 |    48 | 1.00 | 1.00 |     138.0 |       139.5 |       78.6 
   abjcd-dkbac-jk | 230400 |    24 |    20 | 0.67 | 1.00 |      66.6 |        65.7 |       64.3 
   adbjc-cbdka-kj | 230400 |    20 |    24 | 0.67 | 1.00 |      41.3 |        42.4 |       47.4 
   ajbdc-ckbad-jk | 230400 |    24 |    20 | 1.00 | 1.00 |      68.8 |        68.4 |       68.6 
 abcijk-ijma-mkbc |   6912 |  1728 |    24 | 1.00 | 1.00 |     165.3 |       165.1 |      144.6 
 abcijk-ijmb-mkac |   3456 |  3456 |    24 | 1.00 | 1.00 |     170.1 |       170.1 |      111.3 
 abcijk-ijmc-mkab |   3456 |  3456 |    24 | 1.00 | 1.00 |     165.0 |       164.8 |      150.7 
 abcijk-ikma-mjbc |   6912 |  1728 |    24 | 1.00 | 1.00 |     165.2 |       165.0 |      144.7 
 abcijk-ikmb-mjac |   3456 |  3456 |    24 | 1.00 | 1.00 |     169.2 |       170.1 |      125.7 
 abcijk-ikmc-mjab |   3456 |  3456 |    24 | 1.00 | 1.00 |     165.2 |       165.1 |      122.9 
 abcijk-jkma-mibc |   6912 |  1728 |    24 | 1.00 | 1.00 |     165.2 |       164.9 |      144.7 
 abcijk-jkmb-miac |   3456 |  3456 |    24 | 1.00 | 1.00 |     169.3 |       169.3 |       81.5 
 abcijk-jkmc-miab |   3456 |  3456 |    24 | 1.00 | 1.00 |     161.8 |       162.0 |       98.5 
 abcijk-eiab-jkec |   3456 |  3456 |    24 | 1.00 | 1.00 |     161.9 |       161.8 |       99.2 
 abcijk-eiac-jkeb |   3456 |  3456 |    24 | 1.00 | 1.00 |     168.0 |       168.6 |       82.0 
 abcijk-eibc-jkea |   1728 |  6912 |    24 | 1.00 | 1.00 |     164.9 |       165.2 |      144.9 
 abcijk-ejab-ikec |   3456 |  3456 |    24 | 1.00 | 1.00 |     164.6 |       164.9 |      121.7 
 abcijk-ejac-ikeb |   3456 |  3456 |    24 | 1.00 | 1.00 |     169.3 |       169.6 |      125.1 
 abcijk-ejbc-ikea |   1728 |  6912 |    24 | 1.00 | 1.00 |     165.5 |       165.7 |      144.9 
 abcijk-ekab-ijec |   3456 |  3456 |    24 | 1.00 | 1.00 |     165.0 |       165.1 |      148.1 
 abcijk-ekac-ijeb |   3456 |  3456 |    24 | 1.00 | 1.00 |     170.7 |       169.1 |      110.9 
 abcijk-ekbc-ijea |   1728 |  6912 |    24 | 1.00 | 1.00 |     165.8 |       165.2 |      145.3 
       abc-bk-akc |    144 | 18432 |   128 | 1.00 | 1.00 |     185.9 |       185.3 |      143.0 

=== complex efficiency ratio (c64 GF/s over f64 GF/s; 1.0 = no penalty) ===
             case | plan c64/f64 | packed c64/f64 | tblis c64/f64 
------------------+--------------+----------------+---------------
         ij-ik-kj |        0.963 |          1.098 |         1.064 
       ij-ikl-ljk |        1.175 |          1.169 |         1.324 
       ij-kil-lkj |        1.192 |          1.183 |         1.351 
       ijk-ikl-lj |        1.094 |          1.090 |         1.211 
       ijk-il-jlk |        1.106 |          1.098 |         1.169 
       ijk-ilk-jl |        1.103 |          1.079 |         1.227 
       ijk-ilk-lj |        1.057 |          1.047 |         1.241 
     ijk-ilmk-mjl |        1.044 |          1.043 |         1.337 
   ijkl-imjn-lnkm |        1.031 |          1.065 |         1.016 
   ijkl-imjn-nlmk |        1.065 |          1.065 |         1.030 
   ijkl-imkn-jnlm |        1.051 |          1.058 |         1.027 
   ijkl-imkn-njml |        1.064 |          1.065 |         1.017 
   ijkl-imln-jnkm |        1.059 |          1.061 |         1.004 
   ijkl-imln-njmk |        1.064 |          1.065 |         1.015 
   ijkl-imnj-nlkm |        1.080 |          1.082 |         1.002 
   ijkl-imnk-njml |        1.068 |          1.068 |         1.017 
   ijkl-minj-nlmk |        1.072 |          1.070 |         1.032 
   ijkl-mink-jnlm |        1.067 |          1.064 |         1.011 
   ijkl-minl-njmk |        1.067 |          1.068 |         1.056 
     aqrs-pa-pqrs |        1.076 |          1.365 |         1.751 
     abrs-qb-aqrs |        1.071 |          1.086 |         1.497 
     abcs-rc-abrs |        1.244 |          1.238 |         1.529 
       abj-bka-kj |        1.162 |          1.158 |         1.394 
       ajb-kba-jk |        1.167 |          1.160 |         1.204 
     abjc-cbka-kj |        2.498 |          2.539 |         1.732 
     ajbc-ckba-jk |        2.395 |          2.379 |         1.646 
     abjc-kbac-jk |        1.433 |          1.440 |         1.423 
   abjcd-dkbac-jk |        2.151 |          2.117 |         2.077 
   adbjc-cbdka-kj |        2.842 |          2.887 |         2.893 
   ajbdc-ckbad-jk |        2.201 |          2.184 |         2.061 
 abcijk-ijma-mkbc |        1.220 |          1.245 |         1.315 
 abcijk-ijmb-mkac |        1.343 |          1.352 |         1.753 
 abcijk-ijmc-mkab |        1.407 |          1.412 |         1.774 
 abcijk-ikma-mjbc |        1.227 |          1.252 |         1.316 
 abcijk-ikmb-mjac |        1.335 |          1.354 |         1.393 
 abcijk-ikmc-mjab |        1.415 |          1.408 |         1.534 
 abcijk-jkma-mibc |        1.206 |          1.229 |         1.296 
 abcijk-jkmb-miac |        1.336 |          1.351 |         1.677 
 abcijk-jkmc-miab |        1.459 |          1.459 |         1.517 
 abcijk-eiab-jkec |        1.466 |          1.457 |         1.500 
 abcijk-eiac-jkeb |        1.355 |          1.334 |         1.670 
 abcijk-eibc-jkea |        1.244 |          1.230 |         1.293 
 abcijk-ejab-ikec |        1.423 |          1.416 |         1.548 
 abcijk-ejac-ikeb |        1.352 |          1.347 |         1.390 
 abcijk-ejbc-ikea |        1.256 |          1.244 |         1.321 
 abcijk-ekab-ijec |        1.416 |          1.415 |         1.744 
 abcijk-ekac-ijeb |        1.349 |          1.352 |         1.688 
 abcijk-ekbc-ijea |        1.266 |          1.219 |         1.323 
       abc-bk-akc |        1.110 |          1.118 |         1.163 
             MEAN |        1.323 |          1.332 |         1.399 

wrote /home/shinaoka/projects/tensor4all/tprims-benchmark/data/results/zen5-cpu/tcbench/20261010T145751Z/run0-16m-4t.csv
