# threads: requested=4 pool=4 budget=4
host        : shinaoka-EVO-X1Pro
target      : x86_64 / linux
cpu features: avx2 fma avx512f avx512dq 
caches      : L1=48KiB/12-way/2sh L2=1024KiB/16-way/2sh L3=8192KiB/16-way/16sh (via sysfs), blocking=legacy
l3 domains  : t1=1 t4=1 t8=1
baselines   : blas=false

running 49 cases at 16 MiB nominal tensor size, 5 reps, 500 ms priming, stress=none


=== f64 ===
             case |      m |     n |     k | regA | regB | plan GF/s | packed GF/s 
------------------+--------+-------+-------+------+------+-----------+-------------
         ij-ik-kj |   1464 |  1448 |  1464 | 0.00 | 0.00 |     145.2 |       175.6 
       ij-ikl-ljk |    144 |   128 | 18432 | 1.00 | 1.00 |     102.0 |       106.2 
       ij-kil-lkj |    144 |   128 | 20736 | 1.00 | 1.00 |      97.3 |        98.1 
       ijk-ikl-lj |  18432 |   128 |   144 | 1.00 | 1.00 |     157.4 |       160.9 
       ijk-il-jlk |    144 | 18432 |   128 | 1.00 | 1.00 |     116.5 |       117.1 
       ijk-ilk-jl |  18432 |   144 |   128 | 1.00 | 1.00 |     170.4 |       170.2 
       ijk-ilk-lj |  18432 |   128 |   144 | 1.00 | 1.00 |     168.9 |       166.5 
     ijk-ilmk-mjl |   1920 |    40 |  1920 | 1.00 | 1.00 |     134.8 |       139.6 
   ijkl-imjn-lnkm |   1920 |  1920 |  1600 | 1.00 | 1.00 |     174.7 |       177.4 
   ijkl-imjn-nlmk |   1920 |  1600 |  1920 | 1.00 | 1.00 |     177.6 |       177.5 
   ijkl-imkn-jnlm |   1920 |  1920 |  1600 | 1.00 | 1.00 |     181.8 |       182.1 
   ijkl-imkn-njml |   1920 |  1600 |  1920 | 1.00 | 1.00 |     180.1 |       180.4 
   ijkl-imln-jnkm |   1920 |  1920 |  1600 | 1.00 | 1.00 |     183.0 |       183.2 
   ijkl-imln-njmk |   1920 |  1600 |  1920 | 1.00 | 1.00 |     184.5 |       181.5 
   ijkl-imnj-nlkm |   1920 |  1600 |  1920 | 1.00 | 1.00 |     177.3 |       177.4 
   ijkl-imnk-njml |   1920 |  1600 |  1920 | 1.00 | 1.00 |     180.4 |       180.5 
   ijkl-minj-nlmk |   1920 |  1600 |  2304 | 1.00 | 1.00 |     177.5 |       176.2 
   ijkl-mink-jnlm |   1920 |  1920 |  1920 | 1.00 | 1.00 |     180.8 |       180.6 
   ijkl-minl-njmk |   1920 |  1600 |  2304 | 1.00 | 1.00 |     180.3 |       180.2 
     aqrs-pa-pqrs |     48 | 64000 |    48 | 0.00 | 0.00 |     133.8 |       110.0 
     abrs-qb-aqrs |     40 | 76800 |    48 | 1.00 | 1.00 |     125.9 |       128.4 
     abcs-rc-abrs |     40 | 76800 |    48 | 1.00 | 1.00 |     104.0 |       106.7 
       abj-bka-kj |  20736 |   128 |   144 | 1.00 | 1.00 |     134.7 |       136.4 
       ajb-kba-jk |  18432 |   144 |   144 | 1.00 | 1.00 |     159.7 |       156.9 
     abjc-cbka-kj |  92160 |    40 |    48 | 1.00 | 1.00 |      27.9 |        28.2 
     ajbc-ckba-jk |  92160 |    48 |    40 | 1.00 | 1.00 |      46.6 |        46.5 
     abjc-kbac-jk |  76800 |    48 |    48 | 1.00 | 1.00 |      94.7 |        94.5 
   abjcd-dkbac-jk | 230400 |    24 |    20 | 1.00 | 1.00 |      31.2 |        31.3 
   adbjc-cbdka-kj | 230400 |    20 |    24 | 1.00 | 1.00 |      16.1 |        16.0 
   ajbdc-ckbad-jk | 230400 |    24 |    20 | 1.00 | 1.00 |      31.6 |        31.4 
 abcijk-ijma-mkbc |   6912 |  1728 |    24 | 1.00 | 1.00 |     135.9 |       135.8 
 abcijk-ijmb-mkac |   3456 |  3456 |    24 | 1.00 | 0.67 |     124.2 |       124.7 
 abcijk-ijmc-mkab |   3456 |  3456 |    24 | 1.00 | 0.67 |     116.8 |       116.3 
 abcijk-ikma-mjbc |   6912 |  1728 |    24 | 1.00 | 1.00 |     130.9 |       131.8 
 abcijk-ikmb-mjac |   3456 |  3456 |    24 | 1.00 | 0.67 |     123.8 |       125.0 
 abcijk-ikmc-mjab |   3456 |  3456 |    24 | 1.00 | 0.67 |     115.8 |       116.3 
 abcijk-jkma-mibc |   6912 |  1728 |    24 | 1.00 | 1.00 |     132.0 |       133.8 
 abcijk-jkmb-miac |   3456 |  3456 |    24 | 1.00 | 0.67 |     126.5 |       124.5 
 abcijk-jkmc-miab |   3456 |  3456 |    24 | 1.00 | 0.67 |     109.7 |       110.4 
 abcijk-eiab-jkec |   3456 |  3456 |    24 | 1.00 | 0.67 |     111.0 |       111.0 
 abcijk-eiac-jkeb |   3456 |  3456 |    24 | 1.00 | 0.67 |     123.3 |       124.5 
 abcijk-eibc-jkea |   1728 |  6912 |    24 | 1.00 | 1.00 |     135.0 |       131.5 
 abcijk-ejab-ikec |   3456 |  3456 |    24 | 1.00 | 0.67 |     115.9 |       113.5 
 abcijk-ejac-ikeb |   3456 |  3456 |    24 | 1.00 | 0.67 |     125.5 |       126.0 
 abcijk-ejbc-ikea |   1728 |  6912 |    24 | 1.00 | 1.00 |     130.4 |       131.3 
 abcijk-ekab-ijec |   3456 |  3456 |    24 | 1.00 | 0.67 |     116.5 |       116.1 
 abcijk-ekac-ijeb |   3456 |  3456 |    24 | 1.00 | 0.67 |     124.8 |       125.8 
 abcijk-ekbc-ijea |   1728 |  6912 |    24 | 1.00 | 1.00 |     135.2 |       131.2 
       abc-bk-akc |    144 | 18432 |   128 | 1.00 | 1.00 |     168.2 |       167.7 

=== c64 ===
             case |      m |     n |     k | regA | regB | plan GF/s | packed GF/s 
------------------+--------+-------+-------+------+------+-----------+-------------
         ij-ik-kj |   1464 |  1448 |  1464 | 1.00 | 1.00 |     193.2 |       193.2 
       ij-ikl-ljk |    144 |   128 | 18432 | 1.00 | 1.00 |     118.9 |       119.0 
       ij-kil-lkj |    144 |   128 | 20736 | 1.00 | 1.00 |     115.5 |       115.4 
       ijk-ikl-lj |  18432 |   128 |   144 | 1.00 | 1.00 |     178.6 |       178.1 
       ijk-il-jlk |    144 | 18432 |   128 | 1.00 | 1.00 |     137.1 |       133.6 
       ijk-ilk-jl |  18432 |   144 |   128 | 1.00 | 1.00 |     185.9 |       186.4 
       ijk-ilk-lj |  18432 |   128 |   144 | 1.00 | 1.00 |     180.3 |       180.5 
     ijk-ilmk-mjl |   1920 |    40 |  1920 | 1.00 | 1.00 |     141.2 |       147.8 
   ijkl-imjn-lnkm |   1920 |  1920 |  1600 | 1.00 | 0.90 |     189.6 |       187.7 
   ijkl-imjn-nlmk |   1920 |  1600 |  1920 | 1.00 | 0.90 |     189.9 |       190.0 
   ijkl-imkn-jnlm |   1920 |  1920 |  1600 | 1.00 | 1.00 |     190.6 |       190.9 
   ijkl-imkn-njml |   1920 |  1600 |  1920 | 1.00 | 0.90 |     189.4 |       189.4 
   ijkl-imln-jnkm |   1920 |  1920 |  1600 | 1.00 | 1.00 |     191.0 |       191.0 
   ijkl-imln-njmk |   1920 |  1600 |  1920 | 1.00 | 0.90 |     190.0 |       190.0 
   ijkl-imnj-nlkm |   1920 |  1600 |  1920 | 1.00 | 0.90 |     190.1 |       190.1 
   ijkl-imnk-njml |   1920 |  1600 |  1920 | 1.00 | 0.90 |     189.6 |       189.6 
   ijkl-minj-nlmk |   1920 |  1600 |  2304 | 1.00 | 0.90 |     189.0 |       188.9 
   ijkl-mink-jnlm |   1920 |  1920 |  1920 | 1.00 | 1.00 |     190.0 |       189.8 
   ijkl-minl-njmk |   1920 |  1600 |  2304 | 1.00 | 0.90 |     189.2 |       189.0 
     aqrs-pa-pqrs |     48 | 64000 |    48 | 1.00 | 1.00 |     144.5 |       145.0 
     abrs-qb-aqrs |     40 | 76800 |    48 | 1.00 | 1.00 |     133.0 |       138.9 
     abcs-rc-abrs |     40 | 76800 |    48 | 1.00 | 1.00 |     142.4 |       142.2 
       abj-bka-kj |  20736 |   128 |   144 | 1.00 | 1.00 |     161.4 |       159.8 
       ajb-kba-jk |  18432 |   144 |   144 | 1.00 | 1.00 |     181.7 |       186.0 
     abjc-cbka-kj |  92160 |    40 |    48 | 1.00 | 1.00 |      70.5 |        70.1 
     ajbc-ckba-jk |  92160 |    48 |    40 | 1.00 | 1.00 |     107.2 |       106.9 
     abjc-kbac-jk |  76800 |    48 |    48 | 1.00 | 1.00 |     134.9 |       134.2 
   abjcd-dkbac-jk | 230400 |    24 |    20 | 0.67 | 1.00 |      66.4 |        65.9 
   adbjc-cbdka-kj | 230400 |    20 |    24 | 0.67 | 1.00 |      41.4 |        40.2 
   ajbdc-ckbad-jk | 230400 |    24 |    20 | 1.00 | 1.00 |      68.6 |        68.6 
 abcijk-ijma-mkbc |   6912 |  1728 |    24 | 1.00 | 1.00 |     165.2 |       165.2 
 abcijk-ijmb-mkac |   3456 |  3456 |    24 | 1.00 | 1.00 |     168.9 |       168.6 
 abcijk-ijmc-mkab |   3456 |  3456 |    24 | 1.00 | 1.00 |     165.5 |       165.5 
 abcijk-ikma-mjbc |   6912 |  1728 |    24 | 1.00 | 1.00 |     164.8 |       165.3 
 abcijk-ikmb-mjac |   3456 |  3456 |    24 | 1.00 | 1.00 |     170.0 |       168.2 
 abcijk-ikmc-mjab |   3456 |  3456 |    24 | 1.00 | 1.00 |     165.0 |       165.3 
 abcijk-jkma-mibc |   6912 |  1728 |    24 | 1.00 | 1.00 |     165.3 |       164.5 
 abcijk-jkmb-miac |   3456 |  3456 |    24 | 1.00 | 1.00 |     169.1 |       168.7 
 abcijk-jkmc-miab |   3456 |  3456 |    24 | 1.00 | 1.00 |     162.5 |       162.1 
 abcijk-eiab-jkec |   3456 |  3456 |    24 | 1.00 | 1.00 |     162.2 |       162.0 
 abcijk-eiac-jkeb |   3456 |  3456 |    24 | 1.00 | 1.00 |     169.2 |       168.8 
 abcijk-eibc-jkea |   1728 |  6912 |    24 | 1.00 | 1.00 |     165.1 |       164.9 
 abcijk-ejab-ikec |   3456 |  3456 |    24 | 1.00 | 1.00 |     164.6 |       165.3 
 abcijk-ejac-ikeb |   3456 |  3456 |    24 | 1.00 | 1.00 |     170.0 |       169.8 
 abcijk-ejbc-ikea |   1728 |  6912 |    24 | 1.00 | 1.00 |     165.1 |       164.9 
 abcijk-ekab-ijec |   3456 |  3456 |    24 | 1.00 | 1.00 |     165.2 |       164.8 
 abcijk-ekac-ijeb |   3456 |  3456 |    24 | 1.00 | 1.00 |     169.3 |       169.1 
 abcijk-ekbc-ijea |   1728 |  6912 |    24 | 1.00 | 1.00 |     163.6 |       164.1 
       abc-bk-akc |    144 | 18432 |   128 | 1.00 | 1.00 |     185.9 |       187.2 

=== complex efficiency ratio (c64 GF/s over f64 GF/s; 1.0 = no penalty) ===
             case | plan c64/f64 | packed c64/f64 
------------------+--------------+----------------
         ij-ik-kj |        1.330 |          1.101 
       ij-ikl-ljk |        1.166 |          1.120 
       ij-kil-lkj |        1.188 |          1.176 
       ijk-ikl-lj |        1.135 |          1.107 
       ijk-il-jlk |        1.176 |          1.142 
       ijk-ilk-jl |        1.091 |          1.095 
       ijk-ilk-lj |        1.068 |          1.084 
     ijk-ilmk-mjl |        1.047 |          1.059 
   ijkl-imjn-lnkm |        1.085 |          1.058 
   ijkl-imjn-nlmk |        1.069 |          1.071 
   ijkl-imkn-jnlm |        1.048 |          1.049 
   ijkl-imkn-njml |        1.052 |          1.050 
   ijkl-imln-jnkm |        1.043 |          1.042 
   ijkl-imln-njmk |        1.030 |          1.047 
   ijkl-imnj-nlkm |        1.073 |          1.071 
   ijkl-imnk-njml |        1.051 |          1.050 
   ijkl-minj-nlmk |        1.065 |          1.072 
   ijkl-mink-jnlm |        1.051 |          1.051 
   ijkl-minl-njmk |        1.049 |          1.049 
     aqrs-pa-pqrs |        1.080 |          1.318 
     abrs-qb-aqrs |        1.057 |          1.082 
     abcs-rc-abrs |        1.369 |          1.332 
       abj-bka-kj |        1.198 |          1.171 
       ajb-kba-jk |        1.137 |          1.185 
     abjc-cbka-kj |        2.526 |          2.486 
     ajbc-ckba-jk |        2.299 |          2.299 
     abjc-kbac-jk |        1.424 |          1.420 
   abjcd-dkbac-jk |        2.127 |          2.106 
   adbjc-cbdka-kj |        2.571 |          2.519 
   ajbdc-ckbad-jk |        2.170 |          2.186 
 abcijk-ijma-mkbc |        1.215 |          1.216 
 abcijk-ijmb-mkac |        1.360 |          1.352 
 abcijk-ijmc-mkab |        1.418 |          1.423 
 abcijk-ikma-mjbc |        1.259 |          1.255 
 abcijk-ikmb-mjac |        1.373 |          1.345 
 abcijk-ikmc-mjab |        1.425 |          1.421 
 abcijk-jkma-mibc |        1.252 |          1.229 
 abcijk-jkmb-miac |        1.337 |          1.356 
 abcijk-jkmc-miab |        1.481 |          1.469 
 abcijk-eiab-jkec |        1.461 |          1.459 
 abcijk-eiac-jkeb |        1.372 |          1.356 
 abcijk-eibc-jkea |        1.223 |          1.254 
 abcijk-ejab-ikec |        1.420 |          1.456 
 abcijk-ejac-ikeb |        1.354 |          1.347 
 abcijk-ejbc-ikea |        1.267 |          1.256 
 abcijk-ekab-ijec |        1.418 |          1.419 
 abcijk-ekac-ijeb |        1.356 |          1.345 
 abcijk-ekbc-ijea |        1.210 |          1.250 
       abc-bk-akc |        1.106 |          1.117 
             MEAN |        1.328 |          1.325 

wrote /home/shinaoka/projects/tensor4all/tprims-benchmark/data/results/zen5-cpu/tcbench/20261009T212002Z/run0-16m-4t.csv
