# threads: requested=1 pool=1 budget=1
host        : shinaoka-EVO-X1Pro
target      : x86_64 / linux
cpu features: avx2 fma avx512f avx512dq 
caches      : L1=48KiB/12-way/2sh L2=1024KiB/16-way/2sh L3=8192KiB/16-way/16sh (via sysfs), blocking=legacy
l3 domains  : t1=1
baselines   : tblis=true blas=false
tblis       : abi 2.x, 1 thread(s)

running 49 cases at 16 MiB nominal tensor size, 5 reps, 1500 ms priming, stress=none


=== f64 ===
             case |      m |     n |     k | regA | regB | plan GF/s | packed GF/s | tblis GF/s 
------------------+--------+-------+-------+------+------+-----------+-------------+------------
         ij-ik-kj |   1464 |  1448 |  1464 | 0.00 | 0.00 |      50.0 |        47.8 |       46.5 
       ij-ikl-ljk |    144 |   128 | 18432 | 1.00 | 1.00 |      38.6 |        38.5 |       27.1 
       ij-kil-lkj |    144 |   128 | 20736 | 1.00 | 1.00 |      35.5 |        35.5 |       24.1 
       ijk-ikl-lj |  18432 |   128 |   144 | 1.00 | 1.00 |      43.6 |        43.6 |       33.6 
       ijk-il-jlk |    144 | 18432 |   128 | 1.00 | 1.00 |      42.7 |        42.8 |       36.4 
       ijk-ilk-jl |  18432 |   144 |   128 | 1.00 | 1.00 |      45.9 |        45.9 |       35.4 
       ijk-ilk-lj |  18432 |   128 |   144 | 1.00 | 1.00 |      45.5 |        45.5 |       33.3 
     ijk-ilmk-mjl |   1920 |    40 |  1920 | 1.00 | 1.00 |      39.5 |        39.5 |       21.6 
   ijkl-imjn-lnkm |   1920 |  1920 |  1600 | 1.00 | 1.00 |      46.3 |        46.4 |       46.7 
   ijkl-imjn-nlmk |   1920 |  1600 |  1920 | 1.00 | 1.00 |      46.2 |        46.2 |       46.3 
   ijkl-imkn-jnlm |   1920 |  1920 |  1600 | 1.00 | 1.00 |      46.4 |        46.4 |       46.6 
   ijkl-imkn-njml |   1920 |  1600 |  1920 | 1.00 | 1.00 |      46.9 |        47.0 |       45.6 
   ijkl-imln-jnkm |   1920 |  1920 |  1600 | 1.00 | 1.00 |      47.2 |        47.2 |       45.7 
   ijkl-imln-njmk |   1920 |  1600 |  1920 | 1.00 | 1.00 |      47.3 |        47.3 |       46.0 
   ijkl-imnj-nlkm |   1920 |  1600 |  1920 | 1.00 | 1.00 |      46.4 |        46.5 |       46.6 
   ijkl-imnk-njml |   1920 |  1600 |  1920 | 1.00 | 1.00 |      47.2 |        47.2 |       46.4 
   ijkl-minj-nlmk |   1920 |  1600 |  2304 | 1.00 | 1.00 |      45.7 |        45.7 |       45.0 
   ijkl-mink-jnlm |   1920 |  1920 |  1920 | 1.00 | 1.00 |      46.6 |        46.7 |       46.1 
   ijkl-minl-njmk |   1920 |  1600 |  2304 | 1.00 | 1.00 |      47.1 |        47.1 |       46.1 
     aqrs-pa-pqrs |     48 | 64000 |    48 | 0.00 | 0.00 |      38.0 |        30.9 |       18.8 
     abrs-qb-aqrs |     40 | 76800 |    48 | 1.00 | 1.00 |      34.2 |        34.2 |       18.5 
     abcs-rc-abrs |     40 | 76800 |    48 | 1.00 | 1.00 |      30.9 |        30.9 |       18.8 
       abj-bka-kj |  20736 |   128 |   144 | 1.00 | 1.00 |      38.7 |        39.1 |       26.1 
       ajb-kba-jk |  18432 |   144 |   144 | 1.00 | 1.00 |      42.1 |        42.2 |       37.3 
     abjc-cbka-kj |  92160 |    40 |    48 | 1.00 | 1.00 |       9.3 |         9.3 |       13.6 
     ajbc-ckba-jk |  92160 |    48 |    40 | 1.00 | 1.00 |      16.9 |        16.9 |       19.4 
     abjc-kbac-jk |  76800 |    48 |    48 | 1.00 | 1.00 |      28.3 |        28.5 |       17.4 
   abjcd-dkbac-jk | 230400 |    24 |    20 | 1.00 | 1.00 |      12.8 |        12.7 |       10.4 
   adbjc-cbdka-kj | 230400 |    20 |    24 | 1.00 | 1.00 |       4.7 |         4.7 |        5.4 
   ajbdc-ckbad-jk | 230400 |    24 |    20 | 1.00 | 1.00 |      13.0 |        13.0 |       10.8 
 abcijk-ijma-mkbc |   6912 |  1728 |    24 | 1.00 | 1.00 |      41.9 |        41.9 |       33.9 
 abcijk-ijmb-mkac |   3456 |  3456 |    24 | 1.00 | 0.67 |      41.1 |        41.3 |       24.5 
 abcijk-ijmc-mkab |   3456 |  3456 |    24 | 1.00 | 0.67 |      38.8 |        38.8 |       31.6 
 abcijk-ikma-mjbc |   6912 |  1728 |    24 | 1.00 | 1.00 |      41.7 |        41.7 |       33.5 
 abcijk-ikmb-mjac |   3456 |  3456 |    24 | 1.00 | 0.67 |      41.0 |        40.9 |       30.1 
 abcijk-ikmc-mjab |   3456 |  3456 |    24 | 1.00 | 0.67 |      38.8 |        38.8 |       26.2 
 abcijk-jkma-mibc |   6912 |  1728 |    24 | 1.00 | 1.00 |      42.0 |        42.0 |       33.7 
 abcijk-jkmb-miac |   3456 |  3456 |    24 | 1.00 | 0.67 |      41.0 |        41.1 |       16.6 
 abcijk-jkmc-miab |   3456 |  3456 |    24 | 1.00 | 0.67 |      38.8 |        38.8 |       22.9 
 abcijk-eiab-jkec |   3456 |  3456 |    24 | 1.00 | 0.67 |      38.6 |        38.7 |       23.3 
 abcijk-eiac-jkeb |   3456 |  3456 |    24 | 1.00 | 0.67 |      41.3 |        41.1 |       16.3 
 abcijk-eibc-jkea |   1728 |  6912 |    24 | 1.00 | 1.00 |      42.1 |        42.0 |       33.7 
 abcijk-ejab-ikec |   3456 |  3456 |    24 | 1.00 | 0.67 |      38.7 |        38.8 |       26.5 
 abcijk-ejac-ikeb |   3456 |  3456 |    24 | 1.00 | 0.67 |      40.8 |        40.7 |       29.8 
 abcijk-ejbc-ikea |   1728 |  6912 |    24 | 1.00 | 1.00 |      41.5 |        41.5 |       33.5 
 abcijk-ekab-ijec |   3456 |  3456 |    24 | 1.00 | 0.67 |      38.8 |        38.9 |       31.5 
 abcijk-ekac-ijeb |   3456 |  3456 |    24 | 1.00 | 0.67 |      41.1 |        41.1 |       24.5 
 abcijk-ekbc-ijea |   1728 |  6912 |    24 | 1.00 | 1.00 |      41.7 |        41.7 |       33.8 
       abc-bk-akc |    144 | 18432 |   128 | 1.00 | 1.00 |      45.6 |        45.6 |       35.9 

=== c64 ===
             case |      m |     n |     k | regA | regB | plan GF/s | packed GF/s | tblis GF/s 
------------------+--------+-------+-------+------+------+-----------+-------------+------------
         ij-ik-kj |   1464 |  1448 |  1464 | 1.00 | 1.00 |      49.1 |        49.1 |       47.3 
       ij-ikl-ljk |    144 |   128 | 18432 | 1.00 | 1.00 |      41.9 |        41.9 |       33.4 
       ij-kil-lkj |    144 |   128 | 20736 | 1.00 | 1.00 |      40.1 |        40.1 |       31.0 
       ijk-ikl-lj |  18432 |   128 |   144 | 1.00 | 1.00 |      45.7 |        45.6 |       36.9 
       ijk-il-jlk |    144 | 18432 |   128 | 1.00 | 1.00 |      47.0 |        47.0 |       42.7 
       ijk-ilk-jl |  18432 |   144 |   128 | 1.00 | 1.00 |      47.5 |        47.5 |       39.3 
       ijk-ilk-lj |  18432 |   128 |   144 | 1.00 | 1.00 |      46.1 |        46.1 |       38.0 
     ijk-ilmk-mjl |   1920 |    40 |  1920 | 1.00 | 1.00 |      38.5 |        38.5 |       28.3 
   ijkl-imjn-lnkm |   1920 |  1920 |  1600 | 1.00 | 0.90 |      48.6 |        48.5 |       46.0 
   ijkl-imjn-nlmk |   1920 |  1600 |  1920 | 1.00 | 0.90 |      48.4 |        48.4 |       45.5 
   ijkl-imkn-jnlm |   1920 |  1920 |  1600 | 1.00 | 1.00 |      48.2 |        48.3 |       45.3 
   ijkl-imkn-njml |   1920 |  1600 |  1920 | 1.00 | 0.90 |      48.1 |        48.1 |       45.0 
   ijkl-imln-jnkm |   1920 |  1920 |  1600 | 1.00 | 1.00 |      48.3 |        48.3 |       45.3 
   ijkl-imln-njmk |   1920 |  1600 |  1920 | 1.00 | 0.90 |      48.2 |        48.2 |       45.3 
   ijkl-imnj-nlkm |   1920 |  1600 |  1920 | 1.00 | 0.90 |      48.4 |        48.4 |       45.4 
   ijkl-imnk-njml |   1920 |  1600 |  1920 | 1.00 | 0.90 |      48.1 |        48.1 |       45.3 
   ijkl-minj-nlmk |   1920 |  1600 |  2304 | 1.00 | 0.90 |      48.0 |        48.1 |       45.3 
   ijkl-mink-jnlm |   1920 |  1920 |  1920 | 1.00 | 1.00 |      48.1 |        48.0 |       45.9 
   ijkl-minl-njmk |   1920 |  1600 |  2304 | 1.00 | 0.90 |      47.9 |        47.9 |       45.4 
     aqrs-pa-pqrs |     48 | 64000 |    48 | 1.00 | 1.00 |      37.9 |        37.8 |       28.7 
     abrs-qb-aqrs |     40 | 76800 |    48 | 1.00 | 1.00 |      35.3 |        35.3 |       26.9 
     abcs-rc-abrs |     40 | 76800 |    48 | 1.00 | 1.00 |      37.2 |        37.1 |       29.4 
       abj-bka-kj |  20736 |   128 |   144 | 1.00 | 1.00 |      42.2 |        42.2 |       31.5 
       ajb-kba-jk |  18432 |   144 |   144 | 1.00 | 1.00 |      47.6 |        47.7 |       40.7 
     abjc-cbka-kj |  92160 |    40 |    48 | 1.00 | 1.00 |      21.4 |        21.4 |       22.7 
     ajbc-ckba-jk |  92160 |    48 |    40 | 1.00 | 1.00 |      29.0 |        29.0 |       32.5 
     abjc-kbac-jk |  76800 |    48 |    48 | 1.00 | 1.00 |      35.5 |        35.4 |       26.9 
   abjcd-dkbac-jk | 230400 |    24 |    20 | 0.67 | 1.00 |      20.5 |        20.5 |       19.6 
   adbjc-cbdka-kj | 230400 |    20 |    24 | 0.67 | 1.00 |      12.8 |        12.7 |       18.4 
   ajbdc-ckbad-jk | 230400 |    24 |    20 | 1.00 | 1.00 |      20.6 |        20.7 |       20.0 
 abcijk-ijma-mkbc |   6912 |  1728 |    24 | 1.00 | 1.00 |      42.2 |        42.3 |       38.0 
 abcijk-ijmb-mkac |   3456 |  3456 |    24 | 1.00 | 1.00 |      42.9 |        42.9 |       35.5 
 abcijk-ijmc-mkab |   3456 |  3456 |    24 | 1.00 | 1.00 |      42.5 |        42.5 |       40.1 
 abcijk-ikma-mjbc |   6912 |  1728 |    24 | 1.00 | 1.00 |      42.2 |        42.2 |       38.0 
 abcijk-ikmb-mjac |   3456 |  3456 |    24 | 1.00 | 1.00 |      42.9 |        42.9 |       34.9 
 abcijk-ikmc-mjab |   3456 |  3456 |    24 | 1.00 | 1.00 |      42.5 |        42.5 |       35.2 
 abcijk-jkma-mibc |   6912 |  1728 |    24 | 1.00 | 1.00 |      42.2 |        42.2 |       37.8 
 abcijk-jkmb-miac |   3456 |  3456 |    24 | 1.00 | 1.00 |      42.9 |        42.8 |       27.5 
 abcijk-jkmc-miab |   3456 |  3456 |    24 | 1.00 | 1.00 |      42.2 |        42.2 |       35.4 
 abcijk-eiab-jkec |   3456 |  3456 |    24 | 1.00 | 1.00 |      42.3 |        42.2 |       34.9 
 abcijk-eiac-jkeb |   3456 |  3456 |    24 | 1.00 | 1.00 |      42.8 |        42.9 |       27.4 
 abcijk-eibc-jkea |   1728 |  6912 |    24 | 1.00 | 1.00 |      42.2 |        42.2 |       38.2 
 abcijk-ejab-ikec |   3456 |  3456 |    24 | 1.00 | 1.00 |      42.5 |        42.5 |       35.1 
 abcijk-ejac-ikeb |   3456 |  3456 |    24 | 1.00 | 1.00 |      42.9 |        42.9 |       34.8 
 abcijk-ejbc-ikea |   1728 |  6912 |    24 | 1.00 | 1.00 |      42.2 |        42.3 |       37.9 
 abcijk-ekab-ijec |   3456 |  3456 |    24 | 1.00 | 1.00 |      42.6 |        42.6 |       40.4 
 abcijk-ekac-ijeb |   3456 |  3456 |    24 | 1.00 | 1.00 |      42.9 |        42.9 |       35.6 
 abcijk-ekbc-ijea |   1728 |  6912 |    24 | 1.00 | 1.00 |      42.3 |        42.2 |       38.0 
       abc-bk-akc |    144 | 18432 |   128 | 1.00 | 1.00 |      47.7 |        47.6 |       39.3 

=== complex efficiency ratio (c64 GF/s over f64 GF/s; 1.0 = no penalty) ===
             case | plan c64/f64 | packed c64/f64 | tblis c64/f64 
------------------+--------------+----------------+---------------
         ij-ik-kj |        0.980 |          1.027 |         1.017 
       ij-ikl-ljk |        1.086 |          1.087 |         1.231 
       ij-kil-lkj |        1.130 |          1.130 |         1.287 
       ijk-ikl-lj |        1.047 |          1.046 |         1.100 
       ijk-il-jlk |        1.101 |          1.097 |         1.174 
       ijk-ilk-jl |        1.034 |          1.035 |         1.109 
       ijk-ilk-lj |        1.012 |          1.011 |         1.140 
     ijk-ilmk-mjl |        0.974 |          0.973 |         1.310 
   ijkl-imjn-lnkm |        1.050 |          1.047 |         0.987 
   ijkl-imjn-nlmk |        1.049 |          1.049 |         0.984 
   ijkl-imkn-jnlm |        1.039 |          1.040 |         0.972 
   ijkl-imkn-njml |        1.025 |          1.024 |         0.987 
   ijkl-imln-jnkm |        1.025 |          1.024 |         0.991 
   ijkl-imln-njmk |        1.019 |          1.020 |         0.984 
   ijkl-imnj-nlkm |        1.042 |          1.041 |         0.973 
   ijkl-imnk-njml |        1.020 |          1.020 |         0.977 
   ijkl-minj-nlmk |        1.052 |          1.053 |         1.007 
   ijkl-mink-jnlm |        1.030 |          1.029 |         0.997 
   ijkl-minl-njmk |        1.018 |          1.017 |         0.986 
     aqrs-pa-pqrs |        0.997 |          1.226 |         1.526 
     abrs-qb-aqrs |        1.033 |          1.032 |         1.459 
     abcs-rc-abrs |        1.202 |          1.198 |         1.564 
       abj-bka-kj |        1.092 |          1.081 |         1.206 
       ajb-kba-jk |        1.129 |          1.130 |         1.091 
     abjc-cbka-kj |        2.295 |          2.291 |         1.665 
     ajbc-ckba-jk |        1.713 |          1.717 |         1.673 
     abjc-kbac-jk |        1.255 |          1.245 |         1.541 
   abjcd-dkbac-jk |        1.606 |          1.609 |         1.880 
   adbjc-cbdka-kj |        2.706 |          2.691 |         3.409 
   ajbdc-ckbad-jk |        1.588 |          1.591 |         1.854 
 abcijk-ijma-mkbc |        1.009 |          1.009 |         1.121 
 abcijk-ijmb-mkac |        1.043 |          1.038 |         1.448 
 abcijk-ijmc-mkab |        1.096 |          1.094 |         1.268 
 abcijk-ikma-mjbc |        1.011 |          1.011 |         1.134 
 abcijk-ikmb-mjac |        1.046 |          1.048 |         1.158 
 abcijk-ikmc-mjab |        1.094 |          1.094 |         1.343 
 abcijk-jkma-mibc |        1.003 |          1.004 |         1.121 
 abcijk-jkmb-miac |        1.046 |          1.042 |         1.658 
 abcijk-jkmc-miab |        1.087 |          1.088 |         1.547 
 abcijk-eiab-jkec |        1.094 |          1.092 |         1.502 
 abcijk-eiac-jkeb |        1.037 |          1.044 |         1.674 
 abcijk-eibc-jkea |        1.002 |          1.003 |         1.133 
 abcijk-ejab-ikec |        1.099 |          1.096 |         1.324 
 abcijk-ejac-ikeb |        1.052 |          1.053 |         1.171 
 abcijk-ejbc-ikea |        1.015 |          1.019 |         1.131 
 abcijk-ekab-ijec |        1.098 |          1.096 |         1.281 
 abcijk-ekac-ijeb |        1.043 |          1.043 |         1.451 
 abcijk-ekbc-ijea |        1.015 |          1.012 |         1.123 
       abc-bk-akc |        1.045 |          1.046 |         1.093 
             MEAN |        1.149 |          1.153 |         1.301 

wrote /home/shinaoka/projects/tensor4all/tprims-benchmark/data/results/zen5-cpu/tcbench/20261010T035657Z/run0-16m-1t.csv
