# threads: requested=4 pool=4 budget=4
host        : shinaoka-EVO-X1Pro
target      : x86_64 / linux
cpu features: avx2 fma avx512f avx512dq 
caches      : L1=48KiB/12-way/2sh L2=1024KiB/16-way/2sh L3=8192KiB/16-way/16sh (via sysfs), blocking=legacy
l3 domains  : t1=1 t4=1 t8=1
baselines   : tblis=true blas=false
tblis       : abi 2.x, 4 thread(s)

running 49 cases at 16 MiB nominal tensor size, 5 reps, 1500 ms priming, stress=none


=== f64 ===
             case |      m |     n |     k | regA | regB | plan GF/s | packed GF/s | tblis GF/s 
------------------+--------+-------+-------+------+------+-----------+-------------+------------
         ij-ik-kj |   1464 |  1448 |  1464 | 0.00 | 0.00 |     199.5 |       176.1 |      173.0 
       ij-ikl-ljk |    144 |   128 | 18432 | 1.00 | 1.00 |     102.7 |       103.1 |       87.7 
       ij-kil-lkj |    144 |   128 | 20736 | 1.00 | 1.00 |      96.5 |        96.8 |       79.7 
       ijk-ikl-lj |  18432 |   128 |   144 | 1.00 | 1.00 |     163.7 |       147.0 |      105.6 
       ijk-il-jlk |    144 | 18432 |   128 | 1.00 | 1.00 |     115.4 |       114.1 |      142.1 
       ijk-ilk-jl |  18432 |   144 |   128 | 1.00 | 1.00 |     170.0 |       174.0 |      125.0 
       ijk-ilk-lj |  18432 |   128 |   144 | 1.00 | 1.00 |     170.9 |       171.8 |      119.0 
     ijk-ilmk-mjl |   1920 |    40 |  1920 | 1.00 | 1.00 |     136.6 |       135.2 |       81.1 
   ijkl-imjn-lnkm |   1920 |  1920 |  1600 | 1.00 | 1.00 |     176.5 |       176.5 |      176.2 
   ijkl-imjn-nlmk |   1920 |  1600 |  1920 | 1.00 | 1.00 |     175.0 |       174.9 |      175.2 
   ijkl-imkn-jnlm |   1920 |  1920 |  1600 | 1.00 | 1.00 |     179.1 |       179.4 |      173.3 
   ijkl-imkn-njml |   1920 |  1600 |  1920 | 1.00 | 1.00 |     179.6 |       179.3 |      172.7 
   ijkl-imln-jnkm |   1920 |  1920 |  1600 | 1.00 | 1.00 |     182.1 |       182.2 |      172.1 
   ijkl-imln-njmk |   1920 |  1600 |  1920 | 1.00 | 1.00 |     180.8 |       180.6 |      174.0 
   ijkl-imnj-nlkm |   1920 |  1600 |  1920 | 1.00 | 1.00 |     176.7 |       176.6 |      174.1 
   ijkl-imnk-njml |   1920 |  1600 |  1920 | 1.00 | 1.00 |     179.8 |       180.0 |      174.5 
   ijkl-minj-nlmk |   1920 |  1600 |  2304 | 1.00 | 1.00 |     175.8 |       175.6 |      170.9 
   ijkl-mink-jnlm |   1920 |  1920 |  1920 | 1.00 | 1.00 |     180.4 |       180.7 |      176.7 
   ijkl-minl-njmk |   1920 |  1600 |  2304 | 1.00 | 1.00 |     181.2 |       180.9 |      176.1 
     aqrs-pa-pqrs |     48 | 64000 |    48 | 0.00 | 0.00 |     122.0 |       108.6 |       62.8 
     abrs-qb-aqrs |     40 | 76800 |    48 | 1.00 | 1.00 |     127.7 |       126.6 |       67.6 
     abcs-rc-abrs |     40 | 76800 |    48 | 1.00 | 1.00 |     108.2 |       108.0 |       55.8 
       abj-bka-kj |  20736 |   128 |   144 | 1.00 | 1.00 |     138.5 |       139.5 |       79.1 
       ajb-kba-jk |  18432 |   144 |   144 | 1.00 | 1.00 |     157.1 |       160.3 |      126.4 
     abjc-cbka-kj |  92160 |    40 |    48 | 1.00 | 1.00 |      27.0 |        28.2 |       43.6 
     ajbc-ckba-jk |  92160 |    48 |    40 | 1.00 | 1.00 |      45.1 |        44.5 |       65.3 
     abjc-kbac-jk |  76800 |    48 |    48 | 1.00 | 1.00 |      96.9 |        97.2 |       54.7 
   abjcd-dkbac-jk | 230400 |    24 |    20 | 1.00 | 1.00 |      31.2 |        31.2 |       30.7 
   adbjc-cbdka-kj | 230400 |    20 |    24 | 1.00 | 1.00 |      15.2 |        15.1 |       17.2 
   ajbdc-ckbad-jk | 230400 |    24 |    20 | 1.00 | 1.00 |      32.0 |        31.9 |       33.1 
 abcijk-ijma-mkbc |   6912 |  1728 |    24 | 1.00 | 1.00 |     132.0 |       132.0 |      109.5 
 abcijk-ijmb-mkac |   3456 |  3456 |    24 | 1.00 | 0.67 |     124.3 |       124.3 |       65.5 
 abcijk-ijmc-mkab |   3456 |  3456 |    24 | 1.00 | 0.67 |     115.6 |       116.1 |       84.5 
 abcijk-ikma-mjbc |   6912 |  1728 |    24 | 1.00 | 1.00 |     133.0 |       135.0 |      109.6 
 abcijk-ikmb-mjac |   3456 |  3456 |    24 | 1.00 | 0.67 |     123.8 |       123.7 |       90.3 
 abcijk-ikmc-mjab |   3456 |  3456 |    24 | 1.00 | 0.67 |     116.2 |       115.9 |       77.3 
 abcijk-jkma-mibc |   6912 |  1728 |    24 | 1.00 | 1.00 |     134.8 |       133.2 |      111.6 
 abcijk-jkmb-miac |   3456 |  3456 |    24 | 1.00 | 0.67 |     124.1 |       123.4 |       49.4 
 abcijk-jkmc-miab |   3456 |  3456 |    24 | 1.00 | 0.67 |     110.4 |       110.4 |       64.0 
 abcijk-eiab-jkec |   3456 |  3456 |    24 | 1.00 | 0.67 |     108.8 |       110.6 |       64.2 
 abcijk-eiac-jkeb |   3456 |  3456 |    24 | 1.00 | 0.67 |     122.9 |       123.3 |       48.4 
 abcijk-eibc-jkea |   1728 |  6912 |    24 | 1.00 | 1.00 |     132.7 |       124.8 |      111.2 
 abcijk-ejab-ikec |   3456 |  3456 |    24 | 1.00 | 0.67 |     115.9 |       115.6 |       78.5 
 abcijk-ejac-ikeb |   3456 |  3456 |    24 | 1.00 | 0.67 |     122.9 |       124.2 |       89.9 
 abcijk-ejbc-ikea |   1728 |  6912 |    24 | 1.00 | 1.00 |     136.4 |       135.9 |      110.0 
 abcijk-ekab-ijec |   3456 |  3456 |    24 | 1.00 | 0.67 |     115.8 |       115.9 |       84.0 
 abcijk-ekac-ijeb |   3456 |  3456 |    24 | 1.00 | 0.67 |     123.9 |       123.9 |       63.3 
 abcijk-ekbc-ijea |   1728 |  6912 |    24 | 1.00 | 1.00 |     134.0 |       134.9 |      108.8 
       abc-bk-akc |    144 | 18432 |   128 | 1.00 | 1.00 |     175.4 |       170.6 |      124.5 

=== c64 ===
             case |      m |     n |     k | regA | regB | plan GF/s | packed GF/s | tblis GF/s 
------------------+--------+-------+-------+------+------+-----------+-------------+------------
         ij-ik-kj |   1464 |  1448 |  1464 | 1.00 | 1.00 |     193.0 |       192.9 |      186.0 
       ij-ikl-ljk |    144 |   128 | 18432 | 1.00 | 1.00 |     119.0 |       118.8 |      116.5 
       ij-kil-lkj |    144 |   128 | 20736 | 1.00 | 1.00 |     115.5 |       115.0 |      107.2 
       ijk-ikl-lj |  18432 |   128 |   144 | 1.00 | 1.00 |     176.9 |       178.1 |      134.0 
       ijk-il-jlk |    144 | 18432 |   128 | 1.00 | 1.00 |     137.9 |       137.8 |      168.2 
       ijk-ilk-jl |  18432 |   144 |   128 | 1.00 | 1.00 |     186.1 |       185.0 |      148.0 
       ijk-ilk-lj |  18432 |   128 |   144 | 1.00 | 1.00 |     173.7 |       179.9 |      142.9 
     ijk-ilmk-mjl |   1920 |    40 |  1920 | 1.00 | 1.00 |     141.6 |       140.8 |      108.3 
   ijkl-imjn-lnkm |   1920 |  1920 |  1600 | 1.00 | 0.90 |     189.3 |       188.6 |      179.0 
   ijkl-imjn-nlmk |   1920 |  1600 |  1920 | 1.00 | 0.90 |     189.7 |       189.6 |      179.5 
   ijkl-imkn-jnlm |   1920 |  1920 |  1600 | 1.00 | 1.00 |     190.3 |       190.2 |      177.5 
   ijkl-imkn-njml |   1920 |  1600 |  1920 | 1.00 | 0.90 |     189.6 |       189.6 |      177.8 
   ijkl-imln-jnkm |   1920 |  1920 |  1600 | 1.00 | 1.00 |     190.5 |       190.6 |      178.5 
   ijkl-imln-njmk |   1920 |  1600 |  1920 | 1.00 | 0.90 |     189.7 |       189.9 |      178.6 
   ijkl-imnj-nlkm |   1920 |  1600 |  1920 | 1.00 | 0.90 |     190.0 |       189.8 |      181.1 
   ijkl-imnk-njml |   1920 |  1600 |  1920 | 1.00 | 0.90 |     189.3 |       189.6 |      180.8 
   ijkl-minj-nlmk |   1920 |  1600 |  2304 | 1.00 | 0.90 |     188.4 |       188.5 |      177.5 
   ijkl-mink-jnlm |   1920 |  1920 |  1920 | 1.00 | 1.00 |     189.6 |       189.7 |      179.0 
   ijkl-minl-njmk |   1920 |  1600 |  2304 | 1.00 | 0.90 |     189.0 |       188.8 |      177.3 
     aqrs-pa-pqrs |     48 | 64000 |    48 | 1.00 | 1.00 |     145.6 |       144.5 |      110.6 
     abrs-qb-aqrs |     40 | 76800 |    48 | 1.00 | 1.00 |     138.3 |       138.3 |       93.8 
     abcs-rc-abrs |     40 | 76800 |    48 | 1.00 | 1.00 |     140.9 |       143.3 |       96.4 
       abj-bka-kj |  20736 |   128 |   144 | 1.00 | 1.00 |     160.2 |       160.1 |      114.2 
       ajb-kba-jk |  18432 |   144 |   144 | 1.00 | 1.00 |     185.9 |       185.5 |      153.4 
     abjc-cbka-kj |  92160 |    40 |    48 | 1.00 | 1.00 |      69.6 |        70.8 |       70.1 
     ajbc-ckba-jk |  92160 |    48 |    40 | 1.00 | 1.00 |     103.9 |       104.6 |      103.8 
     abjc-kbac-jk |  76800 |    48 |    48 | 1.00 | 1.00 |     134.3 |       132.5 |       81.7 
   abjcd-dkbac-jk | 230400 |    24 |    20 | 0.67 | 1.00 |      65.9 |        66.1 |       69.9 
   adbjc-cbdka-kj | 230400 |    20 |    24 | 0.67 | 1.00 |      41.9 |        40.7 |       48.0 
   ajbdc-ckbad-jk | 230400 |    24 |    20 | 1.00 | 1.00 |      69.2 |        68.5 |       67.8 
 abcijk-ijma-mkbc |   6912 |  1728 |    24 | 1.00 | 1.00 |     165.9 |       166.0 |      145.0 
 abcijk-ijmb-mkac |   3456 |  3456 |    24 | 1.00 | 1.00 |     167.2 |       170.4 |      111.4 
 abcijk-ijmc-mkab |   3456 |  3456 |    24 | 1.00 | 1.00 |     165.3 |       165.2 |      148.1 
 abcijk-ikma-mjbc |   6912 |  1728 |    24 | 1.00 | 1.00 |     166.1 |       165.9 |      145.2 
 abcijk-ikmb-mjac |   3456 |  3456 |    24 | 1.00 | 1.00 |     168.6 |       170.3 |      124.9 
 abcijk-ikmc-mjab |   3456 |  3456 |    24 | 1.00 | 1.00 |     164.6 |       164.8 |      122.5 
 abcijk-jkma-mibc |   6912 |  1728 |    24 | 1.00 | 1.00 |     166.3 |       166.4 |      144.8 
 abcijk-jkmb-miac |   3456 |  3456 |    24 | 1.00 | 1.00 |     169.3 |       167.6 |       82.7 
 abcijk-jkmc-miab |   3456 |  3456 |    24 | 1.00 | 1.00 |     161.9 |       161.9 |       98.9 
 abcijk-eiab-jkec |   3456 |  3456 |    24 | 1.00 | 1.00 |     162.0 |       161.8 |       97.6 
 abcijk-eiac-jkeb |   3456 |  3456 |    24 | 1.00 | 1.00 |     167.9 |       169.0 |       82.1 
 abcijk-eibc-jkea |   1728 |  6912 |    24 | 1.00 | 1.00 |     165.4 |       165.5 |      144.8 
 abcijk-ejab-ikec |   3456 |  3456 |    24 | 1.00 | 1.00 |     165.1 |       165.6 |      122.7 
 abcijk-ejac-ikeb |   3456 |  3456 |    24 | 1.00 | 1.00 |     168.0 |       169.4 |      124.7 
 abcijk-ejbc-ikea |   1728 |  6912 |    24 | 1.00 | 1.00 |     164.6 |       165.2 |      144.8 
 abcijk-ekab-ijec |   3456 |  3456 |    24 | 1.00 | 1.00 |     165.0 |       165.5 |      149.4 
 abcijk-ekac-ijeb |   3456 |  3456 |    24 | 1.00 | 1.00 |     168.5 |       169.0 |      112.0 
 abcijk-ekbc-ijea |   1728 |  6912 |    24 | 1.00 | 1.00 |     164.6 |       164.5 |      144.9 
       abc-bk-akc |    144 | 18432 |   128 | 1.00 | 1.00 |     182.4 |       187.4 |      147.1 

=== complex efficiency ratio (c64 GF/s over f64 GF/s; 1.0 = no penalty) ===
             case | plan c64/f64 | packed c64/f64 | tblis c64/f64 
------------------+--------------+----------------+---------------
         ij-ik-kj |        0.967 |          1.095 |         1.075 
       ij-ikl-ljk |        1.158 |          1.152 |         1.327 
       ij-kil-lkj |        1.197 |          1.188 |         1.344 
       ijk-ikl-lj |        1.081 |          1.212 |         1.269 
       ijk-il-jlk |        1.195 |          1.208 |         1.184 
       ijk-ilk-jl |        1.095 |          1.063 |         1.184 
       ijk-ilk-lj |        1.017 |          1.047 |         1.200 
     ijk-ilmk-mjl |        1.037 |          1.041 |         1.336 
   ijkl-imjn-lnkm |        1.073 |          1.069 |         1.016 
   ijkl-imjn-nlmk |        1.084 |          1.084 |         1.024 
   ijkl-imkn-jnlm |        1.062 |          1.061 |         1.024 
   ijkl-imkn-njml |        1.056 |          1.057 |         1.030 
   ijkl-imln-jnkm |        1.046 |          1.046 |         1.037 
   ijkl-imln-njmk |        1.049 |          1.051 |         1.027 
   ijkl-imnj-nlkm |        1.076 |          1.075 |         1.040 
   ijkl-imnk-njml |        1.053 |          1.054 |         1.036 
   ijkl-minj-nlmk |        1.072 |          1.073 |         1.039 
   ijkl-mink-jnlm |        1.051 |          1.050 |         1.013 
   ijkl-minl-njmk |        1.043 |          1.043 |         1.007 
     aqrs-pa-pqrs |        1.193 |          1.331 |         1.760 
     abrs-qb-aqrs |        1.083 |          1.092 |         1.388 
     abcs-rc-abrs |        1.302 |          1.327 |         1.728 
       abj-bka-kj |        1.157 |          1.148 |         1.443 
       ajb-kba-jk |        1.184 |          1.157 |         1.214 
     abjc-cbka-kj |        2.582 |          2.510 |         1.607 
     ajbc-ckba-jk |        2.306 |          2.351 |         1.588 
     abjc-kbac-jk |        1.387 |          1.363 |         1.493 
   abjcd-dkbac-jk |        2.115 |          2.116 |         2.278 
   adbjc-cbdka-kj |        2.755 |          2.698 |         2.786 
   ajbdc-ckbad-jk |        2.160 |          2.147 |         2.049 
 abcijk-ijma-mkbc |        1.256 |          1.257 |         1.325 
 abcijk-ijmb-mkac |        1.345 |          1.371 |         1.699 
 abcijk-ijmc-mkab |        1.430 |          1.424 |         1.753 
 abcijk-ikma-mjbc |        1.249 |          1.229 |         1.325 
 abcijk-ikmb-mjac |        1.361 |          1.376 |         1.383 
 abcijk-ikmc-mjab |        1.416 |          1.422 |         1.585 
 abcijk-jkma-mibc |        1.233 |          1.249 |         1.298 
 abcijk-jkmb-miac |        1.365 |          1.359 |         1.673 
 abcijk-jkmc-miab |        1.466 |          1.467 |         1.546 
 abcijk-eiab-jkec |        1.488 |          1.462 |         1.521 
 abcijk-eiac-jkeb |        1.366 |          1.371 |         1.696 
 abcijk-eibc-jkea |        1.247 |          1.325 |         1.303 
 abcijk-ejab-ikec |        1.424 |          1.432 |         1.564 
 abcijk-ejac-ikeb |        1.367 |          1.364 |         1.387 
 abcijk-ejbc-ikea |        1.207 |          1.215 |         1.316 
 abcijk-ekab-ijec |        1.426 |          1.428 |         1.779 
 abcijk-ekac-ijeb |        1.360 |          1.365 |         1.770 
 abcijk-ekbc-ijea |        1.228 |          1.219 |         1.332 
       abc-bk-akc |        1.040 |          1.098 |         1.181 
             MEAN |        1.325 |          1.333 |         1.408 

wrote /home/shinaoka/projects/tensor4all/tprims-benchmark/data/results/zen5-cpu/tcbench/20261010T035657Z/run0-16m-4t.csv
