# threads: requested=1 pool=1 budget=1
host        : shinaoka-EVO-X1Pro
target      : x86_64 / linux
cpu features: avx2 fma avx512f avx512dq 
caches      : L1=48KiB/12-way/2sh L2=1024KiB/16-way/2sh L3=8192KiB/16-way/16sh (via sysfs), blocking=legacy
l3 domains  : t1=1
baselines   : tblis=true blas=false
tblis       : abi 2.x, 1 thread(s)

running 49 cases at 16 MiB nominal tensor size, 5 reps, 1500 ms priming, stress=none


=== f64 ===
             case |      m |     n |     k | regA | regB | plan GF/s | packed GF/s | tblis GF/s 
------------------+--------+-------+-------+------+------+-----------+-------------+------------
         ij-ik-kj |   1464 |  1448 |  1464 | 0.00 | 0.00 |      49.7 |        48.1 |       46.4 
       ij-ikl-ljk |    144 |   128 | 18432 | 1.00 | 1.00 |      38.5 |        38.4 |       27.6 
       ij-kil-lkj |    144 |   128 | 20736 | 1.00 | 1.00 |      35.4 |        35.4 |       25.0 
       ijk-ikl-lj |  18432 |   128 |   144 | 1.00 | 1.00 |      42.7 |        42.7 |       30.3 
       ijk-il-jlk |    144 | 18432 |   128 | 1.00 | 1.00 |      38.9 |        39.2 |       36.2 
       ijk-ilk-jl |  18432 |   144 |   128 | 1.00 | 1.00 |      45.2 |        45.3 |       35.3 
       ijk-ilk-lj |  18432 |   128 |   144 | 1.00 | 1.00 |      45.2 |        44.9 |       33.4 
     ijk-ilmk-mjl |   1920 |    40 |  1920 | 1.00 | 1.00 |      40.9 |        40.9 |       21.2 
   ijkl-imjn-lnkm |   1920 |  1920 |  1600 | 1.00 | 1.00 |      46.4 |        46.3 |       46.8 
   ijkl-imjn-nlmk |   1920 |  1600 |  1920 | 1.00 | 1.00 |      46.7 |        46.6 |       45.5 
   ijkl-imkn-jnlm |   1920 |  1920 |  1600 | 1.00 | 1.00 |      46.8 |        46.8 |       46.3 
   ijkl-imkn-njml |   1920 |  1600 |  1920 | 1.00 | 1.00 |      46.9 |        46.9 |       45.5 
   ijkl-imln-jnkm |   1920 |  1920 |  1600 | 1.00 | 1.00 |      47.0 |        47.0 |       46.0 
   ijkl-imln-njmk |   1920 |  1600 |  1920 | 1.00 | 1.00 |      47.2 |        47.2 |       44.9 
   ijkl-imnj-nlkm |   1920 |  1600 |  1920 | 1.00 | 1.00 |      46.7 |        46.7 |       46.1 
   ijkl-imnk-njml |   1920 |  1600 |  1920 | 1.00 | 1.00 |      47.1 |        47.1 |       46.4 
   ijkl-minj-nlmk |   1920 |  1600 |  2304 | 1.00 | 1.00 |      45.5 |        45.5 |       44.6 
   ijkl-mink-jnlm |   1920 |  1920 |  1920 | 1.00 | 1.00 |      46.3 |        46.4 |       45.9 
   ijkl-minl-njmk |   1920 |  1600 |  2304 | 1.00 | 1.00 |      46.4 |        46.4 |       45.4 
     aqrs-pa-pqrs |     48 | 64000 |    48 | 0.00 | 0.00 |      38.7 |        31.8 |       19.4 
     abrs-qb-aqrs |     40 | 76800 |    48 | 1.00 | 1.00 |      36.0 |        36.0 |       19.4 
     abcs-rc-abrs |     40 | 76800 |    48 | 1.00 | 1.00 |      32.1 |        32.1 |       20.8 
       abj-bka-kj |  20736 |   128 |   144 | 1.00 | 1.00 |      38.2 |        38.9 |       26.4 
       ajb-kba-jk |  18432 |   144 |   144 | 1.00 | 1.00 |      42.1 |        42.1 |       37.9 
     abjc-cbka-kj |  92160 |    40 |    48 | 1.00 | 1.00 |       9.9 |         9.9 |       13.7 
     ajbc-ckba-jk |  92160 |    48 |    40 | 1.00 | 1.00 |      18.2 |        18.2 |       19.5 
     abjc-kbac-jk |  76800 |    48 |    48 | 1.00 | 1.00 |      27.9 |        28.1 |       17.4 
   abjcd-dkbac-jk | 230400 |    24 |    20 | 1.00 | 1.00 |      12.8 |        12.8 |       10.3 
   adbjc-cbdka-kj | 230400 |    20 |    24 | 1.00 | 1.00 |       5.2 |         5.2 |        7.6 
   ajbdc-ckbad-jk | 230400 |    24 |    20 | 1.00 | 1.00 |      13.2 |        13.1 |       10.8 
 abcijk-ijma-mkbc |   6912 |  1728 |    24 | 1.00 | 1.00 |      42.1 |        42.1 |       33.5 
 abcijk-ijmb-mkac |   3456 |  3456 |    24 | 1.00 | 0.67 |      41.2 |        40.9 |       24.6 
 abcijk-ijmc-mkab |   3456 |  3456 |    24 | 1.00 | 0.67 |      38.7 |        38.7 |       31.6 
 abcijk-ikma-mjbc |   6912 |  1728 |    24 | 1.00 | 1.00 |      41.7 |        41.9 |       33.5 
 abcijk-ikmb-mjac |   3456 |  3456 |    24 | 1.00 | 0.67 |      40.9 |        41.1 |       29.6 
 abcijk-ikmc-mjab |   3456 |  3456 |    24 | 1.00 | 0.67 |      38.7 |        38.6 |       26.7 
 abcijk-jkma-mibc |   6912 |  1728 |    24 | 1.00 | 1.00 |      42.0 |        42.0 |       33.6 
 abcijk-jkmb-miac |   3456 |  3456 |    24 | 1.00 | 0.67 |      41.1 |        41.0 |       16.7 
 abcijk-jkmc-miab |   3456 |  3456 |    24 | 1.00 | 0.67 |      38.6 |        38.5 |       23.8 
 abcijk-eiab-jkec |   3456 |  3456 |    24 | 1.00 | 0.67 |      38.6 |        38.7 |       23.2 
 abcijk-eiac-jkeb |   3456 |  3456 |    24 | 1.00 | 0.67 |      40.8 |        41.0 |       16.6 
 abcijk-eibc-jkea |   1728 |  6912 |    24 | 1.00 | 1.00 |      42.0 |        41.9 |       33.6 
 abcijk-ejab-ikec |   3456 |  3456 |    24 | 1.00 | 0.67 |      38.7 |        38.7 |       27.3 
 abcijk-ejac-ikeb |   3456 |  3456 |    24 | 1.00 | 0.67 |      41.0 |        41.0 |       30.0 
 abcijk-ejbc-ikea |   1728 |  6912 |    24 | 1.00 | 1.00 |      41.8 |        41.8 |       33.5 
 abcijk-ekab-ijec |   3456 |  3456 |    24 | 1.00 | 0.67 |      38.7 |        38.7 |       31.6 
 abcijk-ekac-ijeb |   3456 |  3456 |    24 | 1.00 | 0.67 |      41.3 |        41.3 |       24.6 
 abcijk-ekbc-ijea |   1728 |  6912 |    24 | 1.00 | 1.00 |      41.6 |        41.7 |       33.8 
       abc-bk-akc |    144 | 18432 |   128 | 1.00 | 1.00 |      44.2 |        44.2 |       35.4 

=== c64 ===
             case |      m |     n |     k | regA | regB | plan GF/s | packed GF/s | tblis GF/s 
------------------+--------+-------+-------+------+------+-----------+-------------+------------
         ij-ik-kj |   1464 |  1448 |  1464 | 1.00 | 1.00 |      49.0 |        49.0 |       47.2 
       ij-ikl-ljk |    144 |   128 | 18432 | 1.00 | 1.00 |      41.9 |        41.9 |       33.5 
       ij-kil-lkj |    144 |   128 | 20736 | 1.00 | 1.00 |      40.1 |        40.2 |       30.8 
       ijk-ikl-lj |  18432 |   128 |   144 | 1.00 | 1.00 |      45.7 |        45.6 |       36.5 
       ijk-il-jlk |    144 | 18432 |   128 | 1.00 | 1.00 |      47.0 |        47.1 |       42.8 
       ijk-ilk-jl |  18432 |   144 |   128 | 1.00 | 1.00 |      47.7 |        47.7 |       39.3 
       ijk-ilk-lj |  18432 |   128 |   144 | 1.00 | 1.00 |      46.2 |        46.2 |       37.9 
     ijk-ilmk-mjl |   1920 |    40 |  1920 | 1.00 | 1.00 |      38.5 |        38.4 |       28.3 
   ijkl-imjn-lnkm |   1920 |  1920 |  1600 | 1.00 | 0.90 |      48.5 |        48.5 |       45.3 
   ijkl-imjn-nlmk |   1920 |  1600 |  1920 | 1.00 | 0.90 |      48.4 |        48.3 |       44.8 
   ijkl-imkn-jnlm |   1920 |  1920 |  1600 | 1.00 | 1.00 |      48.3 |        48.3 |       45.0 
   ijkl-imkn-njml |   1920 |  1600 |  1920 | 1.00 | 0.90 |      48.1 |        48.1 |       44.6 
   ijkl-imln-jnkm |   1920 |  1920 |  1600 | 1.00 | 1.00 |      48.4 |        48.4 |       45.0 
   ijkl-imln-njmk |   1920 |  1600 |  1920 | 1.00 | 0.90 |      48.2 |        48.2 |       45.0 
   ijkl-imnj-nlkm |   1920 |  1600 |  1920 | 1.00 | 0.90 |      48.3 |        48.3 |       45.0 
   ijkl-imnk-njml |   1920 |  1600 |  1920 | 1.00 | 0.90 |      48.1 |        48.1 |       44.9 
   ijkl-minj-nlmk |   1920 |  1600 |  2304 | 1.00 | 0.90 |      48.0 |        48.0 |       45.9 
   ijkl-mink-jnlm |   1920 |  1920 |  1920 | 1.00 | 1.00 |      48.0 |        48.0 |       45.4 
   ijkl-minl-njmk |   1920 |  1600 |  2304 | 1.00 | 0.90 |      47.8 |        47.8 |       46.0 
     aqrs-pa-pqrs |     48 | 64000 |    48 | 1.00 | 1.00 |      37.9 |        37.9 |       29.4 
     abrs-qb-aqrs |     40 | 76800 |    48 | 1.00 | 1.00 |      35.1 |        35.3 |       29.3 
     abcs-rc-abrs |     40 | 76800 |    48 | 1.00 | 1.00 |      37.0 |        37.0 |       29.5 
       abj-bka-kj |  20736 |   128 |   144 | 1.00 | 1.00 |      42.0 |        42.1 |       30.8 
       ajb-kba-jk |  18432 |   144 |   144 | 1.00 | 1.00 |      47.6 |        47.6 |       40.6 
     abjc-cbka-kj |  92160 |    40 |    48 | 1.00 | 1.00 |      21.3 |        21.3 |       22.5 
     ajbc-ckba-jk |  92160 |    48 |    40 | 1.00 | 1.00 |      28.9 |        28.9 |       33.5 
     abjc-kbac-jk |  76800 |    48 |    48 | 1.00 | 1.00 |      35.0 |        35.0 |       26.6 
   abjcd-dkbac-jk | 230400 |    24 |    20 | 0.67 | 1.00 |      20.5 |        20.5 |       20.1 
   adbjc-cbdka-kj | 230400 |    20 |    24 | 0.67 | 1.00 |      12.7 |        12.6 |       17.9 
   ajbdc-ckbad-jk | 230400 |    24 |    20 | 1.00 | 1.00 |      20.7 |        20.6 |       19.9 
 abcijk-ijma-mkbc |   6912 |  1728 |    24 | 1.00 | 1.00 |      42.3 |        42.4 |       37.9 
 abcijk-ijmb-mkac |   3456 |  3456 |    24 | 1.00 | 1.00 |      42.8 |        42.8 |       35.6 
 abcijk-ijmc-mkab |   3456 |  3456 |    24 | 1.00 | 1.00 |      42.6 |        42.5 |       40.4 
 abcijk-ikma-mjbc |   6912 |  1728 |    24 | 1.00 | 1.00 |      42.3 |        42.3 |       38.0 
 abcijk-ikmb-mjac |   3456 |  3456 |    24 | 1.00 | 1.00 |      42.8 |        42.7 |       34.9 
 abcijk-ikmc-mjab |   3456 |  3456 |    24 | 1.00 | 1.00 |      42.5 |        42.5 |       35.2 
 abcijk-jkma-mibc |   6912 |  1728 |    24 | 1.00 | 1.00 |      42.2 |        42.2 |       37.8 
 abcijk-jkmb-miac |   3456 |  3456 |    24 | 1.00 | 1.00 |      42.7 |        42.7 |       27.6 
 abcijk-jkmc-miab |   3456 |  3456 |    24 | 1.00 | 1.00 |      42.3 |        42.3 |       35.6 
 abcijk-eiab-jkec |   3456 |  3456 |    24 | 1.00 | 1.00 |      42.3 |        42.2 |       35.6 
 abcijk-eiac-jkeb |   3456 |  3456 |    24 | 1.00 | 1.00 |      42.8 |        42.7 |       27.6 
 abcijk-eibc-jkea |   1728 |  6912 |    24 | 1.00 | 1.00 |      42.2 |        42.4 |       38.3 
 abcijk-ejab-ikec |   3456 |  3456 |    24 | 1.00 | 1.00 |      42.5 |        42.5 |       35.2 
 abcijk-ejac-ikeb |   3456 |  3456 |    24 | 1.00 | 1.00 |      42.8 |        42.8 |       35.1 
 abcijk-ejbc-ikea |   1728 |  6912 |    24 | 1.00 | 1.00 |      42.4 |        42.3 |       37.9 
 abcijk-ekab-ijec |   3456 |  3456 |    24 | 1.00 | 1.00 |      42.6 |        42.5 |       39.8 
 abcijk-ekac-ijeb |   3456 |  3456 |    24 | 1.00 | 1.00 |      42.9 |        42.8 |       35.5 
 abcijk-ekbc-ijea |   1728 |  6912 |    24 | 1.00 | 1.00 |      42.3 |        42.4 |       37.9 
       abc-bk-akc |    144 | 18432 |   128 | 1.00 | 1.00 |      47.6 |        47.5 |       39.5 

=== complex efficiency ratio (c64 GF/s over f64 GF/s; 1.0 = no penalty) ===
             case | plan c64/f64 | packed c64/f64 | tblis c64/f64 
------------------+--------------+----------------+---------------
         ij-ik-kj |        0.986 |          1.020 |         1.017 
       ij-ikl-ljk |        1.090 |          1.093 |         1.215 
       ij-kil-lkj |        1.131 |          1.138 |         1.231 
       ijk-ikl-lj |        1.068 |          1.069 |         1.205 
       ijk-il-jlk |        1.209 |          1.200 |         1.182 
       ijk-ilk-jl |        1.054 |          1.053 |         1.115 
       ijk-ilk-lj |        1.022 |          1.028 |         1.132 
     ijk-ilmk-mjl |        0.941 |          0.939 |         1.338 
   ijkl-imjn-lnkm |        1.045 |          1.048 |         0.967 
   ijkl-imjn-nlmk |        1.036 |          1.037 |         0.985 
   ijkl-imkn-jnlm |        1.032 |          1.032 |         0.973 
   ijkl-imkn-njml |        1.025 |          1.026 |         0.980 
   ijkl-imln-jnkm |        1.029 |          1.029 |         0.980 
   ijkl-imln-njmk |        1.020 |          1.019 |         1.002 
   ijkl-imnj-nlkm |        1.035 |          1.036 |         0.978 
   ijkl-imnk-njml |        1.022 |          1.022 |         0.968 
   ijkl-minj-nlmk |        1.055 |          1.055 |         1.029 
   ijkl-mink-jnlm |        1.037 |          1.036 |         0.989 
   ijkl-minl-njmk |        1.032 |          1.031 |         1.014 
     aqrs-pa-pqrs |        0.979 |          1.189 |         1.512 
     abrs-qb-aqrs |        0.975 |          0.980 |         1.510 
     abcs-rc-abrs |        1.152 |          1.151 |         1.420 
       abj-bka-kj |        1.100 |          1.082 |         1.165 
       ajb-kba-jk |        1.129 |          1.131 |         1.072 
     abjc-cbka-kj |        2.156 |          2.162 |         1.638 
     ajbc-ckba-jk |        1.588 |          1.591 |         1.717 
     abjc-kbac-jk |        1.251 |          1.243 |         1.531 
   abjcd-dkbac-jk |        1.598 |          1.605 |         1.955 
   adbjc-cbdka-kj |        2.445 |          2.449 |         2.361 
   ajbdc-ckbad-jk |        1.571 |          1.580 |         1.844 
 abcijk-ijma-mkbc |        1.004 |          1.006 |         1.133 
 abcijk-ijmb-mkac |        1.039 |          1.045 |         1.446 
 abcijk-ijmc-mkab |        1.100 |          1.098 |         1.277 
 abcijk-ikma-mjbc |        1.014 |          1.010 |         1.135 
 abcijk-ikmb-mjac |        1.046 |          1.040 |         1.178 
 abcijk-ikmc-mjab |        1.098 |          1.102 |         1.318 
 abcijk-jkma-mibc |        1.005 |          1.005 |         1.125 
 abcijk-jkmb-miac |        1.038 |          1.042 |         1.653 
 abcijk-jkmc-miab |        1.095 |          1.098 |         1.499 
 abcijk-eiab-jkec |        1.096 |          1.091 |         1.538 
 abcijk-eiac-jkeb |        1.048 |          1.043 |         1.656 
 abcijk-eibc-jkea |        1.005 |          1.011 |         1.140 
 abcijk-ejab-ikec |        1.098 |          1.098 |         1.291 
 abcijk-ejac-ikeb |        1.045 |          1.043 |         1.167 
 abcijk-ejbc-ikea |        1.015 |          1.013 |         1.133 
 abcijk-ekab-ijec |        1.100 |          1.100 |         1.259 
 abcijk-ekac-ijeb |        1.039 |          1.036 |         1.446 
 abcijk-ekbc-ijea |        1.018 |          1.017 |         1.123 
       abc-bk-akc |        1.075 |          1.074 |         1.115 
             MEAN |        1.139 |          1.144 |         1.279 

wrote /home/shinaoka/projects/tensor4all/tprims-benchmark/data/results/zen5-cpu/tcbench/20261010T010143Z/run0-16m-1t.csv
