# threads: requested=4 pool=4 budget=4
host        : shinaoka-EVO-X1Pro
target      : x86_64 / linux
cpu features: avx2 fma avx512f avx512dq 
caches      : L1=48KiB/12-way/2sh L2=1024KiB/16-way/2sh L3=8192KiB/16-way/16sh (via sysfs), blocking=legacy
l3 domains  : t1=1 t4=1 t8=1
baselines   : tblis=true blas=false
tblis       : abi 2.x, 4 thread(s)

running 49 cases at 16 MiB nominal tensor size, 5 reps, 1500 ms priming, stress=none


=== f64 ===
             case |      m |     n |     k | regA | regB | plan GF/s | packed GF/s | tblis GF/s 
------------------+--------+-------+-------+------+------+-----------+-------------+------------
         ij-ik-kj |   1464 |  1448 |  1464 | 0.00 | 0.00 |     200.1 |       175.2 |      173.5 
       ij-ikl-ljk |    144 |   128 | 18432 | 1.00 | 1.00 |     103.0 |       103.5 |       87.7 
       ij-kil-lkj |    144 |   128 | 20736 | 1.00 | 1.00 |      97.5 |        97.5 |       80.1 
       ijk-ikl-lj |  18432 |   128 |   144 | 1.00 | 1.00 |     158.9 |       159.6 |      112.2 
       ijk-il-jlk |    144 | 18432 |   128 | 1.00 | 1.00 |     125.0 |       124.0 |      142.1 
       ijk-ilk-jl |  18432 |   144 |   128 | 1.00 | 1.00 |     173.2 |       174.6 |      124.5 
       ijk-ilk-lj |  18432 |   128 |   144 | 1.00 | 1.00 |     172.6 |       172.2 |      119.9 
     ijk-ilmk-mjl |   1920 |    40 |  1920 | 1.00 | 1.00 |     139.9 |       137.7 |       80.2 
   ijkl-imjn-lnkm |   1920 |  1920 |  1600 | 1.00 | 1.00 |     176.4 |       176.5 |      177.7 
   ijkl-imjn-nlmk |   1920 |  1600 |  1920 | 1.00 | 1.00 |     177.4 |       177.4 |      172.4 
   ijkl-imkn-jnlm |   1920 |  1920 |  1600 | 1.00 | 1.00 |     182.3 |       182.1 |      180.6 
   ijkl-imkn-njml |   1920 |  1600 |  1920 | 1.00 | 1.00 |     180.0 |       180.2 |      172.4 
   ijkl-imln-jnkm |   1920 |  1920 |  1600 | 1.00 | 1.00 |     182.6 |       183.0 |      180.0 
   ijkl-imln-njmk |   1920 |  1600 |  1920 | 1.00 | 1.00 |     181.3 |       181.2 |      174.2 
   ijkl-imnj-nlkm |   1920 |  1600 |  1920 | 1.00 | 1.00 |     177.3 |       177.1 |      175.5 
   ijkl-imnk-njml |   1920 |  1600 |  1920 | 1.00 | 1.00 |     180.2 |       180.0 |      175.3 
   ijkl-minj-nlmk |   1920 |  1600 |  2304 | 1.00 | 1.00 |     175.2 |       175.5 |      171.3 
   ijkl-mink-jnlm |   1920 |  1920 |  1920 | 1.00 | 1.00 |     180.6 |       180.7 |      176.0 
   ijkl-minl-njmk |   1920 |  1600 |  2304 | 1.00 | 1.00 |     177.3 |       177.3 |      171.3 
     aqrs-pa-pqrs |     48 | 64000 |    48 | 0.00 | 0.00 |     133.5 |       106.4 |       63.8 
     abrs-qb-aqrs |     40 | 76800 |    48 | 1.00 | 1.00 |     132.2 |       133.8 |       68.2 
     abcs-rc-abrs |     40 | 76800 |    48 | 1.00 | 1.00 |     117.0 |       116.9 |       63.4 
       abj-bka-kj |  20736 |   128 |   144 | 1.00 | 1.00 |     139.5 |       137.1 |       80.9 
       ajb-kba-jk |  18432 |   144 |   144 | 1.00 | 1.00 |     157.9 |       149.5 |      125.5 
     abjc-cbka-kj |  92160 |    40 |    48 | 1.00 | 1.00 |      27.4 |        27.7 |       41.7 
     ajbc-ckba-jk |  92160 |    48 |    40 | 1.00 | 1.00 |      44.0 |        43.7 |       63.5 
     abjc-kbac-jk |  76800 |    48 |    48 | 1.00 | 1.00 |      97.0 |        95.5 |       53.9 
   abjcd-dkbac-jk | 230400 |    24 |    20 | 1.00 | 1.00 |      31.3 |        31.3 |       31.0 
   adbjc-cbdka-kj | 230400 |    20 |    24 | 1.00 | 1.00 |      14.2 |        13.6 |       16.5 
   ajbdc-ckbad-jk | 230400 |    24 |    20 | 1.00 | 1.00 |      32.0 |        31.8 |       33.2 
 abcijk-ijma-mkbc |   6912 |  1728 |    24 | 1.00 | 1.00 |     133.2 |       133.2 |      111.0 
 abcijk-ijmb-mkac |   3456 |  3456 |    24 | 1.00 | 0.67 |     124.3 |       124.2 |       64.3 
 abcijk-ijmc-mkab |   3456 |  3456 |    24 | 1.00 | 0.67 |     115.9 |       116.9 |       83.6 
 abcijk-ikma-mjbc |   6912 |  1728 |    24 | 1.00 | 1.00 |     133.3 |       136.0 |      110.3 
 abcijk-ikmb-mjac |   3456 |  3456 |    24 | 1.00 | 0.67 |     123.9 |       123.9 |       89.5 
 abcijk-ikmc-mjab |   3456 |  3456 |    24 | 1.00 | 0.67 |     116.5 |       116.4 |       76.7 
 abcijk-jkma-mibc |   6912 |  1728 |    24 | 1.00 | 1.00 |     135.9 |       139.0 |      112.2 
 abcijk-jkmb-miac |   3456 |  3456 |    24 | 1.00 | 0.67 |     123.4 |       122.0 |       50.1 
 abcijk-jkmc-miab |   3456 |  3456 |    24 | 1.00 | 0.67 |     111.6 |       111.4 |       66.1 
 abcijk-eiab-jkec |   3456 |  3456 |    24 | 1.00 | 0.67 |     111.1 |       110.1 |       65.5 
 abcijk-eiac-jkeb |   3456 |  3456 |    24 | 1.00 | 0.67 |     123.4 |       123.5 |       49.5 
 abcijk-eibc-jkea |   1728 |  6912 |    24 | 1.00 | 1.00 |     133.5 |       133.4 |      113.0 
 abcijk-ejab-ikec |   3456 |  3456 |    24 | 1.00 | 0.67 |     116.5 |       116.4 |       78.0 
 abcijk-ejac-ikeb |   3456 |  3456 |    24 | 1.00 | 0.67 |     124.4 |       123.9 |       89.2 
 abcijk-ejbc-ikea |   1728 |  6912 |    24 | 1.00 | 1.00 |     132.1 |       135.6 |      110.9 
 abcijk-ekab-ijec |   3456 |  3456 |    24 | 1.00 | 0.67 |     116.9 |       117.3 |       84.9 
 abcijk-ekac-ijeb |   3456 |  3456 |    24 | 1.00 | 0.67 |     123.9 |       123.9 |       63.4 
 abcijk-ekbc-ijea |   1728 |  6912 |    24 | 1.00 | 1.00 |     127.5 |       135.9 |      110.4 
       abc-bk-akc |    144 | 18432 |   128 | 1.00 | 1.00 |     168.8 |       174.6 |      123.4 

=== c64 ===
             case |      m |     n |     k | regA | regB | plan GF/s | packed GF/s | tblis GF/s 
------------------+--------+-------+-------+------+------+-----------+-------------+------------
         ij-ik-kj |   1464 |  1448 |  1464 | 1.00 | 1.00 |     192.8 |       192.9 |      184.1 
       ij-ikl-ljk |    144 |   128 | 18432 | 1.00 | 1.00 |     118.7 |       118.7 |      116.4 
       ij-kil-lkj |    144 |   128 | 20736 | 1.00 | 1.00 |     115.4 |       115.5 |      107.4 
       ijk-ikl-lj |  18432 |   128 |   144 | 1.00 | 1.00 |     179.5 |       178.9 |      135.1 
       ijk-il-jlk |    144 | 18432 |   128 | 1.00 | 1.00 |     137.6 |       138.3 |      168.5 
       ijk-ilk-jl |  18432 |   144 |   128 | 1.00 | 1.00 |     186.3 |       181.7 |      147.8 
       ijk-ilk-lj |  18432 |   128 |   144 | 1.00 | 1.00 |     181.2 |       180.7 |      143.6 
     ijk-ilmk-mjl |   1920 |    40 |  1920 | 1.00 | 1.00 |     141.3 |       141.1 |      107.4 
   ijkl-imjn-lnkm |   1920 |  1920 |  1600 | 1.00 | 0.90 |     188.9 |       188.2 |      181.1 
   ijkl-imjn-nlmk |   1920 |  1600 |  1920 | 1.00 | 0.90 |     189.8 |       189.5 |      180.4 
   ijkl-imkn-jnlm |   1920 |  1920 |  1600 | 1.00 | 1.00 |     190.6 |       190.5 |      178.1 
   ijkl-imkn-njml |   1920 |  1600 |  1920 | 1.00 | 0.90 |     189.6 |       189.6 |      178.9 
   ijkl-imln-jnkm |   1920 |  1920 |  1600 | 1.00 | 1.00 |     190.9 |       190.8 |      178.3 
   ijkl-imln-njmk |   1920 |  1600 |  1920 | 1.00 | 0.90 |     190.1 |       190.2 |      180.0 
   ijkl-imnj-nlkm |   1920 |  1600 |  1920 | 1.00 | 0.90 |     189.6 |       190.0 |      179.7 
   ijkl-imnk-njml |   1920 |  1600 |  1920 | 1.00 | 0.90 |     189.5 |       189.3 |      181.4 
   ijkl-minj-nlmk |   1920 |  1600 |  2304 | 1.00 | 0.90 |     187.8 |       187.8 |      177.5 
   ijkl-mink-jnlm |   1920 |  1920 |  1920 | 1.00 | 1.00 |     189.7 |       189.6 |      179.9 
   ijkl-minl-njmk |   1920 |  1600 |  2304 | 1.00 | 0.90 |     188.3 |       188.6 |      177.9 
     aqrs-pa-pqrs |     48 | 64000 |    48 | 1.00 | 1.00 |     144.7 |       144.5 |      112.0 
     abrs-qb-aqrs |     40 | 76800 |    48 | 1.00 | 1.00 |     139.2 |       140.3 |      100.7 
     abcs-rc-abrs |     40 | 76800 |    48 | 1.00 | 1.00 |     141.9 |       140.5 |       96.4 
       abj-bka-kj |  20736 |   128 |   144 | 1.00 | 1.00 |     160.2 |       160.8 |      113.9 
       ajb-kba-jk |  18432 |   144 |   144 | 1.00 | 1.00 |     185.9 |       186.1 |      153.4 
     abjc-cbka-kj |  92160 |    40 |    48 | 1.00 | 1.00 |      70.0 |        69.9 |       71.7 
     ajbc-ckba-jk |  92160 |    48 |    40 | 1.00 | 1.00 |     107.7 |       105.5 |      107.5 
     abjc-kbac-jk |  76800 |    48 |    48 | 1.00 | 1.00 |     132.2 |       129.5 |       78.7 
   abjcd-dkbac-jk | 230400 |    24 |    20 | 0.67 | 1.00 |      66.4 |        66.1 |       65.4 
   adbjc-cbdka-kj | 230400 |    20 |    24 | 0.67 | 1.00 |      40.5 |        39.7 |       46.8 
   ajbdc-ckbad-jk | 230400 |    24 |    20 | 1.00 | 1.00 |      68.6 |        68.7 |       67.1 
 abcijk-ijma-mkbc |   6912 |  1728 |    24 | 1.00 | 1.00 |     164.2 |       164.1 |      145.9 
 abcijk-ijmb-mkac |   3456 |  3456 |    24 | 1.00 | 1.00 |     168.8 |       167.3 |      111.2 
 abcijk-ijmc-mkab |   3456 |  3456 |    24 | 1.00 | 1.00 |     164.8 |       164.8 |      149.6 
 abcijk-ikma-mjbc |   6912 |  1728 |    24 | 1.00 | 1.00 |     164.4 |       164.9 |      145.5 
 abcijk-ikmb-mjac |   3456 |  3456 |    24 | 1.00 | 1.00 |     170.2 |       169.2 |      124.9 
 abcijk-ikmc-mjab |   3456 |  3456 |    24 | 1.00 | 1.00 |     164.4 |       164.4 |      122.3 
 abcijk-jkma-mibc |   6912 |  1728 |    24 | 1.00 | 1.00 |     164.1 |       164.4 |      145.3 
 abcijk-jkmb-miac |   3456 |  3456 |    24 | 1.00 | 1.00 |     169.2 |       168.9 |       82.1 
 abcijk-jkmc-miab |   3456 |  3456 |    24 | 1.00 | 1.00 |     161.8 |       161.7 |       96.4 
 abcijk-eiab-jkec |   3456 |  3456 |    24 | 1.00 | 1.00 |     161.9 |       161.3 |       98.2 
 abcijk-eiac-jkeb |   3456 |  3456 |    24 | 1.00 | 1.00 |     166.1 |       168.7 |       82.3 
 abcijk-eibc-jkea |   1728 |  6912 |    24 | 1.00 | 1.00 |     164.7 |       164.3 |      145.7 
 abcijk-ejab-ikec |   3456 |  3456 |    24 | 1.00 | 1.00 |     164.6 |       164.8 |      122.9 
 abcijk-ejac-ikeb |   3456 |  3456 |    24 | 1.00 | 1.00 |     167.6 |       168.9 |      125.1 
 abcijk-ejbc-ikea |   1728 |  6912 |    24 | 1.00 | 1.00 |     165.3 |       165.4 |      145.3 
 abcijk-ekab-ijec |   3456 |  3456 |    24 | 1.00 | 1.00 |     164.5 |       164.9 |      147.7 
 abcijk-ekac-ijeb |   3456 |  3456 |    24 | 1.00 | 1.00 |     168.4 |       170.3 |      111.2 
 abcijk-ekbc-ijea |   1728 |  6912 |    24 | 1.00 | 1.00 |     165.5 |       165.4 |      145.5 
       abc-bk-akc |    144 | 18432 |   128 | 1.00 | 1.00 |     186.1 |       181.5 |      147.1 

=== complex efficiency ratio (c64 GF/s over f64 GF/s; 1.0 = no penalty) ===
             case | plan c64/f64 | packed c64/f64 | tblis c64/f64 
------------------+--------------+----------------+---------------
         ij-ik-kj |        0.964 |          1.101 |         1.061 
       ij-ikl-ljk |        1.152 |          1.147 |         1.328 
       ij-kil-lkj |        1.184 |          1.184 |         1.341 
       ijk-ikl-lj |        1.129 |          1.121 |         1.204 
       ijk-il-jlk |        1.101 |          1.115 |         1.185 
       ijk-ilk-jl |        1.076 |          1.041 |         1.187 
       ijk-ilk-lj |        1.050 |          1.049 |         1.198 
     ijk-ilmk-mjl |        1.010 |          1.025 |         1.339 
   ijkl-imjn-lnkm |        1.071 |          1.066 |         1.019 
   ijkl-imjn-nlmk |        1.070 |          1.068 |         1.047 
   ijkl-imkn-jnlm |        1.046 |          1.046 |         0.986 
   ijkl-imkn-njml |        1.053 |          1.052 |         1.038 
   ijkl-imln-jnkm |        1.045 |          1.043 |         0.990 
   ijkl-imln-njmk |        1.048 |          1.049 |         1.034 
   ijkl-imnj-nlkm |        1.070 |          1.073 |         1.024 
   ijkl-imnk-njml |        1.052 |          1.051 |         1.035 
   ijkl-minj-nlmk |        1.072 |          1.070 |         1.036 
   ijkl-mink-jnlm |        1.050 |          1.049 |         1.022 
   ijkl-minl-njmk |        1.062 |          1.064 |         1.039 
     aqrs-pa-pqrs |        1.084 |          1.358 |         1.755 
     abrs-qb-aqrs |        1.053 |          1.049 |         1.477 
     abcs-rc-abrs |        1.213 |          1.202 |         1.521 
       abj-bka-kj |        1.149 |          1.173 |         1.408 
       ajb-kba-jk |        1.178 |          1.245 |         1.223 
     abjc-cbka-kj |        2.556 |          2.527 |         1.718 
     ajbc-ckba-jk |        2.446 |          2.414 |         1.694 
     abjc-kbac-jk |        1.362 |          1.356 |         1.461 
   abjcd-dkbac-jk |        2.119 |          2.109 |         2.111 
   adbjc-cbdka-kj |        2.855 |          2.915 |         2.840 
   ajbdc-ckbad-jk |        2.148 |          2.162 |         2.019 
 abcijk-ijma-mkbc |        1.233 |          1.232 |         1.315 
 abcijk-ijmb-mkac |        1.358 |          1.347 |         1.728 
 abcijk-ijmc-mkab |        1.422 |          1.409 |         1.790 
 abcijk-ikma-mjbc |        1.234 |          1.212 |         1.320 
 abcijk-ikmb-mjac |        1.374 |          1.366 |         1.395 
 abcijk-ikmc-mjab |        1.411 |          1.413 |         1.595 
 abcijk-jkma-mibc |        1.207 |          1.182 |         1.295 
 abcijk-jkmb-miac |        1.370 |          1.385 |         1.638 
 abcijk-jkmc-miab |        1.450 |          1.452 |         1.458 
 abcijk-eiab-jkec |        1.456 |          1.465 |         1.500 
 abcijk-eiac-jkeb |        1.346 |          1.366 |         1.664 
 abcijk-eibc-jkea |        1.233 |          1.232 |         1.290 
 abcijk-ejab-ikec |        1.413 |          1.416 |         1.575 
 abcijk-ejac-ikeb |        1.347 |          1.363 |         1.402 
 abcijk-ejbc-ikea |        1.251 |          1.220 |         1.311 
 abcijk-ekab-ijec |        1.406 |          1.406 |         1.739 
 abcijk-ekac-ijeb |        1.359 |          1.374 |         1.753 
 abcijk-ekbc-ijea |        1.298 |          1.217 |         1.318 
       abc-bk-akc |        1.103 |          1.040 |         1.192 
             MEAN |        1.321 |          1.327 |         1.400 

wrote /home/shinaoka/projects/tensor4all/tprims-benchmark/data/results/zen5-cpu/tcbench/20261010T010143Z/run0-16m-4t.csv
