# threads: requested=4 pool=4 budget=4
host        : shinaoka-EVO-X1Pro
target      : x86_64 / linux
cpu features: avx2 fma avx512f avx512dq 
caches      : L1=48KiB/12-way/2sh L2=1024KiB/16-way/2sh L3=8192KiB/16-way/16sh (via sysfs), blocking=legacy
l3 domains  : t1=1 t4=1 t8=1
baselines   : blas=false

running 49 cases at 16 MiB nominal tensor size, 5 reps, 1500 ms priming, stress=none


=== f64 ===
             case |      m |     n |     k | regA | regB | plan GF/s | packed GF/s 
------------------+--------+-------+-------+------+------+-----------+-------------
         ij-ik-kj |   1464 |  1448 |  1464 | 0.00 | 0.00 |     199.9 |       175.3 
       ij-ikl-ljk |    144 |   128 | 18432 | 1.00 | 1.00 |     107.9 |       102.4 
       ij-kil-lkj |    144 |   128 | 20736 | 1.00 | 1.00 |     100.0 |       101.2 
       ijk-ikl-lj |  18432 |   128 |   144 | 1.00 | 1.00 |     163.9 |       164.1 
       ijk-il-jlk |    144 | 18432 |   128 | 1.00 | 1.00 |     117.1 |       115.5 
       ijk-ilk-jl |  18432 |   144 |   128 | 1.00 | 1.00 |     174.3 |       171.7 
       ijk-ilk-lj |  18432 |   128 |   144 | 1.00 | 1.00 |     171.3 |       172.0 
     ijk-ilmk-mjl |   1920 |    40 |  1920 | 1.00 | 1.00 |     135.7 |       139.2 
   ijkl-imjn-lnkm |   1920 |  1920 |  1600 | 1.00 | 1.00 |     176.8 |       176.0 
   ijkl-imjn-nlmk |   1920 |  1600 |  1920 | 1.00 | 1.00 |     177.2 |       177.0 
   ijkl-imkn-jnlm |   1920 |  1920 |  1600 | 1.00 | 1.00 |     179.7 |       180.2 
   ijkl-imkn-njml |   1920 |  1600 |  1920 | 1.00 | 1.00 |     180.4 |       180.4 
   ijkl-imln-jnkm |   1920 |  1920 |  1600 | 1.00 | 1.00 |     182.5 |       181.0 
   ijkl-imln-njmk |   1920 |  1600 |  1920 | 1.00 | 1.00 |     182.1 |       181.9 
   ijkl-imnj-nlkm |   1920 |  1600 |  1920 | 1.00 | 1.00 |     178.8 |       176.9 
   ijkl-imnk-njml |   1920 |  1600 |  1920 | 1.00 | 1.00 |     180.7 |       180.3 
   ijkl-minj-nlmk |   1920 |  1600 |  2304 | 1.00 | 1.00 |     176.5 |       176.7 
   ijkl-mink-jnlm |   1920 |  1920 |  1920 | 1.00 | 1.00 |     179.8 |       179.9 
   ijkl-minl-njmk |   1920 |  1600 |  2304 | 1.00 | 1.00 |     181.5 |       181.8 
     aqrs-pa-pqrs |     48 | 64000 |    48 | 0.00 | 0.00 |     134.6 |       108.1 
     abrs-qb-aqrs |     40 | 76800 |    48 | 1.00 | 1.00 |     133.0 |       133.4 
     abcs-rc-abrs |     40 | 76800 |    48 | 1.00 | 1.00 |     112.5 |       115.8 
       abj-bka-kj |  20736 |   128 |   144 | 1.00 | 1.00 |     140.4 |       140.2 
       ajb-kba-jk |  18432 |   144 |   144 | 1.00 | 1.00 |     158.6 |       160.0 
     abjc-cbka-kj |  92160 |    40 |    48 | 1.00 | 1.00 |      27.2 |        28.0 
     ajbc-ckba-jk |  92160 |    48 |    40 | 1.00 | 1.00 |      44.3 |        43.6 
     abjc-kbac-jk |  76800 |    48 |    48 | 1.00 | 1.00 |      94.4 |        96.9 
   abjcd-dkbac-jk | 230400 |    24 |    20 | 1.00 | 1.00 |      30.9 |        31.1 
   adbjc-cbdka-kj | 230400 |    20 |    24 | 1.00 | 1.00 |      15.0 |        14.5 
   ajbdc-ckbad-jk | 230400 |    24 |    20 | 1.00 | 1.00 |      31.7 |        31.8 
 abcijk-ijma-mkbc |   6912 |  1728 |    24 | 1.00 | 1.00 |     134.3 |       131.0 
 abcijk-ijmb-mkac |   3456 |  3456 |    24 | 1.00 | 0.67 |     124.2 |       124.6 
 abcijk-ijmc-mkab |   3456 |  3456 |    24 | 1.00 | 0.67 |     116.2 |       116.1 
 abcijk-ikma-mjbc |   6912 |  1728 |    24 | 1.00 | 1.00 |     134.0 |       134.3 
 abcijk-ikmb-mjac |   3456 |  3456 |    24 | 1.00 | 0.67 |     124.5 |       124.1 
 abcijk-ikmc-mjab |   3456 |  3456 |    24 | 1.00 | 0.67 |     114.9 |       115.1 
 abcijk-jkma-mibc |   6912 |  1728 |    24 | 1.00 | 1.00 |     132.0 |       135.4 
 abcijk-jkmb-miac |   3456 |  3456 |    24 | 1.00 | 0.67 |     123.6 |       124.2 
 abcijk-jkmc-miab |   3456 |  3456 |    24 | 1.00 | 0.67 |     110.6 |       109.4 
 abcijk-eiab-jkec |   3456 |  3456 |    24 | 1.00 | 0.67 |     110.6 |       110.3 
 abcijk-eiac-jkeb |   3456 |  3456 |    24 | 1.00 | 0.67 |     123.5 |       124.0 
 abcijk-eibc-jkea |   1728 |  6912 |    24 | 1.00 | 1.00 |     131.4 |       134.7 
 abcijk-ejab-ikec |   3456 |  3456 |    24 | 1.00 | 0.67 |     115.0 |       115.2 
 abcijk-ejac-ikeb |   3456 |  3456 |    24 | 1.00 | 0.67 |     123.7 |       124.1 
 abcijk-ejbc-ikea |   1728 |  6912 |    24 | 1.00 | 1.00 |     130.1 |       131.0 
 abcijk-ekab-ijec |   3456 |  3456 |    24 | 1.00 | 0.67 |     115.3 |       115.3 
 abcijk-ekac-ijeb |   3456 |  3456 |    24 | 1.00 | 0.67 |     124.0 |       124.2 
 abcijk-ekbc-ijea |   1728 |  6912 |    24 | 1.00 | 1.00 |     131.6 |       134.1 
       abc-bk-akc |    144 | 18432 |   128 | 1.00 | 1.00 |     173.6 |       175.2 

=== c64 ===
             case |      m |     n |     k | regA | regB | plan GF/s | packed GF/s 
------------------+--------+-------+-------+------+------+-----------+-------------
         ij-ik-kj |   1464 |  1448 |  1464 | 1.00 | 1.00 |     192.9 |       193.0 
       ij-ikl-ljk |    144 |   128 | 18432 | 1.00 | 1.00 |     119.5 |       119.1 
       ij-kil-lkj |    144 |   128 | 20736 | 1.00 | 1.00 |     115.4 |       115.4 
       ijk-ikl-lj |  18432 |   128 |   144 | 1.00 | 1.00 |     174.0 |       177.5 
       ijk-il-jlk |    144 | 18432 |   128 | 1.00 | 1.00 |     137.8 |       137.3 
       ijk-ilk-jl |  18432 |   144 |   128 | 1.00 | 1.00 |     186.7 |       185.9 
       ijk-ilk-lj |  18432 |   128 |   144 | 1.00 | 1.00 |     180.6 |       180.1 
     ijk-ilmk-mjl |   1920 |    40 |  1920 | 1.00 | 1.00 |     148.1 |       148.3 
   ijkl-imjn-lnkm |   1920 |  1920 |  1600 | 1.00 | 0.90 |     188.6 |       188.6 
   ijkl-imjn-nlmk |   1920 |  1600 |  1920 | 1.00 | 0.90 |     190.0 |       190.2 
   ijkl-imkn-jnlm |   1920 |  1920 |  1600 | 1.00 | 1.00 |     190.3 |       190.2 
   ijkl-imkn-njml |   1920 |  1600 |  1920 | 1.00 | 0.90 |     189.6 |       189.4 
   ijkl-imln-jnkm |   1920 |  1920 |  1600 | 1.00 | 1.00 |     190.7 |       190.6 
   ijkl-imln-njmk |   1920 |  1600 |  1920 | 1.00 | 0.90 |     190.0 |       190.2 
   ijkl-imnj-nlkm |   1920 |  1600 |  1920 | 1.00 | 0.90 |     189.9 |       189.9 
   ijkl-imnk-njml |   1920 |  1600 |  1920 | 1.00 | 0.90 |     189.7 |       189.5 
   ijkl-minj-nlmk |   1920 |  1600 |  2304 | 1.00 | 0.90 |     188.8 |       188.8 
   ijkl-mink-jnlm |   1920 |  1920 |  1920 | 1.00 | 1.00 |     189.9 |       189.5 
   ijkl-minl-njmk |   1920 |  1600 |  2304 | 1.00 | 0.90 |     189.2 |       189.2 
     aqrs-pa-pqrs |     48 | 64000 |    48 | 1.00 | 1.00 |     144.5 |       145.0 
     abrs-qb-aqrs |     40 | 76800 |    48 | 1.00 | 1.00 |     138.4 |       139.0 
     abcs-rc-abrs |     40 | 76800 |    48 | 1.00 | 1.00 |     146.0 |       144.7 
       abj-bka-kj |  20736 |   128 |   144 | 1.00 | 1.00 |     159.7 |       160.8 
       ajb-kba-jk |  18432 |   144 |   144 | 1.00 | 1.00 |     185.7 |       186.3 
     abjc-cbka-kj |  92160 |    40 |    48 | 1.00 | 1.00 |      69.4 |        68.6 
     ajbc-ckba-jk |  92160 |    48 |    40 | 1.00 | 1.00 |     105.5 |       105.6 
     abjc-kbac-jk |  76800 |    48 |    48 | 1.00 | 1.00 |     134.1 |       134.0 
   abjcd-dkbac-jk | 230400 |    24 |    20 | 0.67 | 1.00 |      66.4 |        65.9 
   adbjc-cbdka-kj | 230400 |    20 |    24 | 0.67 | 1.00 |      43.0 |        42.1 
   ajbdc-ckbad-jk | 230400 |    24 |    20 | 1.00 | 1.00 |      68.3 |        68.9 
 abcijk-ijma-mkbc |   6912 |  1728 |    24 | 1.00 | 1.00 |     165.4 |       165.5 
 abcijk-ijmb-mkac |   3456 |  3456 |    24 | 1.00 | 1.00 |     169.0 |       169.4 
 abcijk-ijmc-mkab |   3456 |  3456 |    24 | 1.00 | 1.00 |     165.1 |       164.9 
 abcijk-ikma-mjbc |   6912 |  1728 |    24 | 1.00 | 1.00 |     164.6 |       163.9 
 abcijk-ikmb-mjac |   3456 |  3456 |    24 | 1.00 | 1.00 |     169.0 |       168.3 
 abcijk-ikmc-mjab |   3456 |  3456 |    24 | 1.00 | 1.00 |     164.9 |       164.8 
 abcijk-jkma-mibc |   6912 |  1728 |    24 | 1.00 | 1.00 |     164.9 |       164.8 
 abcijk-jkmb-miac |   3456 |  3456 |    24 | 1.00 | 1.00 |     168.2 |       168.5 
 abcijk-jkmc-miab |   3456 |  3456 |    24 | 1.00 | 1.00 |     161.7 |       162.0 
 abcijk-eiab-jkec |   3456 |  3456 |    24 | 1.00 | 1.00 |     161.8 |       161.7 
 abcijk-eiac-jkeb |   3456 |  3456 |    24 | 1.00 | 1.00 |     168.8 |       169.0 
 abcijk-eibc-jkea |   1728 |  6912 |    24 | 1.00 | 1.00 |     164.7 |       164.7 
 abcijk-ejab-ikec |   3456 |  3456 |    24 | 1.00 | 1.00 |     164.4 |       164.4 
 abcijk-ejac-ikeb |   3456 |  3456 |    24 | 1.00 | 1.00 |     169.1 |       167.6 
 abcijk-ejbc-ikea |   1728 |  6912 |    24 | 1.00 | 1.00 |     164.1 |       164.8 
 abcijk-ekab-ijec |   3456 |  3456 |    24 | 1.00 | 1.00 |     164.9 |       164.8 
 abcijk-ekac-ijeb |   3456 |  3456 |    24 | 1.00 | 1.00 |     169.0 |       169.8 
 abcijk-ekbc-ijea |   1728 |  6912 |    24 | 1.00 | 1.00 |     163.7 |       164.1 
       abc-bk-akc |    144 | 18432 |   128 | 1.00 | 1.00 |     186.7 |       186.9 

=== complex efficiency ratio (c64 GF/s over f64 GF/s; 1.0 = no penalty) ===
             case | plan c64/f64 | packed c64/f64 
------------------+--------------+----------------
         ij-ik-kj |        0.965 |          1.101 
       ij-ikl-ljk |        1.107 |          1.163 
       ij-kil-lkj |        1.154 |          1.140 
       ijk-ikl-lj |        1.061 |          1.081 
       ijk-il-jlk |        1.177 |          1.189 
       ijk-ilk-jl |        1.071 |          1.082 
       ijk-ilk-lj |        1.054 |          1.048 
     ijk-ilmk-mjl |        1.091 |          1.065 
   ijkl-imjn-lnkm |        1.067 |          1.072 
   ijkl-imjn-nlmk |        1.072 |          1.075 
   ijkl-imkn-jnlm |        1.059 |          1.055 
   ijkl-imkn-njml |        1.051 |          1.050 
   ijkl-imln-jnkm |        1.045 |          1.053 
   ijkl-imln-njmk |        1.043 |          1.045 
   ijkl-imnj-nlkm |        1.062 |          1.073 
   ijkl-imnk-njml |        1.050 |          1.051 
   ijkl-minj-nlmk |        1.069 |          1.069 
   ijkl-mink-jnlm |        1.057 |          1.053 
   ijkl-minl-njmk |        1.043 |          1.041 
     aqrs-pa-pqrs |        1.074 |          1.341 
     abrs-qb-aqrs |        1.040 |          1.042 
     abcs-rc-abrs |        1.297 |          1.250 
       abj-bka-kj |        1.138 |          1.147 
       ajb-kba-jk |        1.171 |          1.164 
     abjc-cbka-kj |        2.551 |          2.452 
     ajbc-ckba-jk |        2.381 |          2.424 
     abjc-kbac-jk |        1.421 |          1.382 
   abjcd-dkbac-jk |        2.151 |          2.117 
   adbjc-cbdka-kj |        2.864 |          2.894 
   ajbdc-ckbad-jk |        2.157 |          2.165 
 abcijk-ijma-mkbc |        1.231 |          1.263 
 abcijk-ijmb-mkac |        1.361 |          1.360 
 abcijk-ijmc-mkab |        1.420 |          1.421 
 abcijk-ikma-mjbc |        1.228 |          1.220 
 abcijk-ikmb-mjac |        1.357 |          1.355 
 abcijk-ikmc-mjab |        1.435 |          1.432 
 abcijk-jkma-mibc |        1.249 |          1.217 
 abcijk-jkmb-miac |        1.361 |          1.357 
 abcijk-jkmc-miab |        1.462 |          1.481 
 abcijk-eiab-jkec |        1.463 |          1.466 
 abcijk-eiac-jkeb |        1.366 |          1.363 
 abcijk-eibc-jkea |        1.253 |          1.222 
 abcijk-ejab-ikec |        1.429 |          1.427 
 abcijk-ejac-ikeb |        1.367 |          1.350 
 abcijk-ejbc-ikea |        1.261 |          1.259 
 abcijk-ekab-ijec |        1.430 |          1.429 
 abcijk-ekac-ijeb |        1.363 |          1.367 
 abcijk-ekbc-ijea |        1.244 |          1.223 
       abc-bk-akc |        1.075 |          1.067 
             MEAN |        1.324 |          1.330 

wrote /home/shinaoka/projects/tensor4all/tprims-benchmark/data/results/zen5-cpu/tcbench/20261009T224615Z/run0-16m-4t.csv
