# threads: requested=4 pool=4 budget=4
host        : shinaoka-EVO-X1Pro
target      : x86_64 / linux
cpu features: avx2 fma avx512f avx512dq 
caches      : L1=48KiB/12-way/2sh L2=1024KiB/16-way/2sh L3=8192KiB/16-way/16sh (via sysfs)
baselines   : upstream=true tblis=true
tblis       : abi 2.x, 4 thread(s)

running 21 cases at fixed extents (--size is accepted and ignored: this corpus has no size knob), 5 reps, 500 ms priming, engines=plan,packed,upstream,tblis


=== GFLOP/s, best of 5 calls after 500 ms priming, whole program per call ===
                 case | dtype | steps |     macs | plan GF/s | packed GF/s | upstream GF/s | tblis GF/s 
----------------------+-------+-------+----------+-----------+-------------+---------------+------------
   ikb_knb_inb_n2_b16 |   f64 |     1 |      128 |       0.5 |         0.1 |           0.1 |        0.0 
   ikb_knb_inb_n4_b16 |   f64 |     1 |     1024 |       3.1 |         0.9 |           0.7 |        0.0 
   ikb_knb_inb_n8_b16 |   f64 |     1 |     8192 |      18.0 |         4.3 |           3.8 |        0.2 
  ikb_knb_inb_n16_b16 |   f64 |     1 |    65536 |      34.9 |        13.3 |           5.1 |        1.0 
   ikb_knb_inb_n2_b64 |   f64 |     1 |      512 |       0.8 |         0.2 |           0.1 |        0.0 
   ikb_knb_inb_n4_b64 |   f64 |     1 |     4096 |       4.0 |         1.0 |           0.8 |        0.1 
   ikb_knb_inb_n8_b64 |   f64 |     1 |    32768 |      20.4 |         4.6 |           4.1 |        0.4 
  ikb_knb_inb_n16_b64 |   f64 |     1 |   262144 |      36.6 |        13.8 |          10.6 |        1.0 
  ikb_knb_inb_n2_b256 |   f64 |     1 |     2048 |       0.8 |         0.2 |           0.2 |        0.0 
  ikb_knb_inb_n4_b256 |   f64 |     1 |    16384 |       4.3 |         1.1 |           0.9 |        0.1 
  ikb_knb_inb_n8_b256 |   f64 |     1 |   131072 |      21.8 |         4.9 |           4.0 |        1.1 
 ikb_knb_inb_n16_b256 |   f64 |     1 |  1048576 |     115.0 |        50.5 |          14.7 |        2.9 
    ijk_jkl_il_8x16x8 |   f64 |     1 |     8192 |      29.2 |         5.7 |           5.3 |        1.3 
     ij_jk_ik_c64_n32 |   c64 |     1 |    32768 |      48.1 |        32.4 |           5.9 |       19.2 
     ij_jk_ik_f64_n64 |   f64 |     1 |   262144 |      50.2 |        34.7 |          14.1 |       27.1 
      ij_jk_kl_il_n64 |   f64 |     2 |   524288 |      50.3 |        34.6 |          14.7 |       27.7 
   mps_chain_L32_chi4 |   c64 |    64 |     8192 |       2.9 |         1.3 |           0.1 |        0.1 
   mps_chain_L32_chi8 |   c64 |    64 |    65536 |      13.3 |         6.8 |           0.4 |        0.7 
  mps_chain_L32_chi16 |   c64 |    64 |   524288 |      40.3 |        22.7 |           1.9 |        5.5 
  mps_chain_L32_chi32 |   c64 |    64 |  4194304 |      47.9 |        34.3 |          10.4 |       29.4 
  mps_chain_L32_chi64 |   c64 |    64 | 33554432 |     103.7 |       104.3 |          45.2 |       71.4 

=== notes ===
      ikb_knb_inb_n2_b16  f64 plan         0.0005 ms  faer rel_err=8.58e-17
      ikb_knb_inb_n2_b16  f64 packed       0.0018 ms  avx512.f64.real.24x8 24x8 AB 264x256x1536 rel_err=8.58e-17
      ikb_knb_inb_n2_b16  f64 upstream     0.0020 ms  rel_err=8.58e-17
      ikb_knb_inb_n2_b16  f64 tblis        0.0187 ms  rel_err=8.58e-17
      ikb_knb_inb_n4_b16  f64 plan         0.0007 ms  faer rel_err=2.51e-16
      ikb_knb_inb_n4_b16  f64 packed       0.0024 ms  avx512.f64.real.24x8 24x8 AB 264x256x1536 rel_err=2.51e-16
      ikb_knb_inb_n4_b16  f64 upstream     0.0027 ms  rel_err=2.51e-16
      ikb_knb_inb_n4_b16  f64 tblis        0.0416 ms  rel_err=2.51e-16
      ikb_knb_inb_n8_b16  f64 plan         0.0009 ms  faer rel_err=1.91e-16
      ikb_knb_inb_n8_b16  f64 packed       0.0038 ms  avx512.f64.real.24x8 24x8 AB 264x256x1536 rel_err=1.91e-16
      ikb_knb_inb_n8_b16  f64 upstream     0.0044 ms  rel_err=1.91e-16
      ikb_knb_inb_n8_b16  f64 tblis        0.0922 ms  rel_err=1.91e-16
     ikb_knb_inb_n16_b16  f64 plan         0.0038 ms  faer rel_err=1.89e-16
     ikb_knb_inb_n16_b16  f64 packed       0.0099 ms  avx512.f64.real.24x8 24x8 AB 264x256x1536 rel_err=1.89e-16
     ikb_knb_inb_n16_b16  f64 upstream     0.0259 ms  rel_err=1.89e-16
     ikb_knb_inb_n16_b16  f64 tblis        0.1273 ms  rel_err=1.89e-16
      ikb_knb_inb_n2_b64  f64 plan         0.0013 ms  faer rel_err=1.82e-16
      ikb_knb_inb_n2_b64  f64 packed       0.0059 ms  avx512.f64.real.24x8 24x8 AB 264x256x1536 rel_err=1.82e-16
      ikb_knb_inb_n2_b64  f64 upstream     0.0070 ms  rel_err=1.82e-16
      ikb_knb_inb_n2_b64  f64 tblis        0.0613 ms  rel_err=1.82e-16
      ikb_knb_inb_n4_b64  f64 plan         0.0020 ms  faer rel_err=2.26e-16
      ikb_knb_inb_n4_b64  f64 packed       0.0079 ms  avx512.f64.real.24x8 24x8 AB 264x256x1536 rel_err=2.26e-16
      ikb_knb_inb_n4_b64  f64 upstream     0.0100 ms  rel_err=2.26e-16
      ikb_knb_inb_n4_b64  f64 tblis        0.0616 ms  rel_err=2.26e-16
      ikb_knb_inb_n8_b64  f64 plan         0.0032 ms  faer rel_err=2.69e-16
      ikb_knb_inb_n8_b64  f64 packed       0.0141 ms  avx512.f64.real.24x8 24x8 AB 264x256x1536 rel_err=2.69e-16
      ikb_knb_inb_n8_b64  f64 upstream     0.0162 ms  rel_err=2.69e-16
      ikb_knb_inb_n8_b64  f64 tblis        0.1615 ms  rel_err=2.69e-16
     ikb_knb_inb_n16_b64  f64 plan         0.0143 ms  faer rel_err=3.43e-16
     ikb_knb_inb_n16_b64  f64 packed       0.0380 ms  avx512.f64.real.24x8 24x8 AB 264x256x1536 rel_err=3.43e-16
     ikb_knb_inb_n16_b64  f64 upstream     0.0494 ms  rel_err=3.43e-16
     ikb_knb_inb_n16_b64  f64 tblis        0.5274 ms  rel_err=3.43e-16
     ikb_knb_inb_n2_b256  f64 plan         0.0048 ms  faer rel_err=1.51e-16
     ikb_knb_inb_n2_b256  f64 packed       0.0223 ms  avx512.f64.real.24x8 24x8 AB 264x256x1536 rel_err=1.51e-16
     ikb_knb_inb_n2_b256  f64 upstream     0.0265 ms  rel_err=1.51e-16
     ikb_knb_inb_n2_b256  f64 tblis        0.2284 ms  rel_err=1.51e-16
     ikb_knb_inb_n4_b256  f64 plan         0.0076 ms  faer rel_err=1.73e-16
     ikb_knb_inb_n4_b256  f64 packed       0.0300 ms  avx512.f64.real.24x8 24x8 AB 264x256x1536 rel_err=1.73e-16
     ikb_knb_inb_n4_b256  f64 upstream     0.0374 ms  rel_err=1.73e-16
     ikb_knb_inb_n4_b256  f64 tblis        0.2261 ms  rel_err=1.73e-16
     ikb_knb_inb_n8_b256  f64 plan         0.0121 ms  faer rel_err=2.14e-16
     ikb_knb_inb_n8_b256  f64 packed       0.0538 ms  avx512.f64.real.24x8 24x8 AB 264x256x1536 rel_err=2.14e-16
     ikb_knb_inb_n8_b256  f64 upstream     0.0661 ms  rel_err=2.14e-16
     ikb_knb_inb_n8_b256  f64 tblis        0.2461 ms  rel_err=2.14e-16
    ikb_knb_inb_n16_b256  f64 plan         0.0182 ms  faer rel_err=2.38e-16
    ikb_knb_inb_n16_b256  f64 packed       0.0415 ms  avx512.f64.real.24x8 24x8 AB 264x256x1536 rel_err=2.38e-16
    ikb_knb_inb_n16_b256  f64 upstream     0.1423 ms  rel_err=2.38e-16
    ikb_knb_inb_n16_b256  f64 tblis        0.7154 ms  rel_err=2.38e-16
       ijk_jkl_il_8x16x8  f64 plan         0.0006 ms  faer rel_err=4.06e-16
       ijk_jkl_il_8x16x8  f64 packed       0.0029 ms  avx512.f64.real.24x8 24x8 AB 264x256x1536 rel_err=4.06e-16
       ijk_jkl_il_8x16x8  f64 upstream     0.0031 ms  rel_err=4.06e-16
       ijk_jkl_il_8x16x8  f64 tblis        0.0124 ms  rel_err=4.06e-16
        ij_jk_ik_c64_n32  c64 plan         0.0054 ms  faer rel_err=5.44e-16
        ij_jk_ik_c64_n32  c64 packed       0.0081 ms  avx512.c64.planar.16x6 16x6 AB 128x256x768 rel_err=5.44e-16
        ij_jk_ik_c64_n32  c64 upstream     0.0448 ms  rel_err=5.44e-16
        ij_jk_ik_c64_n32  c64 tblis        0.0137 ms  rel_err=5.45e-16
        ij_jk_ik_f64_n64  f64 plan         0.0104 ms  faer rel_err=2.36e-16
        ij_jk_ik_f64_n64  f64 packed       0.0151 ms  avx512.f64.real.24x8 24x8 AB 264x256x1536 rel_err=2.36e-16
        ij_jk_ik_f64_n64  f64 upstream     0.0372 ms  rel_err=2.36e-16
        ij_jk_ik_f64_n64  f64 tblis        0.0193 ms  rel_err=2.36e-16
         ij_jk_kl_il_n64  f64 plan         0.0208 ms  faer rel_err=5.71e-16 steps=2 m/n/k=final-step per-step MxNxK=64x64x64x2
         ij_jk_kl_il_n64  f64 packed       0.0303 ms  avx512.f64.real.24x8 24x8 AB 264x256x1536 rel_err=5.71e-16 steps=2 m/n/k=final-step per-step MxNxK=64x64x64x2
         ij_jk_kl_il_n64  f64 upstream     0.0715 ms  rel_err=5.71e-16 steps=2 m/n/k=final-step per-step MxNxK=64x64x64x2
         ij_jk_kl_il_n64  f64 tblis        0.0379 ms  rel_err=5.71e-16 steps=2 m/n/k=final-step per-step MxNxK=64x64x64x2
      mps_chain_L32_chi4  c64 plan         0.0222 ms  faer rel_err=2.16e-15 steps=64 m/n/k=final-step per-step MxNxK=4x8x4x32;4x4x8x32
      mps_chain_L32_chi4  c64 packed       0.0501 ms  avx512.c64.planar.16x6 16x6 AB 128x256x768 rel_err=1.63e-15 steps=64 m/n/k=final-step per-step MxNxK=4x8x4x32;4x4x8x32
      mps_chain_L32_chi4  c64 upstream     0.7113 ms  rel_err=1.63e-15 steps=64 m/n/k=final-step per-step MxNxK=4x8x4x32;4x4x8x32
      mps_chain_L32_chi4  c64 tblis        0.5378 ms  rel_err=1.53e-15 steps=64 m/n/k=final-step per-step MxNxK=4x8x4x32;4x4x8x32
      mps_chain_L32_chi8  c64 plan         0.0394 ms  faer rel_err=1.19e-15 steps=64 m/n/k=final-step per-step MxNxK=8x16x8x32;8x8x16x32
      mps_chain_L32_chi8  c64 packed       0.0771 ms  avx512.c64.planar.16x6 16x6 BA 128x256x768 | avx512.c64.planar.16x6 16x6 AB 128x256x768 rel_err=1.37e-15 steps=64 m/n/k=final-step per-step MxNxK=8x16x8x32;8x8x16x32
      mps_chain_L32_chi8  c64 upstream     1.3403 ms  rel_err=1.37e-15 steps=64 m/n/k=final-step per-step MxNxK=8x16x8x32;8x8x16x32
      mps_chain_L32_chi8  c64 tblis        0.7117 ms  rel_err=1.40e-15 steps=64 m/n/k=final-step per-step MxNxK=8x16x8x32;8x8x16x32
     mps_chain_L32_chi16  c64 plan         0.1041 ms  faer rel_err=2.63e-15 steps=64 m/n/k=final-step per-step MxNxK=16x32x16x32;16x16x32x32
     mps_chain_L32_chi16  c64 packed       0.1844 ms  avx512.c64.planar.16x6 16x6 AB 128x256x768 rel_err=2.66e-15 steps=64 m/n/k=final-step per-step MxNxK=16x32x16x32;16x16x32x32
     mps_chain_L32_chi16  c64 upstream     2.2022 ms  rel_err=2.66e-15 steps=64 m/n/k=final-step per-step MxNxK=16x32x16x32;16x16x32x32
     mps_chain_L32_chi16  c64 tblis        0.7595 ms  rel_err=1.70e-15 steps=64 m/n/k=final-step per-step MxNxK=16x32x16x32;16x16x32x32
     mps_chain_L32_chi32  c64 plan         0.7004 ms  faer rel_err=3.21e-15 steps=64 m/n/k=final-step per-step MxNxK=32x64x32x32;32x32x64x32
     mps_chain_L32_chi32  c64 packed       0.9787 ms  avx512.c64.planar.16x6 16x6 AB 128x256x768 rel_err=3.28e-15 steps=64 m/n/k=final-step per-step MxNxK=32x64x32x32;32x32x64x32
     mps_chain_L32_chi32  c64 upstream     3.2240 ms  rel_err=3.28e-15 steps=64 m/n/k=final-step per-step MxNxK=32x64x32x32;32x32x64x32
     mps_chain_L32_chi32  c64 tblis        1.1426 ms  rel_err=3.55e-15 steps=64 m/n/k=final-step per-step MxNxK=32x64x32x32;32x32x64x32
     mps_chain_L32_chi64  c64 plan         2.5885 ms  avx512.c64.planar.16x6 16x6 AB 128x256x768 rel_err=4.41e-15 steps=64 m/n/k=final-step per-step MxNxK=64x128x64x32;64x64x128x32
     mps_chain_L32_chi64  c64 packed       2.5734 ms  avx512.c64.planar.16x6 16x6 AB 128x256x768 rel_err=4.41e-15 steps=64 m/n/k=final-step per-step MxNxK=64x128x64x32;64x64x128x32
     mps_chain_L32_chi64  c64 upstream     5.9357 ms  rel_err=4.41e-15 steps=64 m/n/k=final-step per-step MxNxK=64x128x64x32;64x64x128x32
     mps_chain_L32_chi64  c64 tblis        3.7572 ms  rel_err=4.10e-15 steps=64 m/n/k=final-step per-step MxNxK=64x128x64x32;64x64x128x32

wrote /home/shinaoka/projects/tensor4all/tprims-benchmark/data/results/zen5-cpu/lukas/20261009T201742Z/run0-fixed-4t.csv
