# threads: requested=1 pool=1 budget=1
host        : shinaoka-EVO-X1Pro
target      : x86_64 / linux
cpu features: avx2 fma avx512f avx512dq 
caches      : L1=48KiB/12-way/2sh L2=1024KiB/16-way/2sh L3=8192KiB/16-way/16sh (via sysfs)
baselines   : upstream=true tblis=true
tblis       : abi 2.x, 1 thread(s)

running 21 cases at fixed extents (--size is accepted and ignored: this corpus has no size knob), 5 reps, 500 ms priming, engines=plan,packed,upstream,tblis


=== GFLOP/s, best of 5 calls after 500 ms priming, whole program per call ===
                 case | dtype | steps |     macs | plan GF/s | packed GF/s | upstream GF/s | tblis GF/s 
----------------------+-------+-------+----------+-----------+-------------+---------------+------------
   ikb_knb_inb_n2_b16 |   f64 |     1 |      128 |       0.5 |         0.1 |           0.1 |        0.0 
   ikb_knb_inb_n4_b16 |   f64 |     1 |     1024 |       3.1 |         0.9 |           0.7 |        0.0 
   ikb_knb_inb_n8_b16 |   f64 |     1 |     8192 |      18.2 |         4.3 |           3.6 |        0.3 
  ikb_knb_inb_n16_b16 |   f64 |     1 |    65536 |      34.6 |        13.3 |          12.2 |        1.8 
   ikb_knb_inb_n2_b64 |   f64 |     1 |      512 |       0.7 |         0.2 |           0.1 |        0.0 
   ikb_knb_inb_n4_b64 |   f64 |     1 |     4096 |       4.1 |         1.0 |           0.8 |        0.0 
   ikb_knb_inb_n8_b64 |   f64 |     1 |    32768 |      21.0 |         4.7 |           3.8 |        0.3 
  ikb_knb_inb_n16_b64 |   f64 |     1 |   262144 |      36.3 |        13.8 |          12.7 |        1.8 
  ikb_knb_inb_n2_b256 |   f64 |     1 |     2048 |       0.8 |         0.2 |           0.2 |        0.0 
  ikb_knb_inb_n4_b256 |   f64 |     1 |    16384 |       4.3 |         1.1 |           0.9 |        0.0 
  ikb_knb_inb_n8_b256 |   f64 |     1 |   131072 |      22.1 |         4.9 |           4.1 |        0.3 
 ikb_knb_inb_n16_b256 |   f64 |     1 |  1048576 |      35.2 |        13.7 |          12.6 |        1.8 
    ijk_jkl_il_8x16x8 |   f64 |     1 |     8192 |      29.7 |         5.6 |           4.9 |        1.7 
     ij_jk_ik_c64_n32 |   c64 |     1 |    32768 |      48.1 |        32.7 |          31.4 |       17.9 
     ij_jk_ik_f64_n64 |   f64 |     1 |   262144 |      50.2 |        34.8 |          32.1 |       18.1 
      ij_jk_kl_il_n64 |   f64 |     2 |   524288 |      50.3 |        35.2 |          32.3 |       18.0 
   mps_chain_L32_chi4 |   c64 |    64 |     8192 |       2.9 |         1.3 |           1.5 |        0.2 
   mps_chain_L32_chi8 |   c64 |    64 |    65536 |      13.0 |         6.9 |           7.1 |        1.5 
  mps_chain_L32_chi16 |   c64 |    64 |   524288 |      40.5 |        22.7 |          21.6 |        7.8 
  mps_chain_L32_chi32 |   c64 |    64 |  4194304 |      47.9 |        34.7 |          34.0 |       22.1 
  mps_chain_L32_chi64 |   c64 |    64 | 33554432 |      39.7 |        38.7 |          37.5 |       30.5 

=== notes ===
      ikb_knb_inb_n2_b16  f64 plan         0.0005 ms  faer rel_err=8.58e-17
      ikb_knb_inb_n2_b16  f64 packed       0.0018 ms  avx512.f64.real.24x8 24x8 AB 264x256x1536 rel_err=8.58e-17
      ikb_knb_inb_n2_b16  f64 upstream     0.0020 ms  rel_err=8.58e-17
      ikb_knb_inb_n2_b16  f64 tblis        0.0531 ms  rel_err=8.58e-17
      ikb_knb_inb_n4_b16  f64 plan         0.0007 ms  faer rel_err=2.51e-16
      ikb_knb_inb_n4_b16  f64 packed       0.0023 ms  avx512.f64.real.24x8 24x8 AB 264x256x1536 rel_err=2.51e-16
      ikb_knb_inb_n4_b16  f64 upstream     0.0028 ms  rel_err=2.51e-16
      ikb_knb_inb_n4_b16  f64 tblis        0.0545 ms  rel_err=2.51e-16
      ikb_knb_inb_n8_b16  f64 plan         0.0009 ms  faer rel_err=1.91e-16
      ikb_knb_inb_n8_b16  f64 packed       0.0038 ms  avx512.f64.real.24x8 24x8 AB 264x256x1536 rel_err=1.91e-16
      ikb_knb_inb_n8_b16  f64 upstream     0.0045 ms  rel_err=1.91e-16
      ikb_knb_inb_n8_b16  f64 tblis        0.0586 ms  rel_err=1.91e-16
     ikb_knb_inb_n16_b16  f64 plan         0.0038 ms  faer rel_err=1.89e-16
     ikb_knb_inb_n16_b16  f64 packed       0.0099 ms  avx512.f64.real.24x8 24x8 AB 264x256x1536 rel_err=1.89e-16
     ikb_knb_inb_n16_b16  f64 upstream     0.0108 ms  rel_err=1.89e-16
     ikb_knb_inb_n16_b16  f64 tblis        0.0732 ms  rel_err=1.89e-16
      ikb_knb_inb_n2_b64  f64 plan         0.0014 ms  faer rel_err=1.82e-16
      ikb_knb_inb_n2_b64  f64 packed       0.0059 ms  avx512.f64.real.24x8 24x8 AB 264x256x1536 rel_err=1.82e-16
      ikb_knb_inb_n2_b64  f64 upstream     0.0069 ms  rel_err=1.82e-16
      ikb_knb_inb_n2_b64  f64 tblis        0.2087 ms  rel_err=1.82e-16
      ikb_knb_inb_n4_b64  f64 plan         0.0020 ms  faer rel_err=2.26e-16
      ikb_knb_inb_n4_b64  f64 packed       0.0079 ms  avx512.f64.real.24x8 24x8 AB 264x256x1536 rel_err=2.26e-16
      ikb_knb_inb_n4_b64  f64 upstream     0.0104 ms  rel_err=2.26e-16
      ikb_knb_inb_n4_b64  f64 tblis        0.2162 ms  rel_err=2.26e-16
      ikb_knb_inb_n8_b64  f64 plan         0.0031 ms  faer rel_err=2.69e-16
      ikb_knb_inb_n8_b64  f64 packed       0.0139 ms  avx512.f64.real.24x8 24x8 AB 264x256x1536 rel_err=2.69e-16
      ikb_knb_inb_n8_b64  f64 upstream     0.0171 ms  rel_err=2.69e-16
      ikb_knb_inb_n8_b64  f64 tblis        0.2295 ms  rel_err=2.69e-16
     ikb_knb_inb_n16_b64  f64 plan         0.0144 ms  faer rel_err=3.43e-16
     ikb_knb_inb_n16_b64  f64 packed       0.0379 ms  avx512.f64.real.24x8 24x8 AB 264x256x1536 rel_err=3.43e-16
     ikb_knb_inb_n16_b64  f64 upstream     0.0414 ms  rel_err=3.43e-16
     ikb_knb_inb_n16_b64  f64 tblis        0.2864 ms  rel_err=3.43e-16
     ikb_knb_inb_n2_b256  f64 plan         0.0052 ms  faer rel_err=1.51e-16
     ikb_knb_inb_n2_b256  f64 packed       0.0221 ms  avx512.f64.real.24x8 24x8 AB 264x256x1536 rel_err=1.51e-16
     ikb_knb_inb_n2_b256  f64 upstream     0.0265 ms  rel_err=1.51e-16
     ikb_knb_inb_n2_b256  f64 tblis        0.8278 ms  rel_err=1.51e-16
     ikb_knb_inb_n4_b256  f64 plan         0.0076 ms  faer rel_err=1.73e-16
     ikb_knb_inb_n4_b256  f64 packed       0.0303 ms  avx512.f64.real.24x8 24x8 AB 264x256x1536 rel_err=1.73e-16
     ikb_knb_inb_n4_b256  f64 upstream     0.0385 ms  rel_err=1.73e-16
     ikb_knb_inb_n4_b256  f64 tblis        0.8494 ms  rel_err=1.73e-16
     ikb_knb_inb_n8_b256  f64 plan         0.0118 ms  faer rel_err=2.14e-16
     ikb_knb_inb_n8_b256  f64 packed       0.0540 ms  avx512.f64.real.24x8 24x8 AB 264x256x1536 rel_err=2.14e-16
     ikb_knb_inb_n8_b256  f64 upstream     0.0634 ms  rel_err=2.14e-16
     ikb_knb_inb_n8_b256  f64 tblis        0.9105 ms  rel_err=2.14e-16
    ikb_knb_inb_n16_b256  f64 plan         0.0596 ms  faer rel_err=2.38e-16
    ikb_knb_inb_n16_b256  f64 packed       0.1534 ms  avx512.f64.real.24x8 24x8 AB 264x256x1536 rel_err=2.38e-16
    ikb_knb_inb_n16_b256  f64 upstream     0.1664 ms  rel_err=2.38e-16
    ikb_knb_inb_n16_b256  f64 tblis        1.1368 ms  rel_err=2.38e-16
       ijk_jkl_il_8x16x8  f64 plan         0.0006 ms  faer rel_err=4.06e-16
       ijk_jkl_il_8x16x8  f64 packed       0.0029 ms  avx512.f64.real.24x8 24x8 AB 264x256x1536 rel_err=4.06e-16
       ijk_jkl_il_8x16x8  f64 upstream     0.0034 ms  rel_err=4.06e-16
       ijk_jkl_il_8x16x8  f64 tblis        0.0096 ms  rel_err=4.06e-16
        ij_jk_ik_c64_n32  c64 plan         0.0054 ms  faer rel_err=5.44e-16
        ij_jk_ik_c64_n32  c64 packed       0.0080 ms  avx512.c64.planar.16x6 16x6 AB 128x256x768 rel_err=5.44e-16
        ij_jk_ik_c64_n32  c64 upstream     0.0083 ms  rel_err=5.44e-16
        ij_jk_ik_c64_n32  c64 tblis        0.0147 ms  rel_err=5.45e-16
        ij_jk_ik_f64_n64  f64 plan         0.0104 ms  faer rel_err=2.36e-16
        ij_jk_ik_f64_n64  f64 packed       0.0151 ms  avx512.f64.real.24x8 24x8 AB 264x256x1536 rel_err=2.36e-16
        ij_jk_ik_f64_n64  f64 upstream     0.0163 ms  rel_err=2.36e-16
        ij_jk_ik_f64_n64  f64 tblis        0.0290 ms  rel_err=2.36e-16
         ij_jk_kl_il_n64  f64 plan         0.0208 ms  faer rel_err=5.71e-16 steps=2 m/n/k=final-step per-step MxNxK=64x64x64x2
         ij_jk_kl_il_n64  f64 packed       0.0298 ms  avx512.f64.real.24x8 24x8 AB 264x256x1536 rel_err=5.71e-16 steps=2 m/n/k=final-step per-step MxNxK=64x64x64x2
         ij_jk_kl_il_n64  f64 upstream     0.0325 ms  rel_err=5.71e-16 steps=2 m/n/k=final-step per-step MxNxK=64x64x64x2
         ij_jk_kl_il_n64  f64 tblis        0.0583 ms  rel_err=5.71e-16 steps=2 m/n/k=final-step per-step MxNxK=64x64x64x2
      mps_chain_L32_chi4  c64 plan         0.0226 ms  faer rel_err=2.16e-15 steps=64 m/n/k=final-step per-step MxNxK=4x8x4x32;4x4x8x32
      mps_chain_L32_chi4  c64 packed       0.0488 ms  avx512.c64.planar.16x6 16x6 AB 128x256x768 rel_err=1.63e-15 steps=64 m/n/k=final-step per-step MxNxK=4x8x4x32;4x4x8x32
      mps_chain_L32_chi4  c64 upstream     0.0447 ms  rel_err=1.63e-15 steps=64 m/n/k=final-step per-step MxNxK=4x8x4x32;4x4x8x32
      mps_chain_L32_chi4  c64 tblis        0.3120 ms  rel_err=1.53e-15 steps=64 m/n/k=final-step per-step MxNxK=4x8x4x32;4x4x8x32
      mps_chain_L32_chi8  c64 plan         0.0402 ms  faer rel_err=1.19e-15 steps=64 m/n/k=final-step per-step MxNxK=8x16x8x32;8x8x16x32
      mps_chain_L32_chi8  c64 packed       0.0764 ms  avx512.c64.planar.16x6 16x6 BA 128x256x768 | avx512.c64.planar.16x6 16x6 AB 128x256x768 rel_err=1.37e-15 steps=64 m/n/k=final-step per-step MxNxK=8x16x8x32;8x8x16x32
      mps_chain_L32_chi8  c64 upstream     0.0735 ms  rel_err=1.37e-15 steps=64 m/n/k=final-step per-step MxNxK=8x16x8x32;8x8x16x32
      mps_chain_L32_chi8  c64 tblis        0.3565 ms  rel_err=1.40e-15 steps=64 m/n/k=final-step per-step MxNxK=8x16x8x32;8x8x16x32
     mps_chain_L32_chi16  c64 plan         0.1034 ms  faer rel_err=2.63e-15 steps=64 m/n/k=final-step per-step MxNxK=16x32x16x32;16x16x32x32
     mps_chain_L32_chi16  c64 packed       0.1851 ms  avx512.c64.planar.16x6 16x6 AB 128x256x768 rel_err=2.66e-15 steps=64 m/n/k=final-step per-step MxNxK=16x32x16x32;16x16x32x32
     mps_chain_L32_chi16  c64 upstream     0.1943 ms  rel_err=2.66e-15 steps=64 m/n/k=final-step per-step MxNxK=16x32x16x32;16x16x32x32
     mps_chain_L32_chi16  c64 tblis        0.5368 ms  rel_err=1.70e-15 steps=64 m/n/k=final-step per-step MxNxK=16x32x16x32;16x16x32x32
     mps_chain_L32_chi32  c64 plan         0.6999 ms  faer rel_err=3.21e-15 steps=64 m/n/k=final-step per-step MxNxK=32x64x32x32;32x32x64x32
     mps_chain_L32_chi32  c64 packed       0.9666 ms  avx512.c64.planar.16x6 16x6 AB 128x256x768 rel_err=3.28e-15 steps=64 m/n/k=final-step per-step MxNxK=32x64x32x32;32x32x64x32
     mps_chain_L32_chi32  c64 upstream     0.9883 ms  rel_err=3.28e-15 steps=64 m/n/k=final-step per-step MxNxK=32x64x32x32;32x32x64x32
     mps_chain_L32_chi32  c64 tblis        1.5168 ms  rel_err=3.55e-15 steps=64 m/n/k=final-step per-step MxNxK=32x64x32x32;32x32x64x32
     mps_chain_L32_chi64  c64 plan         6.7643 ms  avx512.c64.planar.16x6 16x6 AB 128x256x768 rel_err=4.41e-15 steps=64 m/n/k=final-step per-step MxNxK=64x128x64x32;64x64x128x32
     mps_chain_L32_chi64  c64 packed       6.9330 ms  avx512.c64.planar.16x6 16x6 AB 128x256x768 rel_err=4.41e-15 steps=64 m/n/k=final-step per-step MxNxK=64x128x64x32;64x64x128x32
     mps_chain_L32_chi64  c64 upstream     7.1628 ms  rel_err=4.41e-15 steps=64 m/n/k=final-step per-step MxNxK=64x128x64x32;64x64x128x32
     mps_chain_L32_chi64  c64 tblis        8.7987 ms  rel_err=4.10e-15 steps=64 m/n/k=final-step per-step MxNxK=64x128x64x32;64x64x128x32

wrote /home/shinaoka/projects/tensor4all/tprims-benchmark/data/results/zen5-cpu/lukas/20261009T201742Z/run0-fixed-1t.csv
