# threads: requested=4 pool=4 budget=4
host        : shinaoka-EVO-X1Pro
target      : x86_64 / linux
cpu features: avx2 fma avx512f avx512dq 
caches      : L1=48KiB/12-way/2sh L2=1024KiB/16-way/2sh L3=8192KiB/16-way/16sh (via sysfs), blocking=legacy
l3 domains  : t1=1 t4=1 t8=1
baselines   : tblis=false blas=false

running 49 cases at 16 MiB nominal tensor size, 5 reps, 500 ms priming, stress=none


=== f64 ===
             case |      m |     n |     k | regA | regB | plan GF/s | packed GF/s | upstream GF/s 
------------------+--------+-------+-------+------+------+-----------+-------------+---------------
         ij-ik-kj |   1464 |  1448 |  1464 | 0.00 | 0.00 |     145.2 |       174.9 |         171.6 
       ij-ikl-ljk |    144 |   128 | 18432 | 1.00 | 1.00 |     102.3 |       102.8 |          97.0 
       ij-kil-lkj |    144 |   128 | 20736 | 1.00 | 1.00 |      97.5 |        97.5 |          91.9 
       ijk-ikl-lj |  18432 |   128 |   144 | 1.00 | 1.00 |     160.3 |       160.8 |         153.6 
       ijk-il-jlk |    144 | 18432 |   128 | 1.00 | 1.00 |     117.7 |       116.6 |         106.7 
       ijk-ilk-jl |  18432 |   144 |   128 | 1.00 | 1.00 |     170.0 |       170.6 |         166.6 
       ijk-ilk-lj |  18432 |   128 |   144 | 1.00 | 1.00 |     168.4 |       168.0 |         164.4 
     ijk-ilmk-mjl |   1920 |    40 |  1920 | 1.00 | 1.00 |     135.8 |       134.1 |         128.4 
   ijkl-imjn-lnkm |   1920 |  1920 |  1600 | 1.00 | 1.00 |     177.8 |       177.8 |         174.3 
   ijkl-imjn-nlmk |   1920 |  1600 |  1920 | 1.00 | 1.00 |     177.0 |       177.2 |         175.6 
   ijkl-imkn-jnlm |   1920 |  1920 |  1600 | 1.00 | 1.00 |     181.4 |       181.3 |         177.4 
   ijkl-imkn-njml |   1920 |  1600 |  1920 | 1.00 | 1.00 |     179.4 |       179.5 |         175.2 
   ijkl-imln-jnkm |   1920 |  1920 |  1600 | 1.00 | 1.00 |     182.7 |       182.1 |         178.1 
   ijkl-imln-njmk |   1920 |  1600 |  1920 | 1.00 | 1.00 |     181.5 |       180.9 |         176.1 
   ijkl-imnj-nlkm |   1920 |  1600 |  1920 | 1.00 | 1.00 |     177.1 |       177.0 |         175.0 
   ijkl-imnk-njml |   1920 |  1600 |  1920 | 1.00 | 1.00 |     179.5 |       179.5 |         177.3 
   ijkl-minj-nlmk |   1920 |  1600 |  2304 | 1.00 | 1.00 |     175.7 |       175.8 |         175.1 
   ijkl-mink-jnlm |   1920 |  1920 |  1920 | 1.00 | 1.00 |     180.9 |       180.5 |         175.7 
   ijkl-minl-njmk |   1920 |  1600 |  2304 | 1.00 | 1.00 |     178.9 |       179.0 |         173.3 
     aqrs-pa-pqrs |     48 | 64000 |    48 | 0.00 | 0.00 |     134.7 |       108.7 |          90.0 
     abrs-qb-aqrs |     40 | 76800 |    48 | 1.00 | 1.00 |     129.5 |       128.5 |         128.8 
     abcs-rc-abrs |     40 | 76800 |    48 | 1.00 | 1.00 |     107.8 |       108.3 |         113.8 
       abj-bka-kj |  20736 |   128 |   144 | 1.00 | 1.00 |     137.1 |       138.9 |         130.2 
       ajb-kba-jk |  18432 |   144 |   144 | 1.00 | 1.00 |     159.0 |       154.6 |         153.5 
     abjc-cbka-kj |  92160 |    40 |    48 | 1.00 | 1.00 |      28.6 |        27.9 |          26.3 
     ajbc-ckba-jk |  92160 |    48 |    40 | 1.00 | 1.00 |      47.1 |        46.9 |          44.6 
     abjc-kbac-jk |  76800 |    48 |    48 | 1.00 | 1.00 |      95.5 |        98.4 |          95.2 
   abjcd-dkbac-jk | 230400 |    24 |    20 | 1.00 | 1.00 |      30.7 |        31.0 |          29.5 
   adbjc-cbdka-kj | 230400 |    20 |    24 | 1.00 | 1.00 |      16.1 |        16.3 |          15.3 
   ajbdc-ckbad-jk | 230400 |    24 |    20 | 1.00 | 1.00 |      31.6 |        31.7 |          29.1 
 abcijk-ijma-mkbc |   6912 |  1728 |    24 | 1.00 | 1.00 |     133.5 |       130.7 |         123.8 
 abcijk-ijmb-mkac |   3456 |  3456 |    24 | 1.00 | 0.67 |     123.4 |       122.6 |         117.7 
 abcijk-ijmc-mkab |   3456 |  3456 |    24 | 1.00 | 0.67 |     115.0 |       114.5 |         116.8 
 abcijk-ikma-mjbc |   6912 |  1728 |    24 | 1.00 | 1.00 |     131.8 |       130.5 |         123.9 
 abcijk-ikmb-mjac |   3456 |  3456 |    24 | 1.00 | 0.67 |     122.8 |       123.0 |         118.0 
 abcijk-ikmc-mjab |   3456 |  3456 |    24 | 1.00 | 0.67 |     115.7 |       114.9 |         116.8 
 abcijk-jkma-mibc |   6912 |  1728 |    24 | 1.00 | 1.00 |     132.2 |       132.8 |         125.2 
 abcijk-jkmb-miac |   3456 |  3456 |    24 | 1.00 | 0.67 |     121.8 |       122.7 |         117.8 
 abcijk-jkmc-miab |   3456 |  3456 |    24 | 1.00 | 0.67 |     108.4 |       110.2 |         116.1 
 abcijk-eiab-jkec |   3456 |  3456 |    24 | 1.00 | 0.67 |     110.8 |       109.4 |         115.0 
 abcijk-eiac-jkeb |   3456 |  3456 |    24 | 1.00 | 0.67 |     123.1 |       123.1 |         117.9 
 abcijk-eibc-jkea |   1728 |  6912 |    24 | 1.00 | 1.00 |     133.0 |       130.1 |         125.6 
 abcijk-ejab-ikec |   3456 |  3456 |    24 | 1.00 | 0.67 |     116.2 |       115.9 |         117.0 
 abcijk-ejac-ikeb |   3456 |  3456 |    24 | 1.00 | 0.67 |     123.5 |       123.3 |         118.5 
 abcijk-ejbc-ikea |   1728 |  6912 |    24 | 1.00 | 1.00 |     131.6 |       130.6 |         124.3 
 abcijk-ekab-ijec |   3456 |  3456 |    24 | 1.00 | 0.67 |     115.8 |       115.5 |         116.6 
 abcijk-ekac-ijeb |   3456 |  3456 |    24 | 1.00 | 0.67 |     123.4 |       123.9 |         118.0 
 abcijk-ekbc-ijea |   1728 |  6912 |    24 | 1.00 | 1.00 |     132.5 |       131.9 |         123.7 
       abc-bk-akc |    144 | 18432 |   128 | 1.00 | 1.00 |     165.7 |       167.6 |         166.0 

=== c64 ===
             case |      m |     n |     k | regA | regB | plan GF/s | packed GF/s | upstream GF/s 
------------------+--------+-------+-------+------+------+-----------+-------------+---------------
         ij-ik-kj |   1464 |  1448 |  1464 | 1.00 | 1.00 |     192.9 |       193.0 |         187.8 
       ij-ikl-ljk |    144 |   128 | 18432 | 1.00 | 1.00 |     118.1 |       118.8 |         114.6 
       ij-kil-lkj |    144 |   128 | 20736 | 1.00 | 1.00 |     115.9 |       115.8 |         112.7 
       ijk-ikl-lj |  18432 |   128 |   144 | 1.00 | 1.00 |     177.9 |       178.3 |         176.5 
       ijk-il-jlk |    144 | 18432 |   128 | 1.00 | 1.00 |     134.1 |       137.6 |         136.1 
       ijk-ilk-jl |  18432 |   144 |   128 | 1.00 | 1.00 |     179.2 |       183.9 |         182.2 
       ijk-ilk-lj |  18432 |   128 |   144 | 1.00 | 1.00 |     180.5 |       180.3 |         176.1 
     ijk-ilmk-mjl |   1920 |    40 |  1920 | 1.00 | 1.00 |     140.4 |       140.8 |         145.4 
   ijkl-imjn-lnkm |   1920 |  1920 |  1600 | 1.00 | 0.90 |     188.8 |       189.0 |         184.4 
   ijkl-imjn-nlmk |   1920 |  1600 |  1920 | 1.00 | 0.90 |     189.8 |       189.8 |         185.4 
   ijkl-imkn-jnlm |   1920 |  1920 |  1600 | 1.00 | 1.00 |     190.5 |       190.6 |         187.9 
   ijkl-imkn-njml |   1920 |  1600 |  1920 | 1.00 | 0.90 |     189.5 |       189.9 |         187.1 
   ijkl-imln-jnkm |   1920 |  1920 |  1600 | 1.00 | 1.00 |     190.6 |       190.7 |         188.4 
   ijkl-imln-njmk |   1920 |  1600 |  1920 | 1.00 | 0.90 |     190.0 |       189.9 |         187.5 
   ijkl-imnj-nlkm |   1920 |  1600 |  1920 | 1.00 | 0.90 |     189.9 |       190.0 |         185.6 
   ijkl-imnk-njml |   1920 |  1600 |  1920 | 1.00 | 0.90 |     189.5 |       189.5 |         187.1 
   ijkl-minj-nlmk |   1920 |  1600 |  2304 | 1.00 | 0.90 |     189.1 |       189.0 |         185.1 
   ijkl-mink-jnlm |   1920 |  1920 |  1920 | 1.00 | 1.00 |     189.8 |       189.6 |         187.5 
   ijkl-minl-njmk |   1920 |  1600 |  2304 | 1.00 | 0.90 |     188.9 |       188.9 |         187.3 
     aqrs-pa-pqrs |     48 | 64000 |    48 | 1.00 | 1.00 |     146.4 |       145.7 |         137.9 
     abrs-qb-aqrs |     40 | 76800 |    48 | 1.00 | 1.00 |     138.2 |       138.1 |         139.7 
     abcs-rc-abrs |     40 | 76800 |    48 | 1.00 | 1.00 |     143.0 |       142.2 |         147.2 
       abj-bka-kj |  20736 |   128 |   144 | 1.00 | 1.00 |     161.5 |       160.8 |         158.3 
       ajb-kba-jk |  18432 |   144 |   144 | 1.00 | 1.00 |     187.0 |       186.2 |         184.6 
     abjc-cbka-kj |  92160 |    40 |    48 | 1.00 | 1.00 |      71.4 |        72.6 |          68.9 
     ajbc-ckba-jk |  92160 |    48 |    40 | 1.00 | 1.00 |     107.6 |       108.4 |         102.5 
     abjc-kbac-jk |  76800 |    48 |    48 | 1.00 | 1.00 |     138.1 |       134.9 |         131.1 
   abjcd-dkbac-jk | 230400 |    24 |    20 | 0.67 | 1.00 |      66.0 |        66.0 |          63.2 
   adbjc-cbdka-kj | 230400 |    20 |    24 | 0.67 | 1.00 |      43.1 |        43.1 |          37.2 
   ajbdc-ckbad-jk | 230400 |    24 |    20 | 1.00 | 1.00 |      68.9 |        68.7 |          65.6 
 abcijk-ijma-mkbc |   6912 |  1728 |    24 | 1.00 | 1.00 |     165.1 |       164.6 |         160.8 
 abcijk-ijmb-mkac |   3456 |  3456 |    24 | 1.00 | 1.00 |     168.8 |       168.6 |         163.5 
 abcijk-ijmc-mkab |   3456 |  3456 |    24 | 1.00 | 1.00 |     165.1 |       165.1 |         160.9 
 abcijk-ikma-mjbc |   6912 |  1728 |    24 | 1.00 | 1.00 |     164.4 |       164.9 |         160.9 
 abcijk-ikmb-mjac |   3456 |  3456 |    24 | 1.00 | 1.00 |     168.4 |       168.0 |         163.2 
 abcijk-ikmc-mjab |   3456 |  3456 |    24 | 1.00 | 1.00 |     164.6 |       164.4 |         160.2 
 abcijk-jkma-mibc |   6912 |  1728 |    24 | 1.00 | 1.00 |     164.8 |       164.0 |         161.1 
 abcijk-jkmb-miac |   3456 |  3456 |    24 | 1.00 | 1.00 |     168.0 |       167.1 |         163.3 
 abcijk-jkmc-miab |   3456 |  3456 |    24 | 1.00 | 1.00 |     161.9 |       161.8 |         154.8 
 abcijk-eiab-jkec |   3456 |  3456 |    24 | 1.00 | 1.00 |     161.7 |       161.7 |         155.8 
 abcijk-eiac-jkeb |   3456 |  3456 |    24 | 1.00 | 1.00 |     168.5 |       168.2 |         163.9 
 abcijk-eibc-jkea |   1728 |  6912 |    24 | 1.00 | 1.00 |     165.4 |       165.5 |         161.6 
 abcijk-ejab-ikec |   3456 |  3456 |    24 | 1.00 | 1.00 |     164.8 |       164.6 |         159.9 
 abcijk-ejac-ikeb |   3456 |  3456 |    24 | 1.00 | 1.00 |     168.6 |       168.5 |         163.1 
 abcijk-ejbc-ikea |   1728 |  6912 |    24 | 1.00 | 1.00 |     165.3 |       165.7 |         162.1 
 abcijk-ekab-ijec |   3456 |  3456 |    24 | 1.00 | 1.00 |     164.8 |       164.6 |         160.4 
 abcijk-ekac-ijeb |   3456 |  3456 |    24 | 1.00 | 1.00 |     168.3 |       167.8 |         163.0 
 abcijk-ekbc-ijea |   1728 |  6912 |    24 | 1.00 | 1.00 |     165.7 |       165.5 |         161.5 
       abc-bk-akc |    144 | 18432 |   128 | 1.00 | 1.00 |     185.1 |       186.0 |         181.8 

=== complex efficiency ratio (c64 GF/s over f64 GF/s; 1.0 = no penalty) ===
             case | plan c64/f64 | packed c64/f64 | upstream c64/f64 
------------------+--------------+----------------+------------------
         ij-ik-kj |        1.329 |          1.103 |            1.094 
       ij-ikl-ljk |        1.155 |          1.156 |            1.182 
       ij-kil-lkj |        1.189 |          1.188 |            1.227 
       ijk-ikl-lj |        1.110 |          1.109 |            1.149 
       ijk-il-jlk |        1.139 |          1.180 |            1.276 
       ijk-ilk-jl |        1.054 |          1.078 |            1.094 
       ijk-ilk-lj |        1.072 |          1.073 |            1.071 
     ijk-ilmk-mjl |        1.034 |          1.050 |            1.133 
   ijkl-imjn-lnkm |        1.061 |          1.063 |            1.058 
   ijkl-imjn-nlmk |        1.073 |          1.071 |            1.055 
   ijkl-imkn-jnlm |        1.050 |          1.051 |            1.059 
   ijkl-imkn-njml |        1.056 |          1.058 |            1.068 
   ijkl-imln-jnkm |        1.044 |          1.047 |            1.058 
   ijkl-imln-njmk |        1.047 |          1.050 |            1.065 
   ijkl-imnj-nlkm |        1.072 |          1.073 |            1.061 
   ijkl-imnk-njml |        1.055 |          1.056 |            1.055 
   ijkl-minj-nlmk |        1.076 |          1.075 |            1.057 
   ijkl-mink-jnlm |        1.049 |          1.050 |            1.067 
   ijkl-minl-njmk |        1.056 |          1.055 |            1.081 
     aqrs-pa-pqrs |        1.087 |          1.341 |            1.533 
     abrs-qb-aqrs |        1.067 |          1.075 |            1.084 
     abcs-rc-abrs |        1.326 |          1.313 |            1.294 
       abj-bka-kj |        1.178 |          1.157 |            1.216 
       ajb-kba-jk |        1.176 |          1.204 |            1.203 
     abjc-cbka-kj |        2.492 |          2.597 |            2.619 
     ajbc-ckba-jk |        2.284 |          2.312 |            2.299 
     abjc-kbac-jk |        1.447 |          1.371 |            1.377 
   abjcd-dkbac-jk |        2.148 |          2.128 |            2.146 
   adbjc-cbdka-kj |        2.669 |          2.649 |            2.431 
   ajbdc-ckbad-jk |        2.179 |          2.168 |            2.253 
 abcijk-ijma-mkbc |        1.236 |          1.259 |            1.299 
 abcijk-ijmb-mkac |        1.368 |          1.375 |            1.389 
 abcijk-ijmc-mkab |        1.436 |          1.443 |            1.377 
 abcijk-ikma-mjbc |        1.248 |          1.264 |            1.299 
 abcijk-ikmb-mjac |        1.371 |          1.365 |            1.383 
 abcijk-ikmc-mjab |        1.422 |          1.431 |            1.371 
 abcijk-jkma-mibc |        1.246 |          1.235 |            1.287 
 abcijk-jkmb-miac |        1.379 |          1.361 |            1.387 
 abcijk-jkmc-miab |        1.494 |          1.468 |            1.333 
 abcijk-eiab-jkec |        1.460 |          1.478 |            1.355 
 abcijk-eiac-jkeb |        1.368 |          1.366 |            1.390 
 abcijk-eibc-jkea |        1.243 |          1.272 |            1.286 
 abcijk-ejab-ikec |        1.418 |          1.421 |            1.367 
 abcijk-ejac-ikeb |        1.366 |          1.367 |            1.376 
 abcijk-ejbc-ikea |        1.256 |          1.269 |            1.305 
 abcijk-ekab-ijec |        1.424 |          1.425 |            1.376 
 abcijk-ekac-ijeb |        1.365 |          1.354 |            1.382 
 abcijk-ekbc-ijea |        1.250 |          1.254 |            1.306 
       abc-bk-akc |        1.117 |          1.110 |            1.095 
             MEAN |        1.331 |          1.335 |            1.341 

wrote /home/shinaoka/projects/tensor4all/tprims-benchmark/data/results/zen5-cpu/tcbench/20261009T080245Z/run0-16m-4t.csv
