# threads: requested=1 pool=1 budget=1
host        : shinaoka-EVO-X1Pro
target      : x86_64 / linux
cpu features: avx2 fma avx512f avx512dq 
caches      : L1=48KiB/12-way/2sh L2=1024KiB/16-way/2sh L3=8192KiB/16-way/16sh (via sysfs), blocking=legacy
l3 domains  : t1=1
baselines   : tblis=false blas=false

running 49 cases at 1 MiB nominal tensor size, 5 reps, 500 ms priming, stress=none


=== f64 ===
             case |     m |    n |    k | regA | regB | plan GF/s | packed GF/s | upstream GF/s 
------------------+-------+------+------+------+------+-----------+-------------+---------------
         ij-ik-kj |   384 |  364 |  384 | 0.00 | 0.00 |      37.3 |        48.4 |          47.1 
       ij-ikl-ljk |    72 |   52 | 3744 | 1.00 | 1.00 |      38.4 |        38.4 |          35.2 
       ij-kil-lkj |    72 |   52 | 5184 | 1.00 | 1.00 |      35.0 |        35.1 |          32.8 
       ijk-ikl-lj |  3744 |   52 |   72 | 1.00 | 1.00 |      42.4 |        42.3 |          40.1 
       ijk-il-jlk |    72 | 3744 |   52 | 1.00 | 1.00 |      43.1 |        43.1 |          39.5 
       ijk-ilk-jl |  3744 |   72 |   52 | 1.00 | 1.00 |      45.8 |        45.8 |          42.4 
       ijk-ilk-lj |  3744 |   52 |   72 | 1.00 | 1.00 |      42.8 |        42.8 |          39.8 
     ijk-ilmk-mjl |   480 |   20 |  480 | 1.00 | 1.00 |      35.6 |        35.5 |          33.5 
   ijkl-imjn-lnkm |   480 |  480 |  400 | 1.00 | 0.80 |      48.5 |        48.3 |          47.2 
   ijkl-imjn-nlmk |   480 |  400 |  480 | 1.00 | 0.80 |      48.7 |        48.9 |          47.3 
   ijkl-imkn-jnlm |   480 |  480 |  400 | 1.00 | 1.00 |      48.7 |        48.8 |          47.7 
   ijkl-imkn-njml |   480 |  400 |  480 | 1.00 | 0.80 |      49.1 |        49.2 |          47.9 
   ijkl-imln-jnkm |   480 |  480 |  400 | 1.00 | 1.00 |      48.8 |        48.7 |          47.7 
   ijkl-imln-njmk |   480 |  400 |  480 | 1.00 | 0.80 |      49.2 |        49.2 |          47.9 
   ijkl-imnj-nlkm |   480 |  400 |  480 | 1.00 | 0.80 |      49.1 |        49.2 |          47.8 
   ijkl-imnk-njml |   480 |  400 |  480 | 1.00 | 0.80 |      49.3 |        49.3 |          47.8 
   ijkl-minj-nlmk |   480 |  400 |  576 | 1.00 | 0.80 |      47.8 |        47.4 |          46.1 
   ijkl-mink-jnlm |   480 |  480 |  480 | 1.00 | 1.00 |      48.3 |        49.0 |          47.1 
   ijkl-minl-njmk |   480 |  400 |  576 | 1.00 | 0.80 |      47.7 |        48.1 |          46.5 
     aqrs-pa-pqrs |    24 | 8000 |   24 | 0.00 | 0.00 |      49.9 |        32.6 |          27.4 
     abrs-qb-aqrs |    20 | 9600 |   24 | 1.00 | 1.00 |      31.9 |        31.9 |          28.0 
     abcs-rc-abrs |    20 | 9600 |   24 | 1.00 | 1.00 |      31.3 |        31.3 |          27.5 
       abj-bka-kj |  5184 |   52 |   72 | 1.00 | 1.00 |      34.2 |        34.2 |          33.3 
       ajb-kba-jk |  3744 |   72 |   72 | 1.00 | 1.00 |      44.9 |        44.9 |          42.2 
     abjc-cbka-kj | 11520 |   20 |   24 | 1.00 | 1.00 |      19.1 |        19.1 |          17.5 
     ajbc-ckba-jk | 11520 |   24 |   20 | 1.00 | 1.00 |      25.1 |        25.1 |          22.8 
     abjc-kbac-jk |  9600 |   24 |   24 | 1.00 | 1.00 |      34.0 |        33.9 |          30.1 
   abjcd-dkbac-jk | 82944 |   24 |   12 | 1.00 | 1.00 |      15.1 |        15.0 |          14.4 
   adbjc-cbdka-kj | 82944 |   12 |   24 | 1.00 | 1.00 |       5.8 |         5.7 |           5.5 
   ajbdc-ckbad-jk | 82944 |   24 |   12 | 1.00 | 1.00 |      16.6 |        16.3 |          13.3 
 abcijk-ijma-mkbc |  4608 |  512 |   24 | 1.00 | 1.00 |      39.8 |        39.8 |          35.9 
 abcijk-ijmb-mkac |  1536 | 1536 |   24 | 1.00 | 1.00 |      41.6 |        41.4 |          37.9 
 abcijk-ijmc-mkab |  1536 | 1536 |   24 | 1.00 | 1.00 |      39.0 |        39.0 |          37.5 
 abcijk-ikma-mjbc |  4608 |  512 |   24 | 1.00 | 1.00 |      39.7 |        39.3 |          36.0 
 abcijk-ikmb-mjac |  1536 | 1536 |   24 | 1.00 | 1.00 |      41.6 |        41.7 |          38.0 
 abcijk-ikmc-mjab |  1536 | 1536 |   24 | 1.00 | 1.00 |      39.0 |        38.8 |          37.4 
 abcijk-jkma-mibc |  4608 |  512 |   24 | 1.00 | 1.00 |      39.8 |        39.9 |          36.0 
 abcijk-jkmb-miac |  1536 | 1536 |   24 | 1.00 | 1.00 |      41.5 |        41.5 |          37.8 
 abcijk-jkmc-miab |  1536 | 1536 |   24 | 1.00 | 1.00 |      38.4 |        38.2 |          37.4 
 abcijk-eiab-jkec |  1536 | 1536 |   24 | 1.00 | 1.00 |      38.4 |        38.6 |          37.4 
 abcijk-eiac-jkeb |  1536 | 1536 |   24 | 1.00 | 1.00 |      41.4 |        41.5 |          37.9 
 abcijk-eibc-jkea |   512 | 4608 |   24 | 1.00 | 1.00 |      39.8 |        39.7 |          36.0 
 abcijk-ejab-ikec |  1536 | 1536 |   24 | 1.00 | 1.00 |      39.0 |        39.0 |          37.5 
 abcijk-ejac-ikeb |  1536 | 1536 |   24 | 1.00 | 1.00 |      41.5 |        41.6 |          38.0 
 abcijk-ejbc-ikea |   512 | 4608 |   24 | 1.00 | 1.00 |      39.7 |        39.8 |          35.9 
 abcijk-ekab-ijec |  1536 | 1536 |   24 | 1.00 | 1.00 |      38.9 |        38.7 |          37.6 
 abcijk-ekac-ijeb |  1536 | 1536 |   24 | 1.00 | 1.00 |      41.6 |        41.3 |          38.1 
 abcijk-ekbc-ijea |   512 | 4608 |   24 | 1.00 | 1.00 |      39.9 |        39.8 |          36.0 
       abc-bk-akc |    72 | 3744 |   52 | 1.00 | 1.00 |      45.6 |        45.6 |          42.5 

=== c64 ===
             case |     m |    n |    k | regA | regB | plan GF/s | packed GF/s | upstream GF/s 
------------------+-------+------+------+------+------+-----------+-------------+---------------
         ij-ik-kj |   384 |  364 |  384 | 1.00 | 1.00 |      48.3 |        48.5 |          48.1 
       ij-ikl-ljk |    72 |   52 | 3744 | 1.00 | 1.00 |      37.2 |        36.4 |          36.4 
       ij-kil-lkj |    72 |   52 | 5184 | 1.00 | 1.00 |      32.2 |        32.6 |          31.4 
       ijk-ikl-lj |  3744 |   52 |   72 | 1.00 | 1.00 |      43.2 |        43.1 |          43.9 
       ijk-il-jlk |    72 | 3744 |   52 | 1.00 | 1.00 |      40.5 |        40.1 |          39.9 
       ijk-ilk-jl |  3744 |   72 |   52 | 0.89 | 1.00 |      44.2 |        44.6 |          43.8 
       ijk-ilk-lj |  3744 |   52 |   72 | 0.89 | 1.00 |      42.8 |        42.7 |          43.2 
     ijk-ilmk-mjl |   480 |   20 |  480 | 0.67 | 1.00 |      37.5 |        37.5 |          36.5 
   ijkl-imjn-lnkm |   480 |  480 |  400 | 0.67 | 0.80 |      48.3 |        48.3 |          47.5 
   ijkl-imjn-nlmk |   480 |  400 |  480 | 0.67 | 0.81 |      48.3 |        48.3 |          47.7 
   ijkl-imkn-jnlm |   480 |  480 |  400 | 0.67 | 1.00 |      48.3 |        48.3 |          47.9 
   ijkl-imkn-njml |   480 |  400 |  480 | 0.67 | 0.81 |      48.1 |        48.2 |          47.7 
   ijkl-imln-jnkm |   480 |  480 |  400 | 0.67 | 1.00 |      48.6 |        48.6 |          48.2 
   ijkl-imln-njmk |   480 |  400 |  480 | 0.67 | 0.81 |      48.3 |        48.2 |          48.0 
   ijkl-imnj-nlkm |   480 |  400 |  480 | 0.67 | 0.81 |      48.7 |        48.8 |          48.2 
   ijkl-imnk-njml |   480 |  400 |  480 | 0.67 | 0.81 |      48.4 |        48.5 |          48.1 
   ijkl-minj-nlmk |   480 |  400 |  576 | 0.67 | 0.81 |      47.0 |        47.0 |          46.3 
   ijkl-mink-jnlm |   480 |  480 |  480 | 0.67 | 1.00 |      48.0 |        48.0 |          47.4 
   ijkl-minl-njmk |   480 |  400 |  576 | 0.67 | 0.81 |      46.9 |        47.0 |          46.4 
     aqrs-pa-pqrs |    24 | 8000 |   24 | 1.00 | 1.00 |      29.7 |        29.7 |          28.1 
     abrs-qb-aqrs |    20 | 9600 |   24 | 1.00 | 1.00 |      37.4 |        37.4 |          35.3 
     abcs-rc-abrs |    20 | 9600 |   24 | 1.00 | 1.00 |      31.5 |        31.5 |          32.1 
       abj-bka-kj |  5184 |   52 |   72 | 0.89 | 1.00 |      39.7 |        39.7 |          39.2 
       ajb-kba-jk |  3744 |   72 |   72 | 0.89 | 1.00 |      44.3 |        43.9 |          43.4 
     abjc-cbka-kj | 11520 |   20 |   24 | 0.67 | 1.00 |      24.1 |        24.1 |          23.8 
     ajbc-ckba-jk | 11520 |   24 |   20 | 1.00 | 1.00 |      31.1 |        31.2 |          29.4 
     abjc-kbac-jk |  9600 |   24 |   24 | 0.67 | 1.00 |      36.1 |        36.0 |          34.7 
   abjcd-dkbac-jk | 82944 |   24 |   12 | 0.67 | 1.00 |      21.9 |        21.6 |          20.8 
   adbjc-cbdka-kj | 82944 |   12 |   24 | 0.67 | 1.00 |       9.5 |         9.4 |           9.1 
   ajbdc-ckbad-jk | 82944 |   24 |   12 | 1.00 | 1.00 |      22.7 |        22.3 |          21.4 
 abcijk-ijma-mkbc |  4608 |  512 |   24 | 1.00 | 0.97 |      41.2 |        41.2 |          40.1 
 abcijk-ijmb-mkac |  1536 | 1536 |   24 | 1.00 | 0.75 |      42.7 |        42.7 |          41.9 
 abcijk-ijmc-mkab |  1536 | 1536 |   24 | 1.00 | 0.50 |      42.1 |        42.0 |          41.1 
 abcijk-ikma-mjbc |  4608 |  512 |   24 | 1.00 | 0.97 |      41.6 |        41.1 |          40.1 
 abcijk-ikmb-mjac |  1536 | 1536 |   24 | 1.00 | 0.75 |      42.7 |        42.7 |          41.9 
 abcijk-ikmc-mjab |  1536 | 1536 |   24 | 1.00 | 0.50 |      42.0 |        42.1 |          41.0 
 abcijk-jkma-mibc |  4608 |  512 |   24 | 1.00 | 0.97 |      41.2 |        41.2 |          40.0 
 abcijk-jkmb-miac |  1536 | 1536 |   24 | 1.00 | 0.75 |      42.9 |        42.9 |          42.0 
 abcijk-jkmc-miab |  1536 | 1536 |   24 | 1.00 | 0.50 |      41.7 |        41.7 |          40.4 
 abcijk-eiab-jkec |  1536 | 1536 |   24 | 1.00 | 0.50 |      41.6 |        41.6 |          40.4 
 abcijk-eiac-jkeb |  1536 | 1536 |   24 | 1.00 | 0.75 |      42.9 |        43.0 |          42.0 
 abcijk-eibc-jkea |   512 | 4608 |   24 | 1.00 | 0.97 |      41.1 |        41.2 |          40.1 
 abcijk-ejab-ikec |  1536 | 1536 |   24 | 1.00 | 0.50 |      41.9 |        41.9 |          40.9 
 abcijk-ejac-ikeb |  1536 | 1536 |   24 | 1.00 | 0.75 |      42.7 |        42.6 |          41.8 
 abcijk-ejbc-ikea |   512 | 4608 |   24 | 1.00 | 0.97 |      41.5 |        41.5 |          40.2 
 abcijk-ekab-ijec |  1536 | 1536 |   24 | 1.00 | 0.50 |      41.9 |        41.9 |          40.8 
 abcijk-ekac-ijeb |  1536 | 1536 |   24 | 1.00 | 0.75 |      42.6 |        42.7 |          41.9 
 abcijk-ekbc-ijea |   512 | 4608 |   24 | 1.00 | 0.97 |      41.1 |        41.2 |          40.0 
       abc-bk-akc |    72 | 3744 |   52 | 0.89 | 1.00 |      44.0 |        44.2 |          44.0 

=== complex efficiency ratio (c64 GF/s over f64 GF/s; 1.0 = no penalty) ===
             case | plan c64/f64 | packed c64/f64 | upstream c64/f64 
------------------+--------------+----------------+------------------
         ij-ik-kj |        1.294 |          1.000 |            1.021 
       ij-ikl-ljk |        0.967 |          0.948 |            1.034 
       ij-kil-lkj |        0.921 |          0.928 |            0.957 
       ijk-ikl-lj |        1.020 |          1.019 |            1.096 
       ijk-il-jlk |        0.939 |          0.931 |            1.009 
       ijk-ilk-jl |        0.965 |          0.974 |            1.033 
       ijk-ilk-lj |        1.000 |          0.997 |            1.085 
     ijk-ilmk-mjl |        1.053 |          1.055 |            1.091 
   ijkl-imjn-lnkm |        0.995 |          0.999 |            1.007 
   ijkl-imjn-nlmk |        0.992 |          0.988 |            1.009 
   ijkl-imkn-jnlm |        0.992 |          0.990 |            1.005 
   ijkl-imkn-njml |        0.980 |          0.978 |            0.995 
   ijkl-imln-jnkm |        0.996 |          0.998 |            1.011 
   ijkl-imln-njmk |        0.982 |          0.979 |            1.004 
   ijkl-imnj-nlkm |        0.992 |          0.991 |            1.008 
   ijkl-imnk-njml |        0.982 |          0.983 |            1.006 
   ijkl-minj-nlmk |        0.983 |          0.992 |            1.004 
   ijkl-mink-jnlm |        0.994 |          0.980 |            1.006 
   ijkl-minl-njmk |        0.985 |          0.976 |            0.997 
     aqrs-pa-pqrs |        0.595 |          0.912 |            1.024 
     abrs-qb-aqrs |        1.174 |          1.174 |            1.263 
     abcs-rc-abrs |        1.006 |          1.007 |            1.166 
       abj-bka-kj |        1.162 |          1.160 |            1.175 
       ajb-kba-jk |        0.986 |          0.977 |            1.028 
     abjc-cbka-kj |        1.265 |          1.265 |            1.359 
     ajbc-ckba-jk |        1.240 |          1.241 |            1.292 
     abjc-kbac-jk |        1.063 |          1.063 |            1.151 
   abjcd-dkbac-jk |        1.448 |          1.439 |            1.442 
   adbjc-cbdka-kj |        1.634 |          1.667 |            1.661 
   ajbdc-ckbad-jk |        1.371 |          1.371 |            1.616 
 abcijk-ijma-mkbc |        1.035 |          1.035 |            1.117 
 abcijk-ijmb-mkac |        1.026 |          1.030 |            1.106 
 abcijk-ijmc-mkab |        1.079 |          1.077 |            1.096 
 abcijk-ikma-mjbc |        1.050 |          1.046 |            1.114 
 abcijk-ikmb-mjac |        1.026 |          1.023 |            1.102 
 abcijk-ikmc-mjab |        1.077 |          1.083 |            1.094 
 abcijk-jkma-mibc |        1.035 |          1.033 |            1.111 
 abcijk-jkmb-miac |        1.032 |          1.034 |            1.113 
 abcijk-jkmc-miab |        1.085 |          1.090 |            1.081 
 abcijk-eiab-jkec |        1.083 |          1.080 |            1.078 
 abcijk-eiac-jkeb |        1.038 |          1.035 |            1.108 
 abcijk-eibc-jkea |        1.032 |          1.039 |            1.114 
 abcijk-ejab-ikec |        1.075 |          1.074 |            1.089 
 abcijk-ejac-ikeb |        1.029 |          1.023 |            1.102 
 abcijk-ejbc-ikea |        1.046 |          1.044 |            1.119 
 abcijk-ekab-ijec |        1.078 |          1.083 |            1.084 
 abcijk-ekac-ijeb |        1.025 |          1.033 |            1.099 
 abcijk-ekbc-ijea |        1.032 |          1.035 |            1.110 
       abc-bk-akc |        0.965 |          0.968 |            1.037 
             MEAN |        1.058 |          1.058 |            1.111 

wrote /home/shinaoka/projects/tensor4all/tprims-benchmark/data/results/zen5-cpu/tcbench/20261009T080245Z/run0-1m-1t.csv
