# threads: requested=4 pool=4 budget=4
host        : shinaoka-EVO-X1Pro
target      : x86_64 / linux
cpu features: avx2 fma avx512f avx512dq 
caches      : L1=48KiB/12-way/2sh L2=1024KiB/16-way/2sh L3=8192KiB/16-way/16sh (via sysfs), blocking=legacy
l3 domains  : t1=1 t4=1 t8=1
baselines   : tblis=false blas=false

running 49 cases at 1 MiB nominal tensor size, 5 reps, 500 ms priming, stress=none


=== f64 ===
             case |     m |    n |    k | regA | regB | plan GF/s | packed GF/s | upstream GF/s 
------------------+-------+------+------+------+------+-----------+-------------+---------------
         ij-ik-kj |   384 |  364 |  384 | 0.00 | 0.00 |     145.5 |       189.7 |         171.1 
       ij-ikl-ljk |    72 |   52 | 3744 | 1.00 | 1.00 |      83.8 |        85.0 |          73.7 
       ij-kil-lkj |    72 |   52 | 5184 | 1.00 | 1.00 |      83.2 |        83.0 |          69.2 
       ijk-ikl-lj |  3744 |   52 |   72 | 1.00 | 1.00 |     157.5 |       159.8 |         121.8 
       ijk-il-jlk |    72 | 3744 |   52 | 1.00 | 1.00 |     164.9 |       165.8 |         130.6 
       ijk-ilk-jl |  3744 |   72 |   52 | 1.00 | 1.00 |     169.9 |       170.0 |         134.0 
       ijk-ilk-lj |  3744 |   52 |   72 | 1.00 | 1.00 |     159.7 |       160.6 |         120.6 
     ijk-ilmk-mjl |   480 |   20 |  480 | 1.00 | 1.00 |     120.0 |       122.0 |          75.0 
   ijkl-imjn-lnkm |   480 |  480 |  400 | 1.00 | 0.80 |     188.5 |       188.2 |         170.0 
   ijkl-imjn-nlmk |   480 |  400 |  480 | 1.00 | 0.80 |     192.2 |       192.7 |         174.7 
   ijkl-imkn-jnlm |   480 |  480 |  400 | 1.00 | 1.00 |     191.3 |       191.5 |         175.8 
   ijkl-imkn-njml |   480 |  400 |  480 | 1.00 | 0.80 |     193.1 |       193.6 |         179.1 
   ijkl-imln-jnkm |   480 |  480 |  400 | 1.00 | 1.00 |     192.2 |       192.0 |         175.9 
   ijkl-imln-njmk |   480 |  400 |  480 | 1.00 | 0.80 |     192.5 |       191.9 |         177.3 
   ijkl-imnj-nlkm |   480 |  400 |  480 | 1.00 | 0.80 |     193.4 |       192.9 |         176.2 
   ijkl-imnk-njml |   480 |  400 |  480 | 1.00 | 0.80 |     194.4 |       194.1 |         177.4 
   ijkl-minj-nlmk |   480 |  400 |  576 | 1.00 | 0.80 |     187.7 |       188.1 |         169.7 
   ijkl-mink-jnlm |   480 |  480 |  480 | 1.00 | 1.00 |     192.3 |       193.0 |         178.3 
   ijkl-minl-njmk |   480 |  400 |  576 | 1.00 | 0.80 |     187.1 |       188.7 |         172.2 
     aqrs-pa-pqrs |    24 | 8000 |   24 | 0.00 | 0.00 |     163.4 |       110.4 |          75.5 
     abrs-qb-aqrs |    20 | 9600 |   24 | 1.00 | 1.00 |     107.6 |       106.6 |          65.9 
     abcs-rc-abrs |    20 | 9600 |   24 | 1.00 | 1.00 |     106.3 |       106.4 |          66.2 
       abj-bka-kj |  5184 |   52 |   72 | 1.00 | 1.00 |     129.5 |       129.6 |         109.5 
       ajb-kba-jk |  3744 |   72 |   72 | 1.00 | 1.00 |     168.0 |       167.3 |         136.6 
     abjc-cbka-kj | 11520 |   20 |   24 | 1.00 | 1.00 |      62.9 |        63.4 |          50.0 
     ajbc-ckba-jk | 11520 |   24 |   20 | 1.00 | 1.00 |      80.7 |        80.4 |          60.3 
     abjc-kbac-jk |  9600 |   24 |   24 | 1.00 | 1.00 |     114.7 |       115.7 |          75.6 
   abjcd-dkbac-jk | 82944 |   24 |   12 | 1.00 | 1.00 |      37.8 |        38.7 |          36.0 
   adbjc-cbdka-kj | 82944 |   12 |   24 | 1.00 | 1.00 |      10.0 |         8.8 |           8.6 
   ajbdc-ckbad-jk | 82944 |   24 |   12 | 1.00 | 1.00 |      42.2 |        42.5 |          34.0 
 abcijk-ijma-mkbc |  4608 |  512 |   24 | 1.00 | 1.00 |     142.1 |       140.0 |         121.5 
 abcijk-ijmb-mkac |  1536 | 1536 |   24 | 1.00 | 1.00 |     153.3 |       152.9 |         132.3 
 abcijk-ijmc-mkab |  1536 | 1536 |   24 | 1.00 | 1.00 |     138.3 |       138.8 |         127.8 
 abcijk-ikma-mjbc |  4608 |  512 |   24 | 1.00 | 1.00 |     140.7 |       139.1 |         122.5 
 abcijk-ikmb-mjac |  1536 | 1536 |   24 | 1.00 | 1.00 |     152.6 |       151.2 |         133.7 
 abcijk-ikmc-mjab |  1536 | 1536 |   24 | 1.00 | 1.00 |     137.1 |       136.1 |         129.8 
 abcijk-jkma-mibc |  4608 |  512 |   24 | 1.00 | 1.00 |     142.2 |       143.0 |         122.6 
 abcijk-jkmb-miac |  1536 | 1536 |   24 | 1.00 | 1.00 |     149.5 |       147.2 |         132.5 
 abcijk-jkmc-miab |  1536 | 1536 |   24 | 1.00 | 1.00 |     127.9 |       128.2 |         125.6 
 abcijk-eiab-jkec |  1536 | 1536 |   24 | 1.00 | 1.00 |     130.0 |       126.8 |         124.9 
 abcijk-eiac-jkeb |  1536 | 1536 |   24 | 1.00 | 1.00 |     150.9 |       150.6 |         132.3 
 abcijk-eibc-jkea |   512 | 4608 |   24 | 1.00 | 1.00 |     140.9 |       143.5 |         121.7 
 abcijk-ejab-ikec |  1536 | 1536 |   24 | 1.00 | 1.00 |     139.0 |       138.0 |         127.2 
 abcijk-ejac-ikeb |  1536 | 1536 |   24 | 1.00 | 1.00 |     153.5 |       153.6 |         134.4 
 abcijk-ejbc-ikea |   512 | 4608 |   24 | 1.00 | 1.00 |     139.0 |       141.3 |         123.7 
 abcijk-ekab-ijec |  1536 | 1536 |   24 | 1.00 | 1.00 |     136.5 |       138.0 |         128.4 
 abcijk-ekac-ijeb |  1536 | 1536 |   24 | 1.00 | 1.00 |     152.2 |       151.7 |         134.3 
 abcijk-ekbc-ijea |   512 | 4608 |   24 | 1.00 | 1.00 |     140.0 |       139.3 |         121.7 
       abc-bk-akc |    72 | 3744 |   52 | 1.00 | 1.00 |     169.3 |       169.1 |         128.6 

=== c64 ===
             case |     m |    n |    k | regA | regB | plan GF/s | packed GF/s | upstream GF/s 
------------------+-------+------+------+------+------+-----------+-------------+---------------
         ij-ik-kj |   384 |  364 |  384 | 1.00 | 1.00 |     189.8 |       190.0 |         182.3 
       ij-ikl-ljk |    72 |   52 | 3744 | 1.00 | 1.00 |      87.2 |        87.5 |          81.9 
       ij-kil-lkj |    72 |   52 | 5184 | 1.00 | 1.00 |      75.6 |        76.8 |          76.1 
       ijk-ikl-lj |  3744 |   52 |   72 | 1.00 | 1.00 |     169.0 |       169.5 |         160.5 
       ijk-il-jlk |    72 | 3744 |   52 | 1.00 | 1.00 |      97.5 |        97.0 |          94.3 
       ijk-ilk-jl |  3744 |   72 |   52 | 0.89 | 1.00 |     177.1 |       176.7 |         163.4 
       ijk-ilk-lj |  3744 |   52 |   72 | 0.89 | 1.00 |     171.4 |       171.6 |         159.4 
     ijk-ilmk-mjl |   480 |   20 |  480 | 0.67 | 1.00 |     132.5 |       131.9 |         114.6 
   ijkl-imjn-lnkm |   480 |  480 |  400 | 0.67 | 0.80 |     174.2 |       175.0 |         169.8 
   ijkl-imjn-nlmk |   480 |  400 |  480 | 0.67 | 0.81 |     176.1 |       175.2 |         173.6 
   ijkl-imkn-jnlm |   480 |  480 |  400 | 0.67 | 1.00 |     175.9 |       175.0 |         172.0 
   ijkl-imkn-njml |   480 |  400 |  480 | 0.67 | 0.81 |     175.6 |       176.3 |         174.1 
   ijkl-imln-jnkm |   480 |  480 |  400 | 0.67 | 1.00 |     177.1 |       173.3 |         173.3 
   ijkl-imln-njmk |   480 |  400 |  480 | 0.67 | 0.81 |     176.6 |       177.4 |         174.2 
   ijkl-imnj-nlkm |   480 |  400 |  480 | 0.67 | 0.81 |     175.2 |       176.6 |         174.2 
   ijkl-imnk-njml |   480 |  400 |  480 | 0.67 | 0.81 |     178.1 |       176.7 |         174.9 
   ijkl-minj-nlmk |   480 |  400 |  576 | 0.67 | 0.81 |     171.0 |       170.1 |         167.4 
   ijkl-mink-jnlm |   480 |  480 |  480 | 0.67 | 1.00 |     175.3 |       174.7 |         173.1 
   ijkl-minl-njmk |   480 |  400 |  576 | 0.67 | 0.81 |     171.0 |       170.7 |         169.5 
     aqrs-pa-pqrs |    24 | 8000 |   24 | 1.00 | 1.00 |      99.7 |        98.9 |          87.7 
     abrs-qb-aqrs |    20 | 9600 |   24 | 1.00 | 1.00 |     143.9 |       143.3 |         115.3 
     abcs-rc-abrs |    20 | 9600 |   24 | 1.00 | 1.00 |     125.6 |       126.5 |         104.0 
       abj-bka-kj |  5184 |   52 |   72 | 0.89 | 1.00 |     144.6 |       151.0 |         141.2 
       ajb-kba-jk |  3744 |   72 |   72 | 0.89 | 1.00 |     173.2 |       173.7 |         162.9 
     abjc-cbka-kj | 11520 |   20 |   24 | 0.67 | 1.00 |      90.2 |        90.1 |          80.7 
     ajbc-ckba-jk | 11520 |   24 |   20 | 1.00 | 1.00 |     115.4 |       115.6 |          99.8 
     abjc-kbac-jk |  9600 |   24 |   24 | 0.67 | 1.00 |     141.3 |       144.0 |         117.6 
   abjcd-dkbac-jk | 82944 |   24 |   12 | 0.67 | 1.00 |      61.4 |        61.4 |          57.9 
   adbjc-cbdka-kj | 82944 |   12 |   24 | 0.67 | 1.00 |      27.7 |        27.2 |          25.9 
   ajbdc-ckbad-jk | 82944 |   24 |   12 | 1.00 | 1.00 |      63.0 |        63.1 |          60.3 
 abcijk-ijma-mkbc |  4608 |  512 |   24 | 1.00 | 0.97 |     155.7 |       133.8 |         154.3 
 abcijk-ijmb-mkac |  1536 | 1536 |   24 | 1.00 | 0.75 |     169.8 |       168.9 |         162.0 
 abcijk-ijmc-mkab |  1536 | 1536 |   24 | 1.00 | 0.50 |     165.2 |       166.0 |         158.4 
 abcijk-ikma-mjbc |  4608 |  512 |   24 | 1.00 | 0.97 |     135.7 |       155.6 |         156.4 
 abcijk-ikmb-mjac |  1536 | 1536 |   24 | 1.00 | 0.75 |     169.8 |       169.6 |         162.6 
 abcijk-ikmc-mjab |  1536 | 1536 |   24 | 1.00 | 0.50 |     166.2 |       166.1 |         157.9 
 abcijk-jkma-mibc |  4608 |  512 |   24 | 1.00 | 0.97 |     154.8 |       153.4 |         154.0 
 abcijk-jkmb-miac |  1536 | 1536 |   24 | 1.00 | 0.75 |     168.8 |       169.4 |         162.0 
 abcijk-jkmc-miab |  1536 | 1536 |   24 | 1.00 | 0.50 |     157.9 |       160.5 |         150.9 
 abcijk-eiab-jkec |  1536 | 1536 |   24 | 1.00 | 0.50 |     157.6 |       157.5 |         149.2 
 abcijk-eiac-jkeb |  1536 | 1536 |   24 | 1.00 | 0.75 |     168.7 |       169.5 |         162.8 
 abcijk-eibc-jkea |   512 | 4608 |   24 | 1.00 | 0.97 |     156.6 |       154.9 |         155.5 
 abcijk-ejab-ikec |  1536 | 1536 |   24 | 1.00 | 0.50 |     164.2 |       163.6 |         156.7 
 abcijk-ejac-ikeb |  1536 | 1536 |   24 | 1.00 | 0.75 |     168.2 |       169.2 |         161.1 
 abcijk-ejbc-ikea |   512 | 4608 |   24 | 1.00 | 0.97 |     156.0 |       154.5 |         156.0 
 abcijk-ekab-ijec |  1536 | 1536 |   24 | 1.00 | 0.50 |     162.3 |       161.8 |         155.4 
 abcijk-ekac-ijeb |  1536 | 1536 |   24 | 1.00 | 0.75 |     169.5 |       168.9 |         161.8 
 abcijk-ekbc-ijea |   512 | 4608 |   24 | 1.00 | 0.97 |     156.0 |       159.3 |         154.7 
       abc-bk-akc |    72 | 3744 |   52 | 0.89 | 1.00 |     175.5 |       176.1 |         163.7 

=== complex efficiency ratio (c64 GF/s over f64 GF/s; 1.0 = no penalty) ===
             case | plan c64/f64 | packed c64/f64 | upstream c64/f64 
------------------+--------------+----------------+------------------
         ij-ik-kj |        1.304 |          1.002 |            1.066 
       ij-ikl-ljk |        1.040 |          1.030 |            1.111 
       ij-kil-lkj |        0.909 |          0.925 |            1.099 
       ijk-ikl-lj |        1.073 |          1.061 |            1.317 
       ijk-il-jlk |        0.591 |          0.585 |            0.722 
       ijk-ilk-jl |        1.042 |          1.040 |            1.219 
       ijk-ilk-lj |        1.073 |          1.069 |            1.322 
     ijk-ilmk-mjl |        1.105 |          1.081 |            1.528 
   ijkl-imjn-lnkm |        0.924 |          0.930 |            0.999 
   ijkl-imjn-nlmk |        0.917 |          0.909 |            0.993 
   ijkl-imkn-jnlm |        0.920 |          0.914 |            0.978 
   ijkl-imkn-njml |        0.909 |          0.911 |            0.972 
   ijkl-imln-jnkm |        0.922 |          0.903 |            0.986 
   ijkl-imln-njmk |        0.918 |          0.925 |            0.982 
   ijkl-imnj-nlkm |        0.906 |          0.915 |            0.989 
   ijkl-imnk-njml |        0.916 |          0.911 |            0.986 
   ijkl-minj-nlmk |        0.911 |          0.904 |            0.986 
   ijkl-mink-jnlm |        0.911 |          0.905 |            0.971 
   ijkl-minl-njmk |        0.914 |          0.905 |            0.984 
     aqrs-pa-pqrs |        0.610 |          0.896 |            1.161 
     abrs-qb-aqrs |        1.338 |          1.344 |            1.749 
     abcs-rc-abrs |        1.182 |          1.190 |            1.571 
       abj-bka-kj |        1.117 |          1.165 |            1.289 
       ajb-kba-jk |        1.031 |          1.038 |            1.192 
     abjc-cbka-kj |        1.434 |          1.422 |            1.614 
     ajbc-ckba-jk |        1.430 |          1.438 |            1.656 
     abjc-kbac-jk |        1.231 |          1.245 |            1.555 
   abjcd-dkbac-jk |        1.625 |          1.586 |            1.608 
   adbjc-cbdka-kj |        2.779 |          3.078 |            3.013 
   ajbdc-ckbad-jk |        1.493 |          1.484 |            1.774 
 abcijk-ijma-mkbc |        1.096 |          0.956 |            1.269 
 abcijk-ijmb-mkac |        1.108 |          1.105 |            1.224 
 abcijk-ijmc-mkab |        1.194 |          1.196 |            1.240 
 abcijk-ikma-mjbc |        0.964 |          1.119 |            1.277 
 abcijk-ikmb-mjac |        1.113 |          1.122 |            1.216 
 abcijk-ikmc-mjab |        1.212 |          1.221 |            1.217 
 abcijk-jkma-mibc |        1.089 |          1.072 |            1.256 
 abcijk-jkmb-miac |        1.129 |          1.151 |            1.223 
 abcijk-jkmc-miab |        1.234 |          1.252 |            1.201 
 abcijk-eiab-jkec |        1.213 |          1.242 |            1.194 
 abcijk-eiac-jkeb |        1.117 |          1.126 |            1.231 
 abcijk-eibc-jkea |        1.111 |          1.079 |            1.278 
 abcijk-ejab-ikec |        1.181 |          1.185 |            1.232 
 abcijk-ejac-ikeb |        1.096 |          1.102 |            1.198 
 abcijk-ejbc-ikea |        1.122 |          1.093 |            1.261 
 abcijk-ekab-ijec |        1.188 |          1.173 |            1.211 
 abcijk-ekac-ijeb |        1.113 |          1.113 |            1.205 
 abcijk-ekbc-ijea |        1.114 |          1.143 |            1.271 
       abc-bk-akc |        1.037 |          1.042 |            1.273 
             MEAN |        1.121 |          1.127 |            1.263 

wrote /home/shinaoka/projects/tensor4all/tprims-benchmark/data/results/zen5-cpu/tcbench/20261009T080245Z/run0-1m-4t.csv
