# threads: requested=8 pool=8 budget=8
host        : shinaoka-EVO-X1Pro
target      : x86_64 / linux
cpu features: avx2 fma avx512f avx512dq 
caches      : L1=48KiB/12-way/2sh L2=1024KiB/16-way/2sh L3=8192KiB/16-way/16sh (via sysfs), blocking=legacy
l3 domains  : t1=1 t4=1 t8=1 t16=2
baselines   : tblis=false blas=false

running 49 cases at 16 MiB nominal tensor size, 5 reps, 500 ms priming, stress=none


=== f64 ===
             case |      m |     n |     k | regA | regB | plan GF/s | packed GF/s | upstream GF/s 
------------------+--------+-------+-------+------+------+-----------+-------------+---------------
         ij-ik-kj |   1464 |  1448 |  1464 | 0.00 | 0.00 |     282.2 |       293.9 |         338.2 
       ij-ikl-ljk |    144 |   128 | 18432 | 1.00 | 1.00 |     206.4 |       206.0 |         197.6 
       ij-kil-lkj |    144 |   128 | 20736 | 1.00 | 1.00 |     171.3 |       172.0 |         163.5 
       ijk-ikl-lj |  18432 |   128 |   144 | 1.00 | 1.00 |     281.9 |       281.5 |         262.3 
       ijk-il-jlk |    144 | 18432 |   128 | 1.00 | 1.00 |     300.1 |       302.4 |         250.1 
       ijk-ilk-jl |  18432 |   144 |   128 | 1.00 | 1.00 |     321.7 |       309.8 |         297.0 
       ijk-ilk-lj |  18432 |   128 |   144 | 1.00 | 1.00 |     319.3 |       310.1 |         297.5 
     ijk-ilmk-mjl |   1920 |    40 |  1920 | 1.00 | 1.00 |     221.6 |       220.7 |         195.9 
   ijkl-imjn-lnkm |   1920 |  1920 |  1600 | 1.00 | 1.00 |     327.7 |       326.9 |         319.9 
   ijkl-imjn-nlmk |   1920 |  1600 |  1920 | 1.00 | 1.00 |     326.5 |       326.5 |         321.4 
   ijkl-imkn-jnlm |   1920 |  1920 |  1600 | 1.00 | 1.00 |     345.2 |       347.3 |         337.0 
   ijkl-imkn-njml |   1920 |  1600 |  1920 | 1.00 | 1.00 |     346.9 |       346.5 |         337.6 
   ijkl-imln-jnkm |   1920 |  1920 |  1600 | 1.00 | 1.00 |     349.9 |       350.6 |         338.5 
   ijkl-imln-njmk |   1920 |  1600 |  1920 | 1.00 | 1.00 |     351.4 |       352.7 |         339.4 
   ijkl-imnj-nlkm |   1920 |  1600 |  1920 | 1.00 | 1.00 |     326.7 |       325.9 |         318.2 
   ijkl-imnk-njml |   1920 |  1600 |  1920 | 1.00 | 1.00 |     344.5 |       341.9 |         339.0 
   ijkl-minj-nlmk |   1920 |  1600 |  2304 | 1.00 | 1.00 |     326.5 |       327.0 |         320.6 
   ijkl-mink-jnlm |   1920 |  1920 |  1920 | 1.00 | 1.00 |     343.9 |       342.7 |         330.4 
   ijkl-minl-njmk |   1920 |  1600 |  2304 | 1.00 | 1.00 |     332.2 |       334.1 |         325.5 
     aqrs-pa-pqrs |     48 | 64000 |    48 | 0.00 | 0.00 |     212.6 |       173.8 |         149.9 
     abrs-qb-aqrs |     40 | 76800 |    48 | 1.00 | 1.00 |     214.8 |       214.5 |         198.4 
     abcs-rc-abrs |     40 | 76800 |    48 | 1.00 | 1.00 |     157.2 |       158.1 |         139.6 
       abj-bka-kj |  20736 |   128 |   144 | 1.00 | 1.00 |     184.4 |       183.1 |         174.3 
       ajb-kba-jk |  18432 |   144 |   144 | 1.00 | 1.00 |     280.8 |       275.1 |         269.2 
     abjc-cbka-kj |  92160 |    40 |    48 | 1.00 | 1.00 |      40.6 |        41.9 |          42.1 
     ajbc-ckba-jk |  92160 |    48 |    40 | 1.00 | 1.00 |      68.2 |        67.9 |          63.2 
     abjc-kbac-jk |  76800 |    48 |    48 | 1.00 | 1.00 |     139.9 |       140.8 |         143.9 
   abjcd-dkbac-jk | 230400 |    24 |    20 | 1.00 | 1.00 |      48.7 |        48.2 |          45.2 
   adbjc-cbdka-kj | 230400 |    20 |    24 | 1.00 | 1.00 |      25.4 |        25.1 |          23.9 
   ajbdc-ckbad-jk | 230400 |    24 |    20 | 1.00 | 1.00 |      48.7 |        48.7 |          45.1 
 abcijk-ijma-mkbc |   6912 |  1728 |    24 | 1.00 | 1.00 |     153.4 |       152.3 |         151.9 
 abcijk-ijmb-mkac |   3456 |  3456 |    24 | 1.00 | 0.67 |     159.7 |       166.7 |         160.9 
 abcijk-ijmc-mkab |   3456 |  3456 |    24 | 1.00 | 0.67 |     145.5 |       146.9 |         158.3 
 abcijk-ikma-mjbc |   6912 |  1728 |    24 | 1.00 | 1.00 |     159.1 |       152.0 |         152.1 
 abcijk-ikmb-mjac |   3456 |  3456 |    24 | 1.00 | 0.67 |     161.7 |       165.0 |         160.2 
 abcijk-ikmc-mjab |   3456 |  3456 |    24 | 1.00 | 0.67 |     145.4 |       147.5 |         156.6 
 abcijk-jkma-mibc |   6912 |  1728 |    24 | 1.00 | 1.00 |     155.1 |       157.1 |         150.9 
 abcijk-jkmb-miac |   3456 |  3456 |    24 | 1.00 | 0.67 |     168.0 |       164.6 |         160.8 
 abcijk-jkmc-miab |   3456 |  3456 |    24 | 1.00 | 0.67 |     144.7 |       144.5 |         157.0 
 abcijk-eiab-jkec |   3456 |  3456 |    24 | 1.00 | 0.67 |     143.7 |       144.0 |         156.6 
 abcijk-eiac-jkeb |   3456 |  3456 |    24 | 1.00 | 0.67 |     162.5 |       167.8 |         159.5 
 abcijk-eibc-jkea |   1728 |  6912 |    24 | 1.00 | 1.00 |     154.3 |       155.1 |         152.9 
 abcijk-ejab-ikec |   3456 |  3456 |    24 | 1.00 | 0.67 |     145.4 |       147.2 |         157.5 
 abcijk-ejac-ikeb |   3456 |  3456 |    24 | 1.00 | 0.67 |     159.6 |       159.0 |         160.7 
 abcijk-ejbc-ikea |   1728 |  6912 |    24 | 1.00 | 1.00 |     157.7 |       159.9 |         151.4 
 abcijk-ekab-ijec |   3456 |  3456 |    24 | 1.00 | 0.67 |     147.1 |       145.5 |         153.2 
 abcijk-ekac-ijeb |   3456 |  3456 |    24 | 1.00 | 0.67 |     161.0 |       161.0 |         160.4 
 abcijk-ekbc-ijea |   1728 |  6912 |    24 | 1.00 | 1.00 |     154.3 |       159.7 |         153.5 
       abc-bk-akc |    144 | 18432 |   128 | 1.00 | 1.00 |     316.1 |       315.2 |         298.9 

=== c64 ===
             case |      m |     n |     k | regA | regB | plan GF/s | packed GF/s | upstream GF/s 
------------------+--------+-------+-------+------+------+-----------+-------------+---------------
         ij-ik-kj |   1464 |  1448 |  1464 | 1.00 | 1.00 |     350.3 |       351.4 |         340.6 
       ij-ikl-ljk |    144 |   128 | 18432 | 1.00 | 1.00 |     167.2 |       165.9 |         160.8 
       ij-kil-lkj |    144 |   128 | 20736 | 1.00 | 1.00 |     164.2 |       162.2 |         157.6 
       ijk-ikl-lj |  18432 |   128 |   144 | 1.00 | 1.00 |     344.5 |       344.1 |         341.9 
       ijk-il-jlk |    144 | 18432 |   128 | 1.00 | 1.00 |     198.0 |       198.0 |         195.3 
       ijk-ilk-jl |  18432 |   144 |   128 | 1.00 | 1.00 |     361.0 |       360.5 |         353.1 
       ijk-ilk-lj |  18432 |   128 |   144 | 1.00 | 1.00 |     350.2 |       349.8 |         340.9 
     ijk-ilmk-mjl |   1920 |    40 |  1920 | 1.00 | 1.00 |     259.0 |       262.4 |         242.9 
   ijkl-imjn-lnkm |   1920 |  1920 |  1600 | 1.00 | 0.90 |     360.3 |       360.8 |         341.7 
   ijkl-imjn-nlmk |   1920 |  1600 |  1920 | 1.00 | 0.90 |     362.8 |       363.1 |         347.4 
   ijkl-imkn-jnlm |   1920 |  1920 |  1600 | 1.00 | 1.00 |     366.8 |       366.2 |         355.6 
   ijkl-imkn-njml |   1920 |  1600 |  1920 | 1.00 | 0.90 |     362.0 |       361.9 |         350.3 
   ijkl-imln-jnkm |   1920 |  1920 |  1600 | 1.00 | 1.00 |     367.7 |       367.8 |         356.5 
   ijkl-imln-njmk |   1920 |  1600 |  1920 | 1.00 | 0.90 |     362.6 |       362.9 |         353.2 
   ijkl-imnj-nlkm |   1920 |  1600 |  1920 | 1.00 | 0.90 |     361.7 |       362.8 |         347.0 
   ijkl-imnk-njml |   1920 |  1600 |  1920 | 1.00 | 0.90 |     360.4 |       358.9 |         349.0 
   ijkl-minj-nlmk |   1920 |  1600 |  2304 | 1.00 | 0.90 |     359.7 |       360.1 |         347.9 
   ijkl-mink-jnlm |   1920 |  1920 |  1920 | 1.00 | 1.00 |     364.9 |       365.0 |         356.8 
   ijkl-minl-njmk |   1920 |  1600 |  2304 | 1.00 | 0.90 |     361.9 |       362.1 |         354.4 
     aqrs-pa-pqrs |     48 | 64000 |    48 | 1.00 | 1.00 |     270.6 |       270.2 |         251.6 
     abrs-qb-aqrs |     40 | 76800 |    48 | 1.00 | 1.00 |     237.4 |       257.1 |         258.2 
     abcs-rc-abrs |     40 | 76800 |    48 | 1.00 | 1.00 |     238.3 |       255.6 |         263.9 
       abj-bka-kj |  20736 |   128 |   144 | 1.00 | 1.00 |     290.1 |       294.9 |         285.9 
       ajb-kba-jk |  18432 |   144 |   144 | 1.00 | 1.00 |     359.3 |       355.2 |         351.5 
     abjc-cbka-kj |  92160 |    40 |    48 | 1.00 | 1.00 |     110.0 |       109.6 |         109.4 
     ajbc-ckba-jk |  92160 |    48 |    40 | 1.00 | 1.00 |     161.7 |       164.5 |          35.5 
     abjc-kbac-jk |  76800 |    48 |    48 | 1.00 | 1.00 |     235.4 |       240.4 |         174.1 
   abjcd-dkbac-jk | 230400 |    24 |    20 | 0.67 | 1.00 |     100.3 |       100.7 |          97.5 
   adbjc-cbdka-kj | 230400 |    20 |    24 | 0.67 | 1.00 |      65.4 |        63.9 |          63.4 
   ajbdc-ckbad-jk | 230400 |    24 |    20 | 1.00 | 1.00 |     105.3 |       104.2 |          29.4 
 abcijk-ijma-mkbc |   6912 |  1728 |    24 | 1.00 | 1.00 |     266.9 |       273.1 |         229.8 
 abcijk-ijmb-mkac |   3456 |  3456 |    24 | 1.00 | 1.00 |     277.8 |       278.4 |         273.3 
 abcijk-ijmc-mkab |   3456 |  3456 |    24 | 1.00 | 1.00 |     254.2 |       255.1 |         281.6 
 abcijk-ikma-mjbc |   6912 |  1728 |    24 | 1.00 | 1.00 |     271.9 |       273.4 |         229.0 
 abcijk-ikmb-mjac |   3456 |  3456 |    24 | 1.00 | 1.00 |     277.9 |       274.8 |         272.8 
 abcijk-ikmc-mjab |   3456 |  3456 |    24 | 1.00 | 1.00 |     261.7 |       255.3 |         281.5 
 abcijk-jkma-mibc |   6912 |  1728 |    24 | 1.00 | 1.00 |     274.1 |       273.4 |         229.6 
 abcijk-jkmb-miac |   3456 |  3456 |    24 | 1.00 | 1.00 |     276.5 |       278.8 |         273.4 
 abcijk-jkmc-miab |   3456 |  3456 |    24 | 1.00 | 1.00 |     258.8 |       262.0 |         279.6 
 abcijk-eiab-jkec |   3456 |  3456 |    24 | 1.00 | 1.00 |     256.3 |       256.7 |         279.5 
 abcijk-eiac-jkeb |   3456 |  3456 |    24 | 1.00 | 1.00 |     275.6 |       276.7 |         274.0 
 abcijk-eibc-jkea |   1728 |  6912 |    24 | 1.00 | 1.00 |     270.4 |       270.7 |         228.4 
 abcijk-ejab-ikec |   3456 |  3456 |    24 | 1.00 | 1.00 |     277.1 |       261.0 |         280.8 
 abcijk-ejac-ikeb |   3456 |  3456 |    24 | 1.00 | 1.00 |     278.2 |       276.2 |         273.2 
 abcijk-ejbc-ikea |   1728 |  6912 |    24 | 1.00 | 1.00 |     272.8 |       274.1 |         227.3 
 abcijk-ekab-ijec |   3456 |  3456 |    24 | 1.00 | 1.00 |     273.2 |       256.1 |         279.2 
 abcijk-ekac-ijeb |   3456 |  3456 |    24 | 1.00 | 1.00 |     276.0 |       277.3 |         273.8 
 abcijk-ekbc-ijea |   1728 |  6912 |    24 | 1.00 | 1.00 |     272.4 |       271.3 |         227.4 
       abc-bk-akc |    144 | 18432 |   128 | 1.00 | 1.00 |     359.4 |       359.4 |         353.7 

=== complex efficiency ratio (c64 GF/s over f64 GF/s; 1.0 = no penalty) ===
             case | plan c64/f64 | packed c64/f64 | upstream c64/f64 
------------------+--------------+----------------+------------------
         ij-ik-kj |        1.241 |          1.196 |            1.007 
       ij-ikl-ljk |        0.810 |          0.805 |            0.814 
       ij-kil-lkj |        0.959 |          0.943 |            0.964 
       ijk-ikl-lj |        1.222 |          1.222 |            1.304 
       ijk-il-jlk |        0.660 |          0.655 |            0.781 
       ijk-ilk-jl |        1.122 |          1.164 |            1.189 
       ijk-ilk-lj |        1.097 |          1.128 |            1.146 
     ijk-ilmk-mjl |        1.169 |          1.189 |            1.240 
   ijkl-imjn-lnkm |        1.099 |          1.104 |            1.068 
   ijkl-imjn-nlmk |        1.111 |          1.112 |            1.081 
   ijkl-imkn-jnlm |        1.062 |          1.055 |            1.055 
   ijkl-imkn-njml |        1.044 |          1.045 |            1.038 
   ijkl-imln-jnkm |        1.051 |          1.049 |            1.053 
   ijkl-imln-njmk |        1.032 |          1.029 |            1.041 
   ijkl-imnj-nlkm |        1.107 |          1.113 |            1.090 
   ijkl-imnk-njml |        1.046 |          1.050 |            1.030 
   ijkl-minj-nlmk |        1.102 |          1.101 |            1.085 
   ijkl-mink-jnlm |        1.061 |          1.065 |            1.080 
   ijkl-minl-njmk |        1.089 |          1.084 |            1.089 
     aqrs-pa-pqrs |        1.273 |          1.555 |            1.678 
     abrs-qb-aqrs |        1.105 |          1.199 |            1.301 
     abcs-rc-abrs |        1.516 |          1.616 |            1.891 
       abj-bka-kj |        1.573 |          1.611 |            1.641 
       ajb-kba-jk |        1.279 |          1.291 |            1.306 
     abjc-cbka-kj |        2.707 |          2.618 |            2.599 
     ajbc-ckba-jk |        2.370 |          2.422 |            0.562 
     abjc-kbac-jk |        1.682 |          1.708 |            1.210 
   abjcd-dkbac-jk |        2.062 |          2.089 |            2.158 
   adbjc-cbdka-kj |        2.575 |          2.544 |            2.657 
   ajbdc-ckbad-jk |        2.163 |          2.141 |            0.653 
 abcijk-ijma-mkbc |        1.740 |          1.793 |            1.513 
 abcijk-ijmb-mkac |        1.739 |          1.670 |            1.699 
 abcijk-ijmc-mkab |        1.747 |          1.736 |            1.779 
 abcijk-ikma-mjbc |        1.709 |          1.798 |            1.506 
 abcijk-ikmb-mjac |        1.718 |          1.666 |            1.703 
 abcijk-ikmc-mjab |        1.800 |          1.730 |            1.797 
 abcijk-jkma-mibc |        1.767 |          1.740 |            1.522 
 abcijk-jkmb-miac |        1.646 |          1.694 |            1.700 
 abcijk-jkmc-miab |        1.789 |          1.813 |            1.781 
 abcijk-eiab-jkec |        1.783 |          1.782 |            1.785 
 abcijk-eiac-jkeb |        1.696 |          1.650 |            1.718 
 abcijk-eibc-jkea |        1.752 |          1.746 |            1.493 
 abcijk-ejab-ikec |        1.905 |          1.773 |            1.783 
 abcijk-ejac-ikeb |        1.743 |          1.737 |            1.700 
 abcijk-ejbc-ikea |        1.730 |          1.715 |            1.501 
 abcijk-ekab-ijec |        1.857 |          1.760 |            1.822 
 abcijk-ekac-ijeb |        1.714 |          1.723 |            1.707 
 abcijk-ekbc-ijea |        1.765 |          1.698 |            1.481 
       abc-bk-akc |        1.137 |          1.140 |            1.184 
             MEAN |        1.492 |          1.495 |            1.408 

wrote /home/shinaoka/projects/tensor4all/tprims-benchmark/data/results/zen5-cpu/tcbench/20261009T080245Z/run0-16m-8t.csv
