# threads: requested=1 pool=1 budget=1
host        : shinaoka-EVO-X1Pro
target      : x86_64 / linux
cpu features: avx2 fma avx512f avx512dq 
caches      : L1=48KiB/12-way/2sh L2=1024KiB/16-way/2sh L3=8192KiB/16-way/16sh (via sysfs), blocking=legacy
l3 domains  : t1=1
baselines   : tblis=false blas=false

running 49 cases at 16 MiB nominal tensor size, 5 reps, 500 ms priming, stress=none


=== f64 ===
             case |      m |     n |     k | regA | regB | plan GF/s | packed GF/s | upstream GF/s 
------------------+--------+-------+-------+------+------+-----------+-------------+---------------
         ij-ik-kj |   1464 |  1448 |  1464 | 0.00 | 0.00 |      44.1 |        47.6 |          47.2 
       ij-ikl-ljk |    144 |   128 | 18432 | 1.00 | 1.00 |      38.3 |        38.3 |          37.0 
       ij-kil-lkj |    144 |   128 | 20736 | 1.00 | 1.00 |      35.5 |        35.4 |          33.2 
       ijk-ikl-lj |  18432 |   128 |   144 | 1.00 | 1.00 |      42.7 |        42.8 |          42.8 
       ijk-il-jlk |    144 | 18432 |   128 | 1.00 | 1.00 |      39.7 |        39.6 |          36.8 
       ijk-ilk-jl |  18432 |   144 |   128 | 1.00 | 1.00 |      44.8 |        44.7 |          43.3 
       ijk-ilk-lj |  18432 |   128 |   144 | 1.00 | 1.00 |      44.2 |        44.3 |          43.1 
     ijk-ilmk-mjl |   1920 |    40 |  1920 | 1.00 | 1.00 |      39.2 |        39.2 |          39.6 
   ijkl-imjn-lnkm |   1920 |  1920 |  1600 | 1.00 | 1.00 |      46.4 |        46.4 |          46.3 
   ijkl-imjn-nlmk |   1920 |  1600 |  1920 | 1.00 | 1.00 |      46.2 |        46.2 |          46.0 
   ijkl-imkn-jnlm |   1920 |  1920 |  1600 | 1.00 | 1.00 |      46.8 |        46.8 |          45.5 
   ijkl-imkn-njml |   1920 |  1600 |  1920 | 1.00 | 1.00 |      46.6 |        46.7 |          45.4 
   ijkl-imln-jnkm |   1920 |  1920 |  1600 | 1.00 | 1.00 |      46.6 |        46.6 |          45.7 
   ijkl-imln-njmk |   1920 |  1600 |  1920 | 1.00 | 1.00 |      47.0 |        47.0 |          45.6 
   ijkl-imnj-nlkm |   1920 |  1600 |  1920 | 1.00 | 1.00 |      46.3 |        46.3 |          46.1 
   ijkl-imnk-njml |   1920 |  1600 |  1920 | 1.00 | 1.00 |      46.8 |        46.8 |          45.6 
   ijkl-minj-nlmk |   1920 |  1600 |  2304 | 1.00 | 1.00 |      45.6 |        45.6 |          45.3 
   ijkl-mink-jnlm |   1920 |  1920 |  1920 | 1.00 | 1.00 |      46.4 |        46.4 |          45.0 
   ijkl-minl-njmk |   1920 |  1600 |  2304 | 1.00 | 1.00 |      46.4 |        46.4 |          45.0 
     aqrs-pa-pqrs |     48 | 64000 |    48 | 0.00 | 0.00 |      38.3 |        31.8 |          27.4 
     abrs-qb-aqrs |     40 | 76800 |    48 | 1.00 | 1.00 |      34.6 |        34.2 |          34.3 
     abcs-rc-abrs |     40 | 76800 |    48 | 1.00 | 1.00 |      33.3 |        32.9 |          32.4 
       abj-bka-kj |  20736 |   128 |   144 | 1.00 | 1.00 |      38.2 |        38.4 |          37.9 
       ajb-kba-jk |  18432 |   144 |   144 | 1.00 | 1.00 |      42.0 |        41.9 |          41.2 
     abjc-cbka-kj |  92160 |    40 |    48 | 1.00 | 1.00 |      10.3 |        10.3 |          10.0 
     ajbc-ckba-jk |  92160 |    48 |    40 | 1.00 | 1.00 |      18.0 |        18.0 |          16.5 
     abjc-kbac-jk |  76800 |    48 |    48 | 1.00 | 1.00 |      28.5 |        28.5 |          27.9 
   abjcd-dkbac-jk | 230400 |    24 |    20 | 1.00 | 1.00 |      12.4 |        12.4 |          10.9 
   adbjc-cbdka-kj | 230400 |    20 |    24 | 1.00 | 1.00 |       5.4 |         5.3 |           5.1 
   ajbdc-ckbad-jk | 230400 |    24 |    20 | 1.00 | 1.00 |      12.9 |        12.9 |          11.1 
 abcijk-ijma-mkbc |   6912 |  1728 |    24 | 1.00 | 1.00 |      42.0 |        42.0 |          37.9 
 abcijk-ijmb-mkac |   3456 |  3456 |    24 | 1.00 | 0.67 |      41.1 |        41.2 |          36.6 
 abcijk-ijmc-mkab |   3456 |  3456 |    24 | 1.00 | 0.67 |      38.9 |        38.8 |          37.3 
 abcijk-ikma-mjbc |   6912 |  1728 |    24 | 1.00 | 1.00 |      41.7 |        41.8 |          37.8 
 abcijk-ikmb-mjac |   3456 |  3456 |    24 | 1.00 | 0.67 |      40.8 |        40.9 |          36.5 
 abcijk-ikmc-mjab |   3456 |  3456 |    24 | 1.00 | 0.67 |      38.8 |        38.9 |          37.3 
 abcijk-jkma-mibc |   6912 |  1728 |    24 | 1.00 | 1.00 |      41.9 |        41.8 |          37.9 
 abcijk-jkmb-miac |   3456 |  3456 |    24 | 1.00 | 0.67 |      41.1 |        40.7 |          36.6 
 abcijk-jkmc-miab |   3456 |  3456 |    24 | 1.00 | 0.67 |      38.7 |        38.6 |          37.2 
 abcijk-eiab-jkec |   3456 |  3456 |    24 | 1.00 | 0.67 |      38.8 |        38.7 |          37.1 
 abcijk-eiac-jkeb |   3456 |  3456 |    24 | 1.00 | 0.67 |      41.2 |        41.1 |          36.8 
 abcijk-eibc-jkea |   1728 |  6912 |    24 | 1.00 | 1.00 |      42.0 |        41.9 |          37.7 
 abcijk-ejab-ikec |   3456 |  3456 |    24 | 1.00 | 0.67 |      38.6 |        38.7 |          37.3 
 abcijk-ejac-ikeb |   3456 |  3456 |    24 | 1.00 | 0.67 |      40.8 |        40.9 |          36.6 
 abcijk-ejbc-ikea |   1728 |  6912 |    24 | 1.00 | 1.00 |      41.6 |        41.5 |          37.7 
 abcijk-ekab-ijec |   3456 |  3456 |    24 | 1.00 | 0.67 |      38.7 |        38.7 |          37.3 
 abcijk-ekac-ijeb |   3456 |  3456 |    24 | 1.00 | 0.67 |      41.2 |        41.1 |          36.7 
 abcijk-ekbc-ijea |   1728 |  6912 |    24 | 1.00 | 1.00 |      41.8 |        41.8 |          37.8 
       abc-bk-akc |    144 | 18432 |   128 | 1.00 | 1.00 |      45.5 |        45.5 |          44.3 

=== c64 ===
             case |      m |     n |     k | regA | regB | plan GF/s | packed GF/s | upstream GF/s 
------------------+--------+-------+-------+------+------+-----------+-------------+---------------
         ij-ik-kj |   1464 |  1448 |  1464 | 1.00 | 1.00 |      48.9 |        48.9 |          47.7 
       ij-ikl-ljk |    144 |   128 | 18432 | 1.00 | 1.00 |      41.8 |        41.8 |          40.3 
       ij-kil-lkj |    144 |   128 | 20736 | 1.00 | 1.00 |      40.1 |        40.1 |          39.0 
       ijk-ikl-lj |  18432 |   128 |   144 | 1.00 | 1.00 |      45.6 |        45.6 |          45.2 
       ijk-il-jlk |    144 | 18432 |   128 | 1.00 | 1.00 |      47.0 |        47.1 |          46.5 
       ijk-ilk-jl |  18432 |   144 |   128 | 1.00 | 1.00 |      47.5 |        47.5 |          46.8 
       ijk-ilk-lj |  18432 |   128 |   144 | 1.00 | 1.00 |      46.0 |        46.0 |          45.3 
     ijk-ilmk-mjl |   1920 |    40 |  1920 | 1.00 | 1.00 |      38.4 |        38.4 |          38.6 
   ijkl-imjn-lnkm |   1920 |  1920 |  1600 | 1.00 | 0.90 |      48.4 |        48.4 |          47.4 
   ijkl-imjn-nlmk |   1920 |  1600 |  1920 | 1.00 | 0.90 |      48.3 |        48.3 |          47.2 
   ijkl-imkn-jnlm |   1920 |  1920 |  1600 | 1.00 | 1.00 |      48.2 |        48.2 |          47.9 
   ijkl-imkn-njml |   1920 |  1600 |  1920 | 1.00 | 0.90 |      48.0 |        48.0 |          47.7 
   ijkl-imln-jnkm |   1920 |  1920 |  1600 | 1.00 | 1.00 |      48.3 |        48.3 |          48.0 
   ijkl-imln-njmk |   1920 |  1600 |  1920 | 1.00 | 0.90 |      48.2 |        48.2 |          47.8 
   ijkl-imnj-nlkm |   1920 |  1600 |  1920 | 1.00 | 0.90 |      48.3 |        48.3 |          47.4 
   ijkl-imnk-njml |   1920 |  1600 |  1920 | 1.00 | 0.90 |      48.1 |        48.1 |          47.6 
   ijkl-minj-nlmk |   1920 |  1600 |  2304 | 1.00 | 0.90 |      48.0 |        48.0 |          46.9 
   ijkl-mink-jnlm |   1920 |  1920 |  1920 | 1.00 | 1.00 |      48.0 |        48.0 |          47.6 
   ijkl-minl-njmk |   1920 |  1600 |  2304 | 1.00 | 0.90 |      47.9 |        47.8 |          47.5 
     aqrs-pa-pqrs |     48 | 64000 |    48 | 1.00 | 1.00 |      38.0 |        38.0 |          35.5 
     abrs-qb-aqrs |     40 | 76800 |    48 | 1.00 | 1.00 |      35.2 |        35.2 |          35.5 
     abcs-rc-abrs |     40 | 76800 |    48 | 1.00 | 1.00 |      37.0 |        36.9 |          38.0 
       abj-bka-kj |  20736 |   128 |   144 | 1.00 | 1.00 |      42.2 |        42.2 |          41.6 
       ajb-kba-jk |  18432 |   144 |   144 | 1.00 | 1.00 |      47.6 |        47.6 |          47.3 
     abjc-cbka-kj |  92160 |    40 |    48 | 1.00 | 1.00 |      21.2 |        21.2 |          20.9 
     ajbc-ckba-jk |  92160 |    48 |    40 | 1.00 | 1.00 |      29.1 |        29.1 |          28.3 
     abjc-kbac-jk |  76800 |    48 |    48 | 1.00 | 1.00 |      35.5 |        35.4 |          34.6 
   abjcd-dkbac-jk | 230400 |    24 |    20 | 0.67 | 1.00 |      20.5 |        20.5 |          19.8 
   adbjc-cbdka-kj | 230400 |    20 |    24 | 0.67 | 1.00 |      12.6 |        12.5 |          12.0 
   ajbdc-ckbad-jk | 230400 |    24 |    20 | 1.00 | 1.00 |      20.7 |        20.7 |          20.1 
 abcijk-ijma-mkbc |   6912 |  1728 |    24 | 1.00 | 1.00 |      42.2 |        42.2 |          41.3 
 abcijk-ijmb-mkac |   3456 |  3456 |    24 | 1.00 | 1.00 |      42.9 |        42.9 |          41.9 
 abcijk-ijmc-mkab |   3456 |  3456 |    24 | 1.00 | 1.00 |      42.4 |        42.4 |          41.2 
 abcijk-ikma-mjbc |   6912 |  1728 |    24 | 1.00 | 1.00 |      42.3 |        42.3 |          41.2 
 abcijk-ikmb-mjac |   3456 |  3456 |    24 | 1.00 | 1.00 |      42.9 |        42.9 |          41.9 
 abcijk-ikmc-mjab |   3456 |  3456 |    24 | 1.00 | 1.00 |      42.5 |        42.5 |          41.3 
 abcijk-jkma-mibc |   6912 |  1728 |    24 | 1.00 | 1.00 |      42.2 |        42.2 |          41.2 
 abcijk-jkmb-miac |   3456 |  3456 |    24 | 1.00 | 1.00 |      42.8 |        42.8 |          42.0 
 abcijk-jkmc-miab |   3456 |  3456 |    24 | 1.00 | 1.00 |      42.2 |        42.2 |          40.7 
 abcijk-eiab-jkec |   3456 |  3456 |    24 | 1.00 | 1.00 |      42.1 |        42.1 |          40.7 
 abcijk-eiac-jkeb |   3456 |  3456 |    24 | 1.00 | 1.00 |      42.9 |        42.9 |          42.0 
 abcijk-eibc-jkea |   1728 |  6912 |    24 | 1.00 | 1.00 |      42.3 |        42.2 |          41.3 
 abcijk-ejab-ikec |   3456 |  3456 |    24 | 1.00 | 1.00 |      42.4 |        42.4 |          41.2 
 abcijk-ejac-ikeb |   3456 |  3456 |    24 | 1.00 | 1.00 |      42.9 |        42.9 |          41.9 
 abcijk-ejbc-ikea |   1728 |  6912 |    24 | 1.00 | 1.00 |      42.3 |        42.2 |          41.2 
 abcijk-ekab-ijec |   3456 |  3456 |    24 | 1.00 | 1.00 |      42.4 |        42.4 |          41.4 
 abcijk-ekac-ijeb |   3456 |  3456 |    24 | 1.00 | 1.00 |      42.9 |        42.9 |          41.9 
 abcijk-ekbc-ijea |   1728 |  6912 |    24 | 1.00 | 1.00 |      42.2 |        42.2 |          41.3 
       abc-bk-akc |    144 | 18432 |   128 | 1.00 | 1.00 |      47.5 |        47.5 |          46.8 

=== complex efficiency ratio (c64 GF/s over f64 GF/s; 1.0 = no penalty) ===
             case | plan c64/f64 | packed c64/f64 | upstream c64/f64 
------------------+--------------+----------------+------------------
         ij-ik-kj |        1.110 |          1.026 |            1.012 
       ij-ikl-ljk |        1.091 |          1.090 |            1.088 
       ij-kil-lkj |        1.131 |          1.131 |            1.173 
       ijk-ikl-lj |        1.068 |          1.066 |            1.055 
       ijk-il-jlk |        1.185 |          1.190 |            1.263 
       ijk-ilk-jl |        1.062 |          1.063 |            1.082 
       ijk-ilk-lj |        1.042 |          1.038 |            1.053 
     ijk-ilmk-mjl |        0.979 |          0.979 |            0.976 
   ijkl-imjn-lnkm |        1.042 |          1.042 |            1.024 
   ijkl-imjn-nlmk |        1.046 |          1.045 |            1.026 
   ijkl-imkn-jnlm |        1.031 |          1.031 |            1.053 
   ijkl-imkn-njml |        1.030 |          1.029 |            1.049 
   ijkl-imln-jnkm |        1.036 |          1.036 |            1.050 
   ijkl-imln-njmk |        1.025 |          1.025 |            1.047 
   ijkl-imnj-nlkm |        1.044 |          1.044 |            1.028 
   ijkl-imnk-njml |        1.027 |          1.027 |            1.044 
   ijkl-minj-nlmk |        1.051 |          1.052 |            1.033 
   ijkl-mink-jnlm |        1.034 |          1.033 |            1.057 
   ijkl-minl-njmk |        1.032 |          1.031 |            1.056 
     aqrs-pa-pqrs |        0.992 |          1.193 |            1.297 
     abrs-qb-aqrs |        1.019 |          1.028 |            1.034 
     abcs-rc-abrs |        1.111 |          1.121 |            1.174 
       abj-bka-kj |        1.106 |          1.100 |            1.098 
       ajb-kba-jk |        1.135 |          1.137 |            1.148 
     abjc-cbka-kj |        2.058 |          2.052 |            2.095 
     ajbc-ckba-jk |        1.620 |          1.617 |            1.717 
     abjc-kbac-jk |        1.247 |          1.245 |            1.240 
   abjcd-dkbac-jk |        1.654 |          1.657 |            1.817 
   adbjc-cbdka-kj |        2.362 |          2.335 |            2.363 
   ajbdc-ckbad-jk |        1.603 |          1.601 |            1.813 
 abcijk-ijma-mkbc |        1.003 |          1.004 |            1.089 
 abcijk-ijmb-mkac |        1.043 |          1.040 |            1.145 
 abcijk-ijmc-mkab |        1.090 |          1.091 |            1.104 
 abcijk-ikma-mjbc |        1.016 |          1.012 |            1.089 
 abcijk-ikmb-mjac |        1.051 |          1.049 |            1.148 
 abcijk-ikmc-mjab |        1.096 |          1.092 |            1.105 
 abcijk-jkma-mibc |        1.008 |          1.008 |            1.085 
 abcijk-jkmb-miac |        1.041 |          1.051 |            1.145 
 abcijk-jkmc-miab |        1.088 |          1.093 |            1.094 
 abcijk-eiab-jkec |        1.086 |          1.090 |            1.096 
 abcijk-eiac-jkeb |        1.041 |          1.043 |            1.143 
 abcijk-eibc-jkea |        1.007 |          1.006 |            1.094 
 abcijk-ejab-ikec |        1.098 |          1.096 |            1.105 
 abcijk-ejac-ikeb |        1.050 |          1.049 |            1.147 
 abcijk-ejbc-ikea |        1.016 |          1.016 |            1.093 
 abcijk-ekab-ijec |        1.096 |          1.095 |            1.108 
 abcijk-ekac-ijeb |        1.041 |          1.042 |            1.141 
 abcijk-ekbc-ijea |        1.010 |          1.010 |            1.092 
       abc-bk-akc |        1.044 |          1.044 |            1.055 
             MEAN |        1.141 |          1.143 |            1.185 

wrote /home/shinaoka/projects/tensor4all/tprims-benchmark/data/results/zen5-cpu/tcbench/20261009T080245Z/run0-16m-1t.csv
