# threads: requested=8 pool=8 budget=8
host        : shinaoka-EVO-X1Pro
target      : x86_64 / linux
cpu features: avx2 fma avx512f avx512dq 
caches      : L1=48KiB/12-way/2sh L2=1024KiB/16-way/2sh L3=8192KiB/16-way/16sh (via sysfs), blocking=legacy
l3 domains  : t1=1 t4=1 t8=1 t16=2
baselines   : tblis=false blas=false

running 49 cases at 1 MiB nominal tensor size, 5 reps, 500 ms priming, stress=none


=== f64 ===
             case |     m |    n |    k | regA | regB | plan GF/s | packed GF/s | upstream GF/s 
------------------+-------+------+------+------+------+-----------+-------------+---------------
         ij-ik-kj |   384 |  364 |  384 | 0.00 | 0.00 |     261.7 |       360.0 |         255.6 
       ij-ikl-ljk |    72 |   52 | 3744 | 1.00 | 1.00 |     120.6 |       122.9 |          94.7 
       ij-kil-lkj |    72 |   52 | 5184 | 1.00 | 1.00 |     117.4 |       121.7 |          94.9 
       ijk-ikl-lj |  3744 |   52 |   72 | 1.00 | 1.00 |     287.9 |       277.4 |         154.2 
       ijk-il-jlk |    72 | 3744 |   52 | 1.00 | 1.00 |     310.1 |       308.2 |         178.1 
       ijk-ilk-jl |  3744 |   72 |   52 | 1.00 | 1.00 |     306.6 |       310.7 |         108.6 
       ijk-ilk-lj |  3744 |   52 |   72 | 1.00 | 1.00 |     282.2 |       294.4 |         149.0 
     ijk-ilmk-mjl |   480 |   20 |  480 | 1.00 | 1.00 |     169.3 |       166.1 |          75.4 
   ijkl-imjn-lnkm |   480 |  480 |  400 | 1.00 | 0.80 |     303.5 |       305.7 |         260.0 
   ijkl-imjn-nlmk |   480 |  400 |  480 | 1.00 | 0.80 |     309.9 |       309.0 |         269.2 
   ijkl-imkn-jnlm |   480 |  480 |  400 | 1.00 | 1.00 |     312.0 |       314.2 |         270.8 
   ijkl-imkn-njml |   480 |  400 |  480 | 1.00 | 0.80 |     315.5 |       313.0 |         273.8 
   ijkl-imln-jnkm |   480 |  480 |  400 | 1.00 | 1.00 |     313.1 |       312.4 |         269.5 
   ijkl-imln-njmk |   480 |  400 |  480 | 1.00 | 0.80 |     315.0 |       312.7 |         272.4 
   ijkl-imnj-nlkm |   480 |  400 |  480 | 1.00 | 0.80 |     308.6 |       310.4 |         270.8 
   ijkl-imnk-njml |   480 |  400 |  480 | 1.00 | 0.80 |     312.0 |       311.1 |         275.1 
   ijkl-minj-nlmk |   480 |  400 |  576 | 1.00 | 0.80 |     304.3 |       305.4 |         260.4 
   ijkl-mink-jnlm |   480 |  480 |  480 | 1.00 | 1.00 |     311.0 |       311.8 |         269.0 
   ijkl-minl-njmk |   480 |  400 |  576 | 1.00 | 0.80 |     308.9 |       304.9 |         268.0 
     aqrs-pa-pqrs |    24 | 8000 |   24 | 0.00 | 0.00 |     271.6 |       183.6 |          81.7 
     abrs-qb-aqrs |    20 | 9600 |   24 | 1.00 | 1.00 |     172.4 |       141.7 |          63.3 
     abcs-rc-abrs |    20 | 9600 |   24 | 1.00 | 1.00 |     170.2 |       171.6 |          58.4 
       abj-bka-kj |  5184 |   52 |   72 | 1.00 | 1.00 |     219.8 |       242.8 |         162.6 
       ajb-kba-jk |  3744 |   72 |   72 | 1.00 | 1.00 |     310.1 |       307.1 |         194.2 
     abjc-cbka-kj | 11520 |   20 |   24 | 1.00 | 1.00 |     103.3 |       100.8 |          58.2 
     ajbc-ckba-jk | 11520 |   24 |   20 | 1.00 | 1.00 |     130.3 |       129.9 |          62.6 
     abjc-kbac-jk |  9600 |   24 |   24 | 1.00 | 1.00 |     187.6 |       185.2 |          72.1 
   abjcd-dkbac-jk | 82944 |   24 |   12 | 1.00 | 1.00 |      48.5 |        47.2 |          39.6 
   adbjc-cbdka-kj | 82944 |   12 |   24 | 1.00 | 1.00 |      15.3 |        14.5 |          13.3 
   ajbdc-ckbad-jk | 82944 |   24 |   12 | 1.00 | 1.00 |      51.1 |        52.7 |          43.3 
 abcijk-ijma-mkbc |  4608 |  512 |   24 | 1.00 | 1.00 |     237.2 |       241.9 |         160.9 
 abcijk-ijmb-mkac |  1536 | 1536 |   24 | 1.00 | 1.00 |     275.7 |       272.7 |         209.0 
 abcijk-ijmc-mkab |  1536 | 1536 |   24 | 1.00 | 1.00 |     235.2 |       232.6 |         202.7 
 abcijk-ikma-mjbc |  4608 |  512 |   24 | 1.00 | 1.00 |     233.4 |       232.3 |         161.9 
 abcijk-ikmb-mjac |  1536 | 1536 |   24 | 1.00 | 1.00 |     261.2 |       260.3 |         209.2 
 abcijk-ikmc-mjab |  1536 | 1536 |   24 | 1.00 | 1.00 |     237.8 |       229.3 |         203.4 
 abcijk-jkma-mibc |  4608 |  512 |   24 | 1.00 | 1.00 |     228.4 |       231.6 |         155.6 
 abcijk-jkmb-miac |  1536 | 1536 |   24 | 1.00 | 1.00 |     239.9 |       245.8 |         204.7 
 abcijk-jkmc-miab |  1536 | 1536 |   24 | 1.00 | 1.00 |     221.7 |       223.7 |         202.5 
 abcijk-eiab-jkec |  1536 | 1536 |   24 | 1.00 | 1.00 |     216.5 |       215.6 |         203.8 
 abcijk-eiac-jkeb |  1536 | 1536 |   24 | 1.00 | 1.00 |     244.5 |       243.2 |         212.3 
 abcijk-eibc-jkea |   512 | 4608 |   24 | 1.00 | 1.00 |     230.9 |       231.8 |         154.8 
 abcijk-ejab-ikec |  1536 | 1536 |   24 | 1.00 | 1.00 |     238.7 |       232.8 |         200.6 
 abcijk-ejac-ikeb |  1536 | 1536 |   24 | 1.00 | 1.00 |     271.1 |       274.2 |         209.6 
 abcijk-ejbc-ikea |   512 | 4608 |   24 | 1.00 | 1.00 |     234.5 |       234.1 |         161.0 
 abcijk-ekab-ijec |  1536 | 1536 |   24 | 1.00 | 1.00 |     228.2 |       241.4 |         201.4 
 abcijk-ekac-ijeb |  1536 | 1536 |   24 | 1.00 | 1.00 |     275.4 |       276.7 |         210.2 
 abcijk-ekbc-ijea |   512 | 4608 |   24 | 1.00 | 1.00 |     225.4 |       220.7 |         152.7 
       abc-bk-akc |    72 | 3744 |   52 | 1.00 | 1.00 |     300.5 |       300.0 |         107.3 

=== c64 ===
             case |     m |    n |    k | regA | regB | plan GF/s | packed GF/s | upstream GF/s 
------------------+-------+------+------+------+------+-----------+-------------+---------------
         ij-ik-kj |   384 |  364 |  384 | 1.00 | 1.00 |     370.7 |       371.2 |         321.5 
       ij-ikl-ljk |    72 |   52 | 3744 | 1.00 | 1.00 |     156.0 |       156.9 |         136.1 
       ij-kil-lkj |    72 |   52 | 5184 | 1.00 | 1.00 |     138.3 |       138.0 |         126.2 
       ijk-ikl-lj |  3744 |   52 |   72 | 1.00 | 1.00 |     331.8 |       335.7 |         262.4 
       ijk-il-jlk |    72 | 3744 |   52 | 1.00 | 1.00 |     314.1 |       314.1 |         253.4 
       ijk-ilk-jl |  3744 |   72 |   52 | 0.89 | 1.00 |     341.0 |       344.3 |         189.4 
       ijk-ilk-lj |  3744 |   52 |   72 | 0.89 | 1.00 |     335.0 |       333.4 |         257.1 
     ijk-ilmk-mjl |   480 |   20 |  480 | 0.67 | 1.00 |     241.9 |       243.0 |         162.2 
   ijkl-imjn-lnkm |   480 |  480 |  400 | 0.67 | 0.80 |     332.2 |       332.4 |         311.6 
   ijkl-imjn-nlmk |   480 |  400 |  480 | 0.67 | 0.81 |     342.0 |       339.7 |         324.8 
   ijkl-imkn-jnlm |   480 |  480 |  400 | 0.67 | 1.00 |     343.2 |       341.8 |         321.6 
   ijkl-imkn-njml |   480 |  400 |  480 | 0.67 | 0.81 |     343.1 |       345.5 |         328.2 
   ijkl-imln-jnkm |   480 |  480 |  400 | 0.67 | 1.00 |     345.1 |       342.5 |         322.8 
   ijkl-imln-njmk |   480 |  400 |  480 | 0.67 | 0.81 |     342.5 |       343.3 |         329.1 
   ijkl-imnj-nlkm |   480 |  400 |  480 | 0.67 | 0.81 |     339.8 |       340.5 |         322.6 
   ijkl-imnk-njml |   480 |  400 |  480 | 0.67 | 0.81 |     346.3 |       346.3 |         329.4 
   ijkl-minj-nlmk |   480 |  400 |  576 | 0.67 | 0.81 |     333.8 |       332.3 |         311.3 
   ijkl-mink-jnlm |   480 |  480 |  480 | 0.67 | 1.00 |     343.3 |       343.5 |         326.5 
   ijkl-minl-njmk |   480 |  400 |  576 | 0.67 | 0.81 |     337.0 |       336.0 |         319.0 
     aqrs-pa-pqrs |    24 | 8000 |   24 | 1.00 | 1.00 |     166.2 |       166.4 |         133.3 
     abrs-qb-aqrs |    20 | 9600 |   24 | 1.00 | 1.00 |     267.7 |       262.5 |         154.8 
     abcs-rc-abrs |    20 | 9600 |   24 | 1.00 | 1.00 |     238.5 |       237.8 |         147.4 
       abj-bka-kj |  5184 |   52 |   72 | 0.89 | 1.00 |     294.4 |       295.2 |         244.9 
       ajb-kba-jk |  3744 |   72 |   72 | 0.89 | 1.00 |     335.7 |       344.6 |         283.7 
     abjc-cbka-kj | 11520 |   20 |   24 | 0.67 | 1.00 |     165.9 |       167.9 |         112.2 
     ajbc-ckba-jk | 11520 |   24 |   20 | 1.00 | 1.00 |     220.1 |       219.0 |          53.1 
     abjc-kbac-jk |  9600 |   24 |   24 | 0.67 | 1.00 |     266.6 |       270.6 |         176.2 
   abjcd-dkbac-jk | 82944 |   24 |   12 | 0.67 | 1.00 |      82.7 |        84.7 |          79.1 
   adbjc-cbdka-kj | 82944 |   12 |   24 | 0.67 | 1.00 |      43.9 |        43.1 |          40.9 
   ajbdc-ckbad-jk | 82944 |   24 |   12 | 1.00 | 1.00 |      86.7 |        86.0 |          45.8 
 abcijk-ijma-mkbc |  4608 |  512 |   24 | 1.00 | 0.97 |     273.1 |       281.6 |         179.1 
 abcijk-ijmb-mkac |  1536 | 1536 |   24 | 1.00 | 0.75 |     294.0 |       296.6 |         257.0 
 abcijk-ijmc-mkab |  1536 | 1536 |   24 | 1.00 | 0.50 |     255.2 |       261.5 |         268.0 
 abcijk-ikma-mjbc |  4608 |  512 |   24 | 1.00 | 0.97 |     285.8 |       278.5 |         178.4 
 abcijk-ikmb-mjac |  1536 | 1536 |   24 | 1.00 | 0.75 |     288.8 |       292.9 |         255.9 
 abcijk-ikmc-mjab |  1536 | 1536 |   24 | 1.00 | 0.50 |     253.8 |       255.4 |         268.2 
 abcijk-jkma-mibc |  4608 |  512 |   24 | 1.00 | 0.97 |     283.3 |       286.5 |         180.2 
 abcijk-jkmb-miac |  1536 | 1536 |   24 | 1.00 | 0.75 |     294.9 |       294.2 |         261.9 
 abcijk-jkmc-miab |  1536 | 1536 |   24 | 1.00 | 0.50 |     256.5 |       276.5 |         266.9 
 abcijk-eiab-jkec |  1536 | 1536 |   24 | 1.00 | 0.50 |     249.8 |       263.1 |         263.5 
 abcijk-eiac-jkeb |  1536 | 1536 |   24 | 1.00 | 0.75 |     294.6 |       293.3 |         256.4 
 abcijk-eibc-jkea |   512 | 4608 |   24 | 1.00 | 0.97 |     279.5 |       281.4 |         174.9 
 abcijk-ejab-ikec |  1536 | 1536 |   24 | 1.00 | 0.50 |     268.3 |       262.9 |         267.9 
 abcijk-ejac-ikeb |  1536 | 1536 |   24 | 1.00 | 0.75 |     295.5 |       294.5 |         257.5 
 abcijk-ejbc-ikea |   512 | 4608 |   24 | 1.00 | 0.97 |     282.4 |       285.8 |         176.4 
 abcijk-ekab-ijec |  1536 | 1536 |   24 | 1.00 | 0.50 |     267.5 |       276.3 |         267.1 
 abcijk-ekac-ijeb |  1536 | 1536 |   24 | 1.00 | 0.75 |     296.7 |       293.8 |         257.6 
 abcijk-ekbc-ijea |   512 | 4608 |   24 | 1.00 | 0.97 |     284.9 |       267.6 |         179.4 
       abc-bk-akc |    72 | 3744 |   52 | 0.89 | 1.00 |     342.2 |       330.0 |         190.4 

=== complex efficiency ratio (c64 GF/s over f64 GF/s; 1.0 = no penalty) ===
             case | plan c64/f64 | packed c64/f64 | upstream c64/f64 
------------------+--------------+----------------+------------------
         ij-ik-kj |        1.417 |          1.031 |            1.258 
       ij-ikl-ljk |        1.293 |          1.277 |            1.437 
       ij-kil-lkj |        1.178 |          1.134 |            1.331 
       ijk-ikl-lj |        1.153 |          1.210 |            1.702 
       ijk-il-jlk |        1.013 |          1.019 |            1.423 
       ijk-ilk-jl |        1.112 |          1.108 |            1.744 
       ijk-ilk-lj |        1.187 |          1.132 |            1.726 
     ijk-ilmk-mjl |        1.429 |          1.463 |            2.153 
   ijkl-imjn-lnkm |        1.095 |          1.087 |            1.198 
   ijkl-imjn-nlmk |        1.104 |          1.099 |            1.207 
   ijkl-imkn-jnlm |        1.100 |          1.088 |            1.188 
   ijkl-imkn-njml |        1.088 |          1.104 |            1.198 
   ijkl-imln-jnkm |        1.102 |          1.096 |            1.198 
   ijkl-imln-njmk |        1.087 |          1.098 |            1.208 
   ijkl-imnj-nlkm |        1.101 |          1.097 |            1.191 
   ijkl-imnk-njml |        1.110 |          1.113 |            1.197 
   ijkl-minj-nlmk |        1.097 |          1.088 |            1.195 
   ijkl-mink-jnlm |        1.104 |          1.102 |            1.214 
   ijkl-minl-njmk |        1.091 |          1.102 |            1.190 
     aqrs-pa-pqrs |        0.612 |          0.906 |            1.632 
     abrs-qb-aqrs |        1.553 |          1.852 |            2.445 
     abcs-rc-abrs |        1.401 |          1.386 |            2.526 
       abj-bka-kj |        1.340 |          1.216 |            1.507 
       ajb-kba-jk |        1.083 |          1.122 |            1.461 
     abjc-cbka-kj |        1.605 |          1.666 |            1.927 
     ajbc-ckba-jk |        1.689 |          1.686 |            0.848 
     abjc-kbac-jk |        1.421 |          1.461 |            2.444 
   abjcd-dkbac-jk |        1.706 |          1.793 |            1.999 
   adbjc-cbdka-kj |        2.878 |          2.970 |            3.077 
   ajbdc-ckbad-jk |        1.695 |          1.631 |            1.057 
 abcijk-ijma-mkbc |        1.152 |          1.164 |            1.114 
 abcijk-ijmb-mkac |        1.067 |          1.088 |            1.230 
 abcijk-ijmc-mkab |        1.085 |          1.124 |            1.322 
 abcijk-ikma-mjbc |        1.225 |          1.199 |            1.102 
 abcijk-ikmb-mjac |        1.106 |          1.125 |            1.223 
 abcijk-ikmc-mjab |        1.068 |          1.114 |            1.319 
 abcijk-jkma-mibc |        1.240 |          1.237 |            1.158 
 abcijk-jkmb-miac |        1.229 |          1.197 |            1.280 
 abcijk-jkmc-miab |        1.157 |          1.236 |            1.318 
 abcijk-eiab-jkec |        1.154 |          1.220 |            1.293 
 abcijk-eiac-jkeb |        1.205 |          1.206 |            1.208 
 abcijk-eibc-jkea |        1.211 |          1.214 |            1.130 
 abcijk-ejab-ikec |        1.124 |          1.129 |            1.336 
 abcijk-ejac-ikeb |        1.090 |          1.074 |            1.229 
 abcijk-ejbc-ikea |        1.204 |          1.221 |            1.096 
 abcijk-ekab-ijec |        1.172 |          1.145 |            1.326 
 abcijk-ekac-ijeb |        1.077 |          1.062 |            1.225 
 abcijk-ekbc-ijea |        1.264 |          1.212 |            1.175 
       abc-bk-akc |        1.139 |          1.100 |            1.774 
             MEAN |        1.241 |          1.249 |            1.444 

wrote /home/shinaoka/projects/tensor4all/tprims-benchmark/data/results/zen5-cpu/tcbench/20261009T080245Z/run0-1m-8t.csv
