# threads: requested=4 pool=4 budget=4
host        : shinaoka-EVO-X1Pro
target      : x86_64 / linux
cpu features: avx2 fma avx512f avx512dq 
caches      : L1=48KiB/12-way/2sh L2=1024KiB/16-way/2sh L3=8192KiB/16-way/16sh (via sysfs)
baselines   : tblis=true
tblis       : abi 2.x, 4 thread(s)

running 21 cases at fixed extents (--size is accepted and ignored: this corpus has no size knob), 5 reps, 1500 ms priming, engines=plan,packed,tblis


=== GFLOP/s, best of 5 calls after 1500 ms priming, whole program per call ===
                 case | dtype | steps |     macs | plan GF/s | packed GF/s | tblis GF/s 
----------------------+-------+-------+----------+-----------+-------------+------------
   ikb_knb_inb_n2_b16 |   f64 |     1 |      128 |       0.5 |         0.1 |        0.0 
   ikb_knb_inb_n4_b16 |   f64 |     1 |     1024 |       3.0 |         0.8 |        0.0 
   ikb_knb_inb_n8_b16 |   f64 |     1 |     8192 |      17.2 |         4.1 |        0.2 
  ikb_knb_inb_n16_b16 |   f64 |     1 |    65536 |      35.3 |        13.4 |        0.9 
   ikb_knb_inb_n2_b64 |   f64 |     1 |      512 |       0.8 |         0.2 |        0.0 
   ikb_knb_inb_n4_b64 |   f64 |     1 |     4096 |       3.8 |         1.0 |        0.1 
   ikb_knb_inb_n8_b64 |   f64 |     1 |    32768 |      20.5 |         4.6 |        0.4 
  ikb_knb_inb_n16_b64 |   f64 |     1 |   262144 |      36.9 |        14.5 |        0.9 
  ikb_knb_inb_n2_b256 |   f64 |     1 |     2048 |       0.8 |         0.2 |        0.0 
  ikb_knb_inb_n4_b256 |   f64 |     1 |    16384 |       4.0 |         1.0 |        0.1 
  ikb_knb_inb_n8_b256 |   f64 |     1 |   131072 |      21.5 |         4.7 |        1.1 
 ikb_knb_inb_n16_b256 |   f64 |     1 |  1048576 |     116.3 |        52.4 |        2.9 
    ijk_jkl_il_8x16x8 |   f64 |     1 |     8192 |      28.7 |         5.5 |        1.3 
     ij_jk_ik_c64_n32 |   c64 |     1 |    32768 |      47.6 |        32.5 |       19.6 
     ij_jk_ik_f64_n64 |   f64 |     1 |   262144 |      50.3 |        35.4 |       27.1 
      ij_jk_kl_il_n64 |   f64 |     2 |   524288 |      49.7 |        35.3 |       26.7 
   mps_chain_L32_chi4 |   c64 |    64 |     8192 |       2.9 |         1.3 |        0.1 
   mps_chain_L32_chi8 |   c64 |    64 |    65536 |      13.0 |         6.8 |        0.7 
  mps_chain_L32_chi16 |   c64 |    64 |   524288 |      39.3 |        22.6 |        5.5 
  mps_chain_L32_chi32 |   c64 |    64 |  4194304 |      47.7 |        35.0 |       29.2 
  mps_chain_L32_chi64 |   c64 |    64 | 33554432 |     104.3 |       107.6 |       74.5 

=== notes ===
      ikb_knb_inb_n2_b16  f64 plan         0.0005 ms  faer rel_err=8.58e-17
      ikb_knb_inb_n2_b16  f64 packed       0.0019 ms  avx512.f64.real.24x8 24x8 AB 264x256x1536 policy=auto align=false rel_err=8.58e-17
      ikb_knb_inb_n2_b16  f64 tblis        0.0178 ms  rel_err=8.58e-17
      ikb_knb_inb_n4_b16  f64 plan         0.0007 ms  faer rel_err=2.51e-16
      ikb_knb_inb_n4_b16  f64 packed       0.0025 ms  avx512.f64.real.24x8 24x8 AB 264x256x1536 policy=auto align=false rel_err=2.51e-16
      ikb_knb_inb_n4_b16  f64 tblis        0.0419 ms  rel_err=2.51e-16
      ikb_knb_inb_n8_b16  f64 plan         0.0010 ms  faer rel_err=1.91e-16
      ikb_knb_inb_n8_b16  f64 packed       0.0040 ms  avx512.f64.real.24x8 24x8 AB 264x256x1536 policy=auto align=false rel_err=1.91e-16
      ikb_knb_inb_n8_b16  f64 tblis        0.0997 ms  rel_err=1.91e-16
     ikb_knb_inb_n16_b16  f64 plan         0.0037 ms  faer rel_err=1.89e-16
     ikb_knb_inb_n16_b16  f64 packed       0.0098 ms  avx512.f64.real.24x8 24x8 AB 264x256x1536 policy=auto align=false rel_err=1.89e-16
     ikb_knb_inb_n16_b16  f64 tblis        0.1400 ms  rel_err=1.89e-16
      ikb_knb_inb_n2_b64  f64 plan         0.0014 ms  faer rel_err=1.82e-16
      ikb_knb_inb_n2_b64  f64 packed       0.0061 ms  avx512.f64.real.24x8 24x8 AB 264x256x1536 policy=auto align=false rel_err=1.82e-16
      ikb_knb_inb_n2_b64  f64 tblis        0.0620 ms  rel_err=1.82e-16
      ikb_knb_inb_n4_b64  f64 plan         0.0022 ms  faer rel_err=2.26e-16
      ikb_knb_inb_n4_b64  f64 packed       0.0083 ms  avx512.f64.real.24x8 24x8 AB 264x256x1536 policy=auto align=false rel_err=2.26e-16
      ikb_knb_inb_n4_b64  f64 tblis        0.0618 ms  rel_err=2.26e-16
      ikb_knb_inb_n8_b64  f64 plan         0.0032 ms  faer rel_err=2.69e-16
      ikb_knb_inb_n8_b64  f64 packed       0.0143 ms  avx512.f64.real.24x8 24x8 AB 264x256x1536 policy=auto align=false rel_err=2.69e-16
      ikb_knb_inb_n8_b64  f64 tblis        0.1625 ms  rel_err=2.69e-16
     ikb_knb_inb_n16_b64  f64 plan         0.0142 ms  faer rel_err=3.43e-16
     ikb_knb_inb_n16_b64  f64 packed       0.0362 ms  avx512.f64.real.24x8 24x8 AB 264x256x1536 policy=auto align=false rel_err=3.43e-16
     ikb_knb_inb_n16_b64  f64 tblis        0.5600 ms  rel_err=3.43e-16
     ikb_knb_inb_n2_b256  f64 plan         0.0048 ms  faer rel_err=1.51e-16
     ikb_knb_inb_n2_b256  f64 packed       0.0228 ms  avx512.f64.real.24x8 24x8 AB 264x256x1536 policy=auto align=false rel_err=1.51e-16
     ikb_knb_inb_n2_b256  f64 tblis        0.2312 ms  rel_err=1.51e-16
     ikb_knb_inb_n4_b256  f64 plan         0.0082 ms  faer rel_err=1.73e-16
     ikb_knb_inb_n4_b256  f64 packed       0.0318 ms  avx512.f64.real.24x8 24x8 AB 264x256x1536 policy=auto align=false rel_err=1.73e-16
     ikb_knb_inb_n4_b256  f64 tblis        0.2345 ms  rel_err=1.73e-16
     ikb_knb_inb_n8_b256  f64 plan         0.0122 ms  faer rel_err=2.14e-16
     ikb_knb_inb_n8_b256  f64 packed       0.0553 ms  avx512.f64.real.24x8 24x8 AB 264x256x1536 policy=auto align=false rel_err=2.14e-16
     ikb_knb_inb_n8_b256  f64 tblis        0.2462 ms  rel_err=2.14e-16
    ikb_knb_inb_n16_b256  f64 plan         0.0180 ms  faer rel_err=2.38e-16
    ikb_knb_inb_n16_b256  f64 packed       0.0400 ms  avx512.f64.real.24x8 24x8 AB 264x256x1536 policy=auto align=false rel_err=2.38e-16
    ikb_knb_inb_n16_b256  f64 tblis        0.7208 ms  rel_err=2.38e-16
       ijk_jkl_il_8x16x8  f64 plan         0.0006 ms  faer rel_err=4.06e-16
       ijk_jkl_il_8x16x8  f64 packed       0.0030 ms  avx512.f64.real.24x8 24x8 AB 264x256x1536 policy=auto align=false rel_err=4.06e-16
       ijk_jkl_il_8x16x8  f64 tblis        0.0131 ms  rel_err=4.06e-16
        ij_jk_ik_c64_n32  c64 plan         0.0055 ms  faer rel_err=5.44e-16
        ij_jk_ik_c64_n32  c64 packed       0.0081 ms  avx512.c64.planar.16x6 16x6 AB 128x256x768 policy=auto align=false rel_err=5.44e-16
        ij_jk_ik_c64_n32  c64 tblis        0.0134 ms  rel_err=5.45e-16
        ij_jk_ik_f64_n64  f64 plan         0.0104 ms  faer rel_err=2.36e-16
        ij_jk_ik_f64_n64  f64 packed       0.0148 ms  avx512.f64.real.24x8 24x8 AB 264x256x1536 policy=auto align=false rel_err=2.36e-16
        ij_jk_ik_f64_n64  f64 tblis        0.0194 ms  rel_err=2.36e-16
         ij_jk_kl_il_n64  f64 plan         0.0211 ms  faer rel_err=5.71e-16 steps=2 m/n/k=final-step per-step MxNxK=64x64x64x2
         ij_jk_kl_il_n64  f64 packed       0.0297 ms  avx512.f64.real.24x8 24x8 AB 264x256x1536 policy=auto align=false rel_err=5.71e-16 steps=2 m/n/k=final-step per-step MxNxK=64x64x64x2
         ij_jk_kl_il_n64  f64 tblis        0.0392 ms  rel_err=5.71e-16 steps=2 m/n/k=final-step per-step MxNxK=64x64x64x2
      mps_chain_L32_chi4  c64 plan         0.0228 ms  faer rel_err=2.16e-15 steps=64 m/n/k=final-step per-step MxNxK=4x8x4x32;4x4x8x32
      mps_chain_L32_chi4  c64 packed       0.0509 ms  avx512.c64.planar.16x6 16x6 AB 128x256x768 policy=auto align=false rel_err=1.63e-15 steps=64 m/n/k=final-step per-step MxNxK=4x8x4x32;4x4x8x32
      mps_chain_L32_chi4  c64 tblis        0.5458 ms  rel_err=1.53e-15 steps=64 m/n/k=final-step per-step MxNxK=4x8x4x32;4x4x8x32
      mps_chain_L32_chi8  c64 plan         0.0405 ms  faer rel_err=1.19e-15 steps=64 m/n/k=final-step per-step MxNxK=8x16x8x32;8x8x16x32
      mps_chain_L32_chi8  c64 packed       0.0770 ms  avx512.c64.planar.16x6 16x6 BA 128x256x768 policy=auto align=false | avx512.c64.planar.16x6 16x6 AB 128x256x768 policy=auto align=false rel_err=1.37e-15 steps=64 m/n/k=final-step per-step MxNxK=8x16x8x32;8x8x16x32
      mps_chain_L32_chi8  c64 tblis        0.7308 ms  rel_err=1.40e-15 steps=64 m/n/k=final-step per-step MxNxK=8x16x8x32;8x8x16x32
     mps_chain_L32_chi16  c64 plan         0.1067 ms  faer rel_err=2.63e-15 steps=64 m/n/k=final-step per-step MxNxK=16x32x16x32;16x16x32x32
     mps_chain_L32_chi16  c64 packed       0.1858 ms  avx512.c64.planar.16x6 16x6 AB 128x256x768 policy=auto align=false rel_err=2.66e-15 steps=64 m/n/k=final-step per-step MxNxK=16x32x16x32;16x16x32x32
     mps_chain_L32_chi16  c64 tblis        0.7665 ms  rel_err=1.70e-15 steps=64 m/n/k=final-step per-step MxNxK=16x32x16x32;16x16x32x32
     mps_chain_L32_chi32  c64 plan         0.7038 ms  faer rel_err=3.21e-15 steps=64 m/n/k=final-step per-step MxNxK=32x64x32x32;32x32x64x32
     mps_chain_L32_chi32  c64 packed       0.9584 ms  avx512.c64.planar.16x6 16x6 AB 128x256x768 policy=auto align=false rel_err=3.28e-15 steps=64 m/n/k=final-step per-step MxNxK=32x64x32x32;32x32x64x32
     mps_chain_L32_chi32  c64 tblis        1.1473 ms  rel_err=3.55e-15 steps=64 m/n/k=final-step per-step MxNxK=32x64x32x32;32x32x64x32
     mps_chain_L32_chi64  c64 plan         2.5738 ms  avx512.c64.planar.16x6 16x6 AB 128x256x768 policy=auto align=false rel_err=4.41e-15 steps=64 m/n/k=final-step per-step MxNxK=64x128x64x32;64x64x128x32
     mps_chain_L32_chi64  c64 packed       2.4939 ms  avx512.c64.planar.16x6 16x6 AB 128x256x768 policy=auto align=false rel_err=4.41e-15 steps=64 m/n/k=final-step per-step MxNxK=64x128x64x32;64x64x128x32
     mps_chain_L32_chi64  c64 tblis        3.6030 ms  rel_err=4.10e-15 steps=64 m/n/k=final-step per-step MxNxK=64x128x64x32;64x64x128x32

wrote /home/shinaoka/projects/tensor4all/tprims-benchmark/data/results/zen5-cpu/per-shape/20261010T152119Z/run0-fixed-4t.csv
