# threads: requested=1 pool=1 budget=1
host        : shinaoka-EVO-X1Pro
target      : x86_64 / linux
cpu features: avx2 fma avx512f avx512dq 
caches      : L1=48KiB/12-way/2sh L2=1024KiB/16-way/2sh L3=8192KiB/16-way/16sh (via sysfs)
baselines   : tblis=true
tblis       : abi 2.x, 1 thread(s)

running 21 cases at fixed extents (--size is accepted and ignored: this corpus has no size knob), 5 reps, 1500 ms priming, engines=plan,packed,tblis


=== GFLOP/s, best of 5 calls after 1500 ms priming, whole program per call ===
                 case | dtype | steps |     macs | plan GF/s | packed GF/s | tblis GF/s 
----------------------+-------+-------+----------+-----------+-------------+------------
   ikb_knb_inb_n2_b16 |   f64 |     1 |      128 |       0.5 |         0.1 |        0.0 
   ikb_knb_inb_n4_b16 |   f64 |     1 |     1024 |       3.1 |         0.8 |        0.0 
   ikb_knb_inb_n8_b16 |   f64 |     1 |     8192 |      18.2 |         4.0 |        0.3 
  ikb_knb_inb_n16_b16 |   f64 |     1 |    65536 |      34.9 |        13.3 |        1.8 
   ikb_knb_inb_n2_b64 |   f64 |     1 |      512 |       0.8 |         0.2 |        0.0 
   ikb_knb_inb_n4_b64 |   f64 |     1 |     4096 |       3.9 |         0.9 |        0.0 
   ikb_knb_inb_n8_b64 |   f64 |     1 |    32768 |      20.7 |         4.4 |        0.3 
  ikb_knb_inb_n16_b64 |   f64 |     1 |   262144 |      36.3 |        14.4 |        1.9 
  ikb_knb_inb_n2_b256 |   f64 |     1 |     2048 |       0.8 |         0.2 |        0.0 
  ikb_knb_inb_n4_b256 |   f64 |     1 |    16384 |       4.2 |         1.0 |        0.0 
  ikb_knb_inb_n8_b256 |   f64 |     1 |   131072 |      22.6 |         4.5 |        0.3 
 ikb_knb_inb_n16_b256 |   f64 |     1 |  1048576 |      35.4 |        14.4 |        1.9 
    ijk_jkl_il_8x16x8 |   f64 |     1 |     8192 |      29.7 |         5.1 |        1.7 
     ij_jk_ik_c64_n32 |   c64 |     1 |    32768 |      47.7 |        32.4 |       17.9 
     ij_jk_ik_f64_n64 |   f64 |     1 |   262144 |      50.1 |        34.9 |       18.1 
      ij_jk_kl_il_n64 |   f64 |     2 |   524288 |      49.9 |        34.9 |       18.1 
   mps_chain_L32_chi4 |   c64 |    64 |     8192 |       2.9 |         1.4 |        0.2 
   mps_chain_L32_chi8 |   c64 |    64 |    65536 |      13.1 |         7.3 |        1.5 
  mps_chain_L32_chi16 |   c64 |    64 |   524288 |      40.0 |        23.2 |        7.8 
  mps_chain_L32_chi32 |   c64 |    64 |  4194304 |      47.7 |        35.1 |       22.0 
  mps_chain_L32_chi64 |   c64 |    64 | 33554432 |      40.0 |        40.0 |       31.5 

=== notes ===
      ikb_knb_inb_n2_b16  f64 plan         0.0005 ms  faer rel_err=8.58e-17
      ikb_knb_inb_n2_b16  f64 packed       0.0019 ms  avx512.f64.real.24x8 24x8 AB 264x256x1536 policy=auto align=false rel_err=8.58e-17
      ikb_knb_inb_n2_b16  f64 tblis        0.0527 ms  rel_err=8.58e-17
      ikb_knb_inb_n4_b16  f64 plan         0.0007 ms  faer rel_err=2.51e-16
      ikb_knb_inb_n4_b16  f64 packed       0.0025 ms  avx512.f64.real.24x8 24x8 AB 264x256x1536 policy=auto align=false rel_err=2.51e-16
      ikb_knb_inb_n4_b16  f64 tblis        0.0536 ms  rel_err=2.51e-16
      ikb_knb_inb_n8_b16  f64 plan         0.0009 ms  faer rel_err=1.91e-16
      ikb_knb_inb_n8_b16  f64 packed       0.0041 ms  avx512.f64.real.24x8 24x8 AB 264x256x1536 policy=auto align=false rel_err=1.91e-16
      ikb_knb_inb_n8_b16  f64 tblis        0.0577 ms  rel_err=1.91e-16
     ikb_knb_inb_n16_b16  f64 plan         0.0038 ms  faer rel_err=1.89e-16
     ikb_knb_inb_n16_b16  f64 packed       0.0098 ms  avx512.f64.real.24x8 24x8 AB 264x256x1536 policy=auto align=false rel_err=1.89e-16
     ikb_knb_inb_n16_b16  f64 tblis        0.0726 ms  rel_err=1.89e-16
      ikb_knb_inb_n2_b64  f64 plan         0.0013 ms  faer rel_err=1.82e-16
      ikb_knb_inb_n2_b64  f64 packed       0.0060 ms  avx512.f64.real.24x8 24x8 AB 264x256x1536 policy=auto align=false rel_err=1.82e-16
      ikb_knb_inb_n2_b64  f64 tblis        0.2048 ms  rel_err=1.82e-16
      ikb_knb_inb_n4_b64  f64 plan         0.0021 ms  faer rel_err=2.26e-16
      ikb_knb_inb_n4_b64  f64 packed       0.0090 ms  avx512.f64.real.24x8 24x8 AB 264x256x1536 policy=auto align=false rel_err=2.26e-16
      ikb_knb_inb_n4_b64  f64 tblis        0.2131 ms  rel_err=2.26e-16
      ikb_knb_inb_n8_b64  f64 plan         0.0032 ms  faer rel_err=2.69e-16
      ikb_knb_inb_n8_b64  f64 packed       0.0148 ms  avx512.f64.real.24x8 24x8 AB 264x256x1536 policy=auto align=false rel_err=2.69e-16
      ikb_knb_inb_n8_b64  f64 tblis        0.2249 ms  rel_err=2.69e-16
     ikb_knb_inb_n16_b64  f64 plan         0.0144 ms  faer rel_err=3.43e-16
     ikb_knb_inb_n16_b64  f64 packed       0.0363 ms  avx512.f64.real.24x8 24x8 AB 264x256x1536 policy=auto align=false rel_err=3.43e-16
     ikb_knb_inb_n16_b64  f64 tblis        0.2825 ms  rel_err=3.43e-16
     ikb_knb_inb_n2_b256  f64 plan         0.0049 ms  faer rel_err=1.51e-16
     ikb_knb_inb_n2_b256  f64 packed       0.0242 ms  avx512.f64.real.24x8 24x8 AB 264x256x1536 policy=auto align=false rel_err=1.51e-16
     ikb_knb_inb_n2_b256  f64 tblis        0.8121 ms  rel_err=1.51e-16
     ikb_knb_inb_n4_b256  f64 plan         0.0077 ms  faer rel_err=1.73e-16
     ikb_knb_inb_n4_b256  f64 packed       0.0336 ms  avx512.f64.real.24x8 24x8 AB 264x256x1536 policy=auto align=false rel_err=1.73e-16
     ikb_knb_inb_n4_b256  f64 tblis        0.8276 ms  rel_err=1.73e-16
     ikb_knb_inb_n8_b256  f64 plan         0.0116 ms  faer rel_err=2.14e-16
     ikb_knb_inb_n8_b256  f64 packed       0.0577 ms  avx512.f64.real.24x8 24x8 AB 264x256x1536 policy=auto align=false rel_err=2.14e-16
     ikb_knb_inb_n8_b256  f64 tblis        0.8909 ms  rel_err=2.14e-16
    ikb_knb_inb_n16_b256  f64 plan         0.0593 ms  faer rel_err=2.38e-16
    ikb_knb_inb_n16_b256  f64 packed       0.1461 ms  avx512.f64.real.24x8 24x8 AB 264x256x1536 policy=auto align=false rel_err=2.38e-16
    ikb_knb_inb_n16_b256  f64 tblis        1.1270 ms  rel_err=2.38e-16
       ijk_jkl_il_8x16x8  f64 plan         0.0006 ms  faer rel_err=4.06e-16
       ijk_jkl_il_8x16x8  f64 packed       0.0032 ms  avx512.f64.real.24x8 24x8 AB 264x256x1536 policy=auto align=false rel_err=4.06e-16
       ijk_jkl_il_8x16x8  f64 tblis        0.0096 ms  rel_err=4.06e-16
        ij_jk_ik_c64_n32  c64 plan         0.0055 ms  faer rel_err=5.44e-16
        ij_jk_ik_c64_n32  c64 packed       0.0081 ms  avx512.c64.planar.16x6 16x6 AB 128x256x768 policy=auto align=false rel_err=5.44e-16
        ij_jk_ik_c64_n32  c64 tblis        0.0147 ms  rel_err=5.45e-16
        ij_jk_ik_f64_n64  f64 plan         0.0105 ms  faer rel_err=2.36e-16
        ij_jk_ik_f64_n64  f64 packed       0.0150 ms  avx512.f64.real.24x8 24x8 AB 264x256x1536 policy=auto align=false rel_err=2.36e-16
        ij_jk_ik_f64_n64  f64 tblis        0.0289 ms  rel_err=2.36e-16
         ij_jk_kl_il_n64  f64 plan         0.0210 ms  faer rel_err=5.71e-16 steps=2 m/n/k=final-step per-step MxNxK=64x64x64x2
         ij_jk_kl_il_n64  f64 packed       0.0301 ms  avx512.f64.real.24x8 24x8 AB 264x256x1536 policy=auto align=false rel_err=5.71e-16 steps=2 m/n/k=final-step per-step MxNxK=64x64x64x2
         ij_jk_kl_il_n64  f64 tblis        0.0579 ms  rel_err=5.71e-16 steps=2 m/n/k=final-step per-step MxNxK=64x64x64x2
      mps_chain_L32_chi4  c64 plan         0.0228 ms  faer rel_err=2.16e-15 steps=64 m/n/k=final-step per-step MxNxK=4x8x4x32;4x4x8x32
      mps_chain_L32_chi4  c64 packed       0.0456 ms  avx512.c64.planar.16x6 16x6 AB 128x256x768 policy=auto align=false rel_err=1.63e-15 steps=64 m/n/k=final-step per-step MxNxK=4x8x4x32;4x4x8x32
      mps_chain_L32_chi4  c64 tblis        0.3089 ms  rel_err=1.53e-15 steps=64 m/n/k=final-step per-step MxNxK=4x8x4x32;4x4x8x32
      mps_chain_L32_chi8  c64 plan         0.0402 ms  faer rel_err=1.19e-15 steps=64 m/n/k=final-step per-step MxNxK=8x16x8x32;8x8x16x32
      mps_chain_L32_chi8  c64 packed       0.0719 ms  avx512.c64.planar.16x6 16x6 BA 128x256x768 policy=auto align=false | avx512.c64.planar.16x6 16x6 AB 128x256x768 policy=auto align=false rel_err=1.37e-15 steps=64 m/n/k=final-step per-step MxNxK=8x16x8x32;8x8x16x32
      mps_chain_L32_chi8  c64 tblis        0.3532 ms  rel_err=1.40e-15 steps=64 m/n/k=final-step per-step MxNxK=8x16x8x32;8x8x16x32
     mps_chain_L32_chi16  c64 plan         0.1050 ms  faer rel_err=2.63e-15 steps=64 m/n/k=final-step per-step MxNxK=16x32x16x32;16x16x32x32
     mps_chain_L32_chi16  c64 packed       0.1808 ms  avx512.c64.planar.16x6 16x6 AB 128x256x768 policy=auto align=false rel_err=2.66e-15 steps=64 m/n/k=final-step per-step MxNxK=16x32x16x32;16x16x32x32
     mps_chain_L32_chi16  c64 tblis        0.5353 ms  rel_err=1.70e-15 steps=64 m/n/k=final-step per-step MxNxK=16x32x16x32;16x16x32x32
     mps_chain_L32_chi32  c64 plan         0.7041 ms  faer rel_err=3.21e-15 steps=64 m/n/k=final-step per-step MxNxK=32x64x32x32;32x32x64x32
     mps_chain_L32_chi32  c64 packed       0.9566 ms  avx512.c64.planar.16x6 16x6 AB 128x256x768 policy=auto align=false rel_err=3.28e-15 steps=64 m/n/k=final-step per-step MxNxK=32x64x32x32;32x32x64x32
     mps_chain_L32_chi32  c64 tblis        1.5230 ms  rel_err=3.55e-15 steps=64 m/n/k=final-step per-step MxNxK=32x64x32x32;32x32x64x32
     mps_chain_L32_chi64  c64 plan         6.7122 ms  avx512.c64.planar.16x6 16x6 AB 128x256x768 policy=auto align=false rel_err=4.41e-15 steps=64 m/n/k=final-step per-step MxNxK=64x128x64x32;64x64x128x32
     mps_chain_L32_chi64  c64 packed       6.7076 ms  avx512.c64.planar.16x6 16x6 AB 128x256x768 policy=auto align=false rel_err=4.41e-15 steps=64 m/n/k=final-step per-step MxNxK=64x128x64x32;64x64x128x32
     mps_chain_L32_chi64  c64 tblis        8.5234 ms  rel_err=4.10e-15 steps=64 m/n/k=final-step per-step MxNxK=64x128x64x32;64x64x128x32

wrote /home/shinaoka/projects/tensor4all/tprims-benchmark/data/results/zen5-cpu/per-shape/20261010T012831Z/run0-fixed-1t.csv
