# threads: requested=4 pool=4 budget=4
host        : shinaoka-EVO-X1Pro
target      : x86_64 / linux
cpu features: avx2 fma avx512f avx512dq 
caches      : L1=48KiB/12-way/2sh L2=1024KiB/16-way/2sh L3=8192KiB/16-way/16sh (via sysfs)
baselines   : tblis=true
tblis       : abi 2.x, 4 thread(s)

running 21 cases at fixed extents (--size is accepted and ignored: this corpus has no size knob), 5 reps, 1500 ms priming, engines=plan,packed,tblis


=== GFLOP/s, best of 5 calls after 1500 ms priming, whole program per call ===
                 case | dtype | steps |     macs | plan GF/s | packed GF/s | tblis GF/s 
----------------------+-------+-------+----------+-----------+-------------+------------
   ikb_knb_inb_n2_b16 |   f64 |     1 |      128 |       0.5 |         0.1 |        0.0 
   ikb_knb_inb_n4_b16 |   f64 |     1 |     1024 |       3.1 |         0.8 |        0.0 
   ikb_knb_inb_n8_b16 |   f64 |     1 |     8192 |      17.6 |         4.3 |        0.2 
  ikb_knb_inb_n16_b16 |   f64 |     1 |    65536 |      35.0 |        14.3 |        1.0 
   ikb_knb_inb_n2_b64 |   f64 |     1 |      512 |       0.8 |         0.2 |        0.0 
   ikb_knb_inb_n4_b64 |   f64 |     1 |     4096 |       4.1 |         1.0 |        0.1 
   ikb_knb_inb_n8_b64 |   f64 |     1 |    32768 |      20.3 |         4.5 |        0.4 
  ikb_knb_inb_n16_b64 |   f64 |     1 |   262144 |      36.6 |        14.9 |        1.1 
  ikb_knb_inb_n2_b256 |   f64 |     1 |     2048 |       0.8 |         0.2 |        0.0 
  ikb_knb_inb_n4_b256 |   f64 |     1 |    16384 |       4.3 |         1.0 |        0.1 
  ikb_knb_inb_n8_b256 |   f64 |     1 |   131072 |      22.1 |         4.7 |        1.0 
 ikb_knb_inb_n16_b256 |   f64 |     1 |  1048576 |     115.2 |        53.8 |        2.9 
    ijk_jkl_il_8x16x8 |   f64 |     1 |     8192 |      29.2 |         5.7 |        1.3 
     ij_jk_ik_c64_n32 |   c64 |     1 |    32768 |      47.9 |        32.5 |       19.2 
     ij_jk_ik_f64_n64 |   f64 |     1 |   262144 |      50.3 |        35.4 |       20.5 
      ij_jk_kl_il_n64 |   f64 |     2 |   524288 |      50.3 |        35.3 |       26.9 
   mps_chain_L32_chi4 |   c64 |    64 |     8192 |       3.0 |         1.4 |        0.1 
   mps_chain_L32_chi8 |   c64 |    64 |    65536 |      13.5 |         7.4 |        0.7 
  mps_chain_L32_chi16 |   c64 |    64 |   524288 |      40.4 |        23.1 |        5.1 
  mps_chain_L32_chi32 |   c64 |    64 |  4194304 |      47.9 |        35.4 |       31.2 
  mps_chain_L32_chi64 |   c64 |    64 | 33554432 |     104.5 |       104.3 |       73.9 

=== notes ===
      ikb_knb_inb_n2_b16  f64 plan         0.0005 ms  faer rel_err=8.58e-17
      ikb_knb_inb_n2_b16  f64 packed       0.0019 ms  avx512.f64.real.24x8 24x8 AB 264x256x1536 policy=auto align=false rel_err=8.58e-17
      ikb_knb_inb_n2_b16  f64 tblis        0.0186 ms  rel_err=8.58e-17
      ikb_knb_inb_n4_b16  f64 plan         0.0007 ms  faer rel_err=2.51e-16
      ikb_knb_inb_n4_b16  f64 packed       0.0025 ms  avx512.f64.real.24x8 24x8 AB 264x256x1536 policy=auto align=false rel_err=2.51e-16
      ikb_knb_inb_n4_b16  f64 tblis        0.0419 ms  rel_err=2.51e-16
      ikb_knb_inb_n8_b16  f64 plan         0.0009 ms  faer rel_err=1.91e-16
      ikb_knb_inb_n8_b16  f64 packed       0.0038 ms  avx512.f64.real.24x8 24x8 AB 264x256x1536 policy=auto align=false rel_err=1.91e-16
      ikb_knb_inb_n8_b16  f64 tblis        0.0990 ms  rel_err=1.91e-16
     ikb_knb_inb_n16_b16  f64 plan         0.0037 ms  faer rel_err=1.89e-16
     ikb_knb_inb_n16_b16  f64 packed       0.0092 ms  avx512.f64.real.24x8 24x8 AB 264x256x1536 policy=auto align=false rel_err=1.89e-16
     ikb_knb_inb_n16_b16  f64 tblis        0.1291 ms  rel_err=1.89e-16
      ikb_knb_inb_n2_b64  f64 plan         0.0013 ms  faer rel_err=1.82e-16
      ikb_knb_inb_n2_b64  f64 packed       0.0059 ms  avx512.f64.real.24x8 24x8 AB 264x256x1536 policy=auto align=false rel_err=1.82e-16
      ikb_knb_inb_n2_b64  f64 tblis        0.0613 ms  rel_err=1.82e-16
      ikb_knb_inb_n4_b64  f64 plan         0.0020 ms  faer rel_err=2.26e-16
      ikb_knb_inb_n4_b64  f64 packed       0.0083 ms  avx512.f64.real.24x8 24x8 AB 264x256x1536 policy=auto align=false rel_err=2.26e-16
      ikb_knb_inb_n4_b64  f64 tblis        0.0622 ms  rel_err=2.26e-16
      ikb_knb_inb_n8_b64  f64 plan         0.0032 ms  faer rel_err=2.69e-16
      ikb_knb_inb_n8_b64  f64 packed       0.0145 ms  avx512.f64.real.24x8 24x8 AB 264x256x1536 policy=auto align=false rel_err=2.69e-16
      ikb_knb_inb_n8_b64  f64 tblis        0.1657 ms  rel_err=2.69e-16
     ikb_knb_inb_n16_b64  f64 plan         0.0143 ms  faer rel_err=3.43e-16
     ikb_knb_inb_n16_b64  f64 packed       0.0353 ms  avx512.f64.real.24x8 24x8 AB 264x256x1536 policy=auto align=false rel_err=3.43e-16
     ikb_knb_inb_n16_b64  f64 tblis        0.4693 ms  rel_err=3.43e-16
     ikb_knb_inb_n2_b256  f64 plan         0.0048 ms  faer rel_err=1.51e-16
     ikb_knb_inb_n2_b256  f64 packed       0.0224 ms  avx512.f64.real.24x8 24x8 AB 264x256x1536 policy=auto align=false rel_err=1.51e-16
     ikb_knb_inb_n2_b256  f64 tblis        0.2287 ms  rel_err=1.51e-16
     ikb_knb_inb_n4_b256  f64 plan         0.0076 ms  faer rel_err=1.73e-16
     ikb_knb_inb_n4_b256  f64 packed       0.0325 ms  avx512.f64.real.24x8 24x8 AB 264x256x1536 policy=auto align=false rel_err=1.73e-16
     ikb_knb_inb_n4_b256  f64 tblis        0.2354 ms  rel_err=1.73e-16
     ikb_knb_inb_n8_b256  f64 plan         0.0118 ms  faer rel_err=2.14e-16
     ikb_knb_inb_n8_b256  f64 packed       0.0562 ms  avx512.f64.real.24x8 24x8 AB 264x256x1536 policy=auto align=false rel_err=2.14e-16
     ikb_knb_inb_n8_b256  f64 tblis        0.2575 ms  rel_err=2.14e-16
    ikb_knb_inb_n16_b256  f64 plan         0.0182 ms  faer rel_err=2.38e-16
    ikb_knb_inb_n16_b256  f64 packed       0.0390 ms  avx512.f64.real.24x8 24x8 AB 264x256x1536 policy=auto align=false rel_err=2.38e-16
    ikb_knb_inb_n16_b256  f64 tblis        0.7215 ms  rel_err=2.38e-16
       ijk_jkl_il_8x16x8  f64 plan         0.0006 ms  faer rel_err=4.06e-16
       ijk_jkl_il_8x16x8  f64 packed       0.0029 ms  avx512.f64.real.24x8 24x8 AB 264x256x1536 policy=auto align=false rel_err=4.06e-16
       ijk_jkl_il_8x16x8  f64 tblis        0.0127 ms  rel_err=4.06e-16
        ij_jk_ik_c64_n32  c64 plan         0.0055 ms  faer rel_err=5.44e-16
        ij_jk_ik_c64_n32  c64 packed       0.0081 ms  avx512.c64.planar.16x6 16x6 AB 128x256x768 policy=auto align=false rel_err=5.44e-16
        ij_jk_ik_c64_n32  c64 tblis        0.0136 ms  rel_err=5.45e-16
        ij_jk_ik_f64_n64  f64 plan         0.0104 ms  faer rel_err=2.36e-16
        ij_jk_ik_f64_n64  f64 packed       0.0148 ms  avx512.f64.real.24x8 24x8 AB 264x256x1536 policy=auto align=false rel_err=2.36e-16
        ij_jk_ik_f64_n64  f64 tblis        0.0255 ms  rel_err=2.36e-16
         ij_jk_kl_il_n64  f64 plan         0.0209 ms  faer rel_err=5.71e-16 steps=2 m/n/k=final-step per-step MxNxK=64x64x64x2
         ij_jk_kl_il_n64  f64 packed       0.0297 ms  avx512.f64.real.24x8 24x8 AB 264x256x1536 policy=auto align=false rel_err=5.71e-16 steps=2 m/n/k=final-step per-step MxNxK=64x64x64x2
         ij_jk_kl_il_n64  f64 tblis        0.0390 ms  rel_err=5.71e-16 steps=2 m/n/k=final-step per-step MxNxK=64x64x64x2
      mps_chain_L32_chi4  c64 plan         0.0218 ms  faer rel_err=2.16e-15 steps=64 m/n/k=final-step per-step MxNxK=4x8x4x32;4x4x8x32
      mps_chain_L32_chi4  c64 packed       0.0453 ms  avx512.c64.planar.16x6 16x6 AB 128x256x768 policy=auto align=false rel_err=1.63e-15 steps=64 m/n/k=final-step per-step MxNxK=4x8x4x32;4x4x8x32
      mps_chain_L32_chi4  c64 tblis        0.5737 ms  rel_err=1.53e-15 steps=64 m/n/k=final-step per-step MxNxK=4x8x4x32;4x4x8x32
      mps_chain_L32_chi8  c64 plan         0.0388 ms  faer rel_err=1.19e-15 steps=64 m/n/k=final-step per-step MxNxK=8x16x8x32;8x8x16x32
      mps_chain_L32_chi8  c64 packed       0.0711 ms  avx512.c64.planar.16x6 16x6 BA 128x256x768 policy=auto align=false | avx512.c64.planar.16x6 16x6 AB 128x256x768 policy=auto align=false rel_err=1.37e-15 steps=64 m/n/k=final-step per-step MxNxK=8x16x8x32;8x8x16x32
      mps_chain_L32_chi8  c64 tblis        0.7023 ms  rel_err=1.40e-15 steps=64 m/n/k=final-step per-step MxNxK=8x16x8x32;8x8x16x32
     mps_chain_L32_chi16  c64 plan         0.1039 ms  faer rel_err=2.63e-15 steps=64 m/n/k=final-step per-step MxNxK=16x32x16x32;16x16x32x32
     mps_chain_L32_chi16  c64 packed       0.1812 ms  avx512.c64.planar.16x6 16x6 AB 128x256x768 policy=auto align=false rel_err=2.66e-15 steps=64 m/n/k=final-step per-step MxNxK=16x32x16x32;16x16x32x32
     mps_chain_L32_chi16  c64 tblis        0.8179 ms  rel_err=1.70e-15 steps=64 m/n/k=final-step per-step MxNxK=16x32x16x32;16x16x32x32
     mps_chain_L32_chi32  c64 plan         0.7003 ms  faer rel_err=3.21e-15 steps=64 m/n/k=final-step per-step MxNxK=32x64x32x32;32x32x64x32
     mps_chain_L32_chi32  c64 packed       0.9468 ms  avx512.c64.planar.16x6 16x6 AB 128x256x768 policy=auto align=false rel_err=3.28e-15 steps=64 m/n/k=final-step per-step MxNxK=32x64x32x32;32x32x64x32
     mps_chain_L32_chi32  c64 tblis        1.0742 ms  rel_err=3.55e-15 steps=64 m/n/k=final-step per-step MxNxK=32x64x32x32;32x32x64x32
     mps_chain_L32_chi64  c64 plan         2.5684 ms  avx512.c64.planar.16x6 16x6 AB 128x256x768 policy=auto align=false rel_err=4.41e-15 steps=64 m/n/k=final-step per-step MxNxK=64x128x64x32;64x64x128x32
     mps_chain_L32_chi64  c64 packed       2.5745 ms  avx512.c64.planar.16x6 16x6 AB 128x256x768 policy=auto align=false rel_err=4.41e-15 steps=64 m/n/k=final-step per-step MxNxK=64x128x64x32;64x64x128x32
     mps_chain_L32_chi64  c64 tblis        3.6312 ms  rel_err=4.10e-15 steps=64 m/n/k=final-step per-step MxNxK=64x128x64x32;64x64x128x32

wrote /home/shinaoka/projects/tensor4all/tprims-benchmark/data/results/zen5-cpu/per-shape/20261010T012831Z/run0-fixed-4t.csv
